Run: 01, Epoch: 01, Loss: 2.5380
Run: 01, Epoch: 02, Loss: 6.5108
Run: 01, Epoch: 03, Loss: 6.1451
Run: 01, Epoch: 04, Loss: 3.7242
Run: 01, Epoch: 05, Loss: 1.7316
Run: 01, Epoch: 06, Loss: 3.0233
Run: 01, Epoch: 07, Loss: 2.6973
Run: 01, Epoch: 08, Loss: 2.3745
Run: 01, Epoch: 09, Loss: 1.8520
Run: 01, Epoch: 10, Loss: 1.2954
Run: 01, Epoch: 10, Loss: 1.2954, Train: 33.39%, Valid: 33.39%, Test: 33.27%
Run: 01, Epoch: 11, Loss: 1.4992
Run: 01, Epoch: 12, Loss: 1.6672
Run: 01, Epoch: 13, Loss: 1.5186
Run: 01, Epoch: 14, Loss: 1.2786
Run: 01, Epoch: 15, Loss: 1.1650
Run: 01, Epoch: 16, Loss: 1.1738
Run: 01, Epoch: 17, Loss: 1.1655
Run: 01, Epoch: 18, Loss: 1.1253
Run: 01, Epoch: 19, Loss: 1.1093
Run: 01, Epoch: 20, Loss: 1.1103
Run: 01, Epoch: 20, Loss: 1.1103, Train: 38.99%, Valid: 39.92%, Test: 38.28%
Run: 01, Epoch: 21, Loss: 1.1029
Run: 01, Epoch: 22, Loss: 1.0831
Run: 01, Epoch: 23, Loss: 1.0671
Run: 01, Epoch: 24, Loss: 1.0557
Run: 01, Epoch: 25, Loss: 1.0460
Run: 01, Epoch: 26, Loss: 1.0450
Run: 01, Epoch: 27, Loss: 1.0349
Run: 01, Epoch: 28, Loss: 1.0263
Run: 01, Epoch: 29, Loss: 1.0092
Run: 01, Epoch: 30, Loss: 0.9949
Run: 01, Epoch: 30, Loss: 0.9949, Train: 56.27%, Valid: 55.97%, Test: 56.02%
Run: 01, Epoch: 31, Loss: 1.0041
Run: 01, Epoch: 32, Loss: 1.0058
Run: 01, Epoch: 33, Loss: 0.9992
Run: 01, Epoch: 34, Loss: 0.9853
Run: 01, Epoch: 35, Loss: 0.9876
Run: 01, Epoch: 36, Loss: 0.9896
Run: 01, Epoch: 37, Loss: 0.9850
Run: 01, Epoch: 38, Loss: 0.9829
Run: 01, Epoch: 39, Loss: 0.9755
Run: 01, Epoch: 40, Loss: 0.9750
Run: 01, Epoch: 40, Loss: 0.9750, Train: 54.09%, Valid: 54.51%, Test: 53.83%
Run: 01, Epoch: 41, Loss: 0.9740
Run: 01, Epoch: 42, Loss: 0.9770
Run: 01, Epoch: 43, Loss: 0.9665
Run: 01, Epoch: 44, Loss: 0.9635
Run: 01, Epoch: 45, Loss: 0.9598
Run: 01, Epoch: 46, Loss: 0.9636
Run: 01, Epoch: 47, Loss: 0.9620
Run: 01, Epoch: 48, Loss: 0.9544
Run: 01, Epoch: 49, Loss: 0.9545
Run: 01, Epoch: 50, Loss: 0.9504
Run: 01, Epoch: 50, Loss: 0.9504, Train: 58.32%, Valid: 59.17%, Test: 58.75%
Run: 01, Epoch: 51, Loss: 0.9494
Run: 01, Epoch: 52, Loss: 0.9476
Run: 01, Epoch: 53, Loss: 0.9475
Run: 01, Epoch: 54, Loss: 0.9485
Run: 01, Epoch: 55, Loss: 0.9448
Run: 01, Epoch: 56, Loss: 0.9437
Run: 01, Epoch: 57, Loss: 0.9429
Run: 01, Epoch: 58, Loss: 0.9398
Run: 01, Epoch: 59, Loss: 0.9416
Run: 01, Epoch: 60, Loss: 0.9424
Run: 01, Epoch: 60, Loss: 0.9424, Train: 58.73%, Valid: 59.47%, Test: 58.97%
Run: 01, Epoch: 61, Loss: 0.9421
Run: 01, Epoch: 62, Loss: 0.9404
Run: 01, Epoch: 63, Loss: 0.9350
Run: 01, Epoch: 64, Loss: 0.9410
Run: 01, Epoch: 65, Loss: 0.9399
Run: 01, Epoch: 66, Loss: 0.9352
Run: 01, Epoch: 67, Loss: 0.9344
Run: 01, Epoch: 68, Loss: 0.9315
Run: 01, Epoch: 69, Loss: 0.9326
Run: 01, Epoch: 70, Loss: 0.9308
Run: 01, Epoch: 70, Loss: 0.9308, Train: 59.53%, Valid: 60.23%, Test: 59.89%
Run: 01, Epoch: 71, Loss: 0.9337
Run: 01, Epoch: 72, Loss: 0.9294
Run: 01, Epoch: 73, Loss: 0.9302
Run: 01, Epoch: 74, Loss: 0.9302
Run: 01, Epoch: 75, Loss: 0.9260
Run: 01, Epoch: 76, Loss: 0.9293
Run: 01, Epoch: 77, Loss: 0.9285
Run: 01, Epoch: 78, Loss: 0.9257
Run: 01, Epoch: 79, Loss: 0.9258
Run: 01, Epoch: 80, Loss: 0.9245
Run: 01, Epoch: 80, Loss: 0.9245, Train: 59.72%, Valid: 60.10%, Test: 59.80%
Run: 01, Epoch: 81, Loss: 0.9250
Run: 01, Epoch: 82, Loss: 0.9254
Run: 01, Epoch: 83, Loss: 0.9260
Run: 01, Epoch: 84, Loss: 0.9247
Run: 01, Epoch: 85, Loss: 0.9240
Run: 01, Epoch: 86, Loss: 0.9244
Run: 01, Epoch: 87, Loss: 0.9231
Run: 01, Epoch: 88, Loss: 0.9207
Run: 01, Epoch: 89, Loss: 0.9213
Run: 01, Epoch: 90, Loss: 0.9272
Run: 01, Epoch: 90, Loss: 0.9272, Train: 59.82%, Valid: 60.44%, Test: 59.84%
Run: 01, Epoch: 91, Loss: 0.9208
Run: 01, Epoch: 92, Loss: 0.9214
Run: 01, Epoch: 93, Loss: 0.9194
Run: 01, Epoch: 94, Loss: 0.9197
Run: 01, Epoch: 95, Loss: 0.9216
Run: 01, Epoch: 96, Loss: 0.9189
Run: 01, Epoch: 97, Loss: 0.9202
Run: 01, Epoch: 98, Loss: 0.9214
Run: 01, Epoch: 99, Loss: 0.9180
Run: 01, Epoch: 100, Loss: 0.9179
Run: 01, Epoch: 100, Loss: 0.9179, Train: 59.91%, Valid: 60.58%, Test: 60.21%
Run: 01, Epoch: 101, Loss: 0.9161
Run: 01, Epoch: 102, Loss: 0.9175
Run: 01, Epoch: 103, Loss: 0.9158
Run: 01, Epoch: 104, Loss: 0.9173
Run: 01, Epoch: 105, Loss: 0.9198
Run: 01, Epoch: 106, Loss: 0.9162
Run: 01, Epoch: 107, Loss: 0.9189
Run: 01, Epoch: 108, Loss: 0.9160
Run: 01, Epoch: 109, Loss: 0.9180
Run: 01, Epoch: 110, Loss: 0.9156
Run: 01, Epoch: 110, Loss: 0.9156, Train: 59.86%, Valid: 60.53%, Test: 60.13%
Run: 01, Epoch: 111, Loss: 0.9161
Run: 01, Epoch: 112, Loss: 0.9136
Run: 01, Epoch: 113, Loss: 0.9139
Run: 01, Epoch: 114, Loss: 0.9151
Run: 01, Epoch: 115, Loss: 0.9148
Run: 01, Epoch: 116, Loss: 0.9167
Run: 01, Epoch: 117, Loss: 0.9115
Run: 01, Epoch: 118, Loss: 0.9123
Run: 01, Epoch: 119, Loss: 0.9131
Run: 01, Epoch: 120, Loss: 0.9123
Run: 01, Epoch: 120, Loss: 0.9123, Train: 59.84%, Valid: 60.91%, Test: 60.07%
Run: 01, Epoch: 121, Loss: 0.9110
Run: 01, Epoch: 122, Loss: 0.9120
Run: 01, Epoch: 123, Loss: 0.9122
Run: 01, Epoch: 124, Loss: 0.9118
Run: 01, Epoch: 125, Loss: 0.9110
Run: 01, Epoch: 126, Loss: 0.9116
Run: 01, Epoch: 127, Loss: 0.9108
Run: 01, Epoch: 128, Loss: 0.9068
Run: 01, Epoch: 129, Loss: 0.9091
Run: 01, Epoch: 130, Loss: 0.9114
Run: 01, Epoch: 130, Loss: 0.9114, Train: 60.15%, Valid: 60.57%, Test: 60.17%
Run: 01, Epoch: 131, Loss: 0.9057
Run: 01, Epoch: 132, Loss: 0.9107
Run: 01, Epoch: 133, Loss: 0.9091
Run: 01, Epoch: 134, Loss: 0.9109
Run: 01, Epoch: 135, Loss: 0.9086
Run: 01, Epoch: 136, Loss: 0.9115
Run: 01, Epoch: 137, Loss: 0.9071
Run: 01, Epoch: 138, Loss: 0.9097
Run: 01, Epoch: 139, Loss: 0.9070
Run: 01, Epoch: 140, Loss: 0.9090
Run: 01, Epoch: 140, Loss: 0.9090, Train: 60.43%, Valid: 60.64%, Test: 60.53%
Run: 01, Epoch: 141, Loss: 0.9066
Run: 01, Epoch: 142, Loss: 0.9070
Run: 01, Epoch: 143, Loss: 0.9087
Run: 01, Epoch: 144, Loss: 0.9072
Run: 01, Epoch: 145, Loss: 0.9086
Run: 01, Epoch: 146, Loss: 0.9099
Run: 01, Epoch: 147, Loss: 0.9106
Run: 01, Epoch: 148, Loss: 0.9073
Run: 01, Epoch: 149, Loss: 0.9054
Run: 01, Epoch: 150, Loss: 0.9135
Run: 01, Epoch: 150, Loss: 0.9135, Train: 60.30%, Valid: 60.88%, Test: 60.15%
Run 01:
Highest Train: 60.43
Highest Valid: 60.91
  Final Train: 59.84
   Final Test: 60.07
All runs:
Highest Train: 60.43 ± nan
Highest Valid: 60.91 ± nan
  Final Train: 59.84 ± nan
   Final Test: 60.07 ± nan
