Run: 01, Epoch: 01, Loss: 1.2721
Run: 01, Epoch: 02, Loss: 1.0993
Run: 01, Epoch: 03, Loss: 1.0978
Run: 01, Epoch: 04, Loss: 1.0990
Run: 01, Epoch: 05, Loss: 1.0989
Run: 01, Epoch: 06, Loss: 1.0962
Run: 01, Epoch: 07, Loss: 1.0956
Run: 01, Epoch: 08, Loss: 1.0958
Run: 01, Epoch: 09, Loss: 1.0909
Run: 01, Epoch: 10, Loss: 1.0917
Run: 01, Epoch: 10, Loss: 1.0917, Train: 34.13%, Valid: 34.31%, Test: 33.94%
Run: 01, Epoch: 11, Loss: 1.0970
Run: 01, Epoch: 12, Loss: 1.0917
Run: 01, Epoch: 12, Loss: 1.0917, Train: 33.65%, Valid: 34.08%, Test: 33.58%
Run: 01, Epoch: 13, Loss: 1.0958
Run: 01, Epoch: 14, Loss: 1.0792
Run: 01, Epoch: 14, Loss: 1.0792, Train: 37.81%, Valid: 38.60%, Test: 37.88%
Run: 01, Epoch: 15, Loss: 1.0794
Run: 01, Epoch: 16, Loss: 1.0642
Run: 01, Epoch: 16, Loss: 1.0642, Train: 47.39%, Valid: 48.59%, Test: 48.16%
Run: 01, Epoch: 17, Loss: 1.0704
Run: 01, Epoch: 18, Loss: 1.0587
Run: 01, Epoch: 18, Loss: 1.0587, Train: 40.19%, Valid: 40.58%, Test: 39.20%
Run: 01, Epoch: 19, Loss: 1.0714
Run: 01, Epoch: 20, Loss: 1.0866
Run: 01, Epoch: 20, Loss: 1.0866, Train: 48.27%, Valid: 48.05%, Test: 48.41%
Run: 01, Epoch: 21, Loss: 1.0712
Run: 01, Epoch: 22, Loss: 1.0519
Run: 01, Epoch: 22, Loss: 1.0519, Train: 46.65%, Valid: 45.96%, Test: 45.82%
Run: 01, Epoch: 23, Loss: 1.0548
Run: 01, Epoch: 24, Loss: 1.0702
Run: 01, Epoch: 24, Loss: 1.0702, Train: 50.01%, Valid: 50.04%, Test: 50.66%
Run: 01, Epoch: 25, Loss: 1.0670
Run: 01, Epoch: 26, Loss: 1.0632
Run: 01, Epoch: 26, Loss: 1.0632, Train: 46.98%, Valid: 47.53%, Test: 46.70%
Run: 01, Epoch: 27, Loss: 1.0621
Run: 01, Epoch: 28, Loss: 1.0508
Run: 01, Epoch: 28, Loss: 1.0508, Train: 46.81%, Valid: 47.23%, Test: 45.70%
Run: 01, Epoch: 29, Loss: 1.0662
Run: 01, Epoch: 30, Loss: 1.0588
Run: 01, Epoch: 30, Loss: 1.0588, Train: 44.96%, Valid: 46.19%, Test: 44.01%
Run: 01, Epoch: 31, Loss: 1.0580
Run: 01, Epoch: 32, Loss: 1.0638
Run: 01, Epoch: 32, Loss: 1.0638, Train: 40.51%, Valid: 41.49%, Test: 40.02%
Run: 01, Epoch: 33, Loss: 1.0528
Run: 01, Epoch: 34, Loss: 1.0584
Run: 01, Epoch: 34, Loss: 1.0584, Train: 45.04%, Valid: 45.43%, Test: 44.26%
Run: 01, Epoch: 35, Loss: 1.0639
Run: 01, Epoch: 36, Loss: 1.0518
Run: 01, Epoch: 36, Loss: 1.0518, Train: 39.18%, Valid: 39.69%, Test: 39.33%
Run: 01, Epoch: 37, Loss: 1.0452
Run: 01, Epoch: 38, Loss: 1.0494
Run: 01, Epoch: 38, Loss: 1.0494, Train: 48.39%, Valid: 47.53%, Test: 47.72%
Run: 01, Epoch: 39, Loss: 1.0622
Run: 01, Epoch: 40, Loss: 1.0579
Run: 01, Epoch: 40, Loss: 1.0579, Train: 43.30%, Valid: 44.34%, Test: 43.56%
Run: 01, Epoch: 41, Loss: 1.0566
Run: 01, Epoch: 42, Loss: 1.0492
Run: 01, Epoch: 42, Loss: 1.0492, Train: 39.41%, Valid: 39.53%, Test: 38.70%
Run: 01, Epoch: 43, Loss: 1.0442
Run: 01, Epoch: 44, Loss: 1.0488
Run: 01, Epoch: 44, Loss: 1.0488, Train: 42.69%, Valid: 42.58%, Test: 41.88%
Run: 01, Epoch: 45, Loss: 1.0390
Run: 01, Epoch: 46, Loss: 1.0454
Run: 01, Epoch: 46, Loss: 1.0454, Train: 46.26%, Valid: 46.31%, Test: 45.52%
Run: 01, Epoch: 47, Loss: 1.0452
Run: 01, Epoch: 48, Loss: 1.0544
Run: 01, Epoch: 48, Loss: 1.0544, Train: 35.10%, Valid: 35.08%, Test: 35.11%
Run: 01, Epoch: 49, Loss: 1.0544
Run: 01, Epoch: 50, Loss: 1.0488
Run: 01, Epoch: 50, Loss: 1.0488, Train: 49.41%, Valid: 48.75%, Test: 50.36%
Run: 01, Epoch: 51, Loss: 1.0435
Run: 01, Epoch: 52, Loss: 1.0538
Run: 01, Epoch: 52, Loss: 1.0538, Train: 41.75%, Valid: 41.24%, Test: 40.22%
Run: 01, Epoch: 53, Loss: 1.0487
Run: 01, Epoch: 54, Loss: 1.0560
Run: 01, Epoch: 54, Loss: 1.0560, Train: 48.20%, Valid: 48.00%, Test: 48.42%
Run: 01, Epoch: 55, Loss: 1.0379
Run: 01, Epoch: 56, Loss: 1.0603
Run: 01, Epoch: 56, Loss: 1.0603, Train: 58.30%, Valid: 58.24%, Test: 57.91%
Run: 01, Epoch: 57, Loss: 1.0514
Run: 01, Epoch: 58, Loss: 1.0510
Run: 01, Epoch: 58, Loss: 1.0510, Train: 45.07%, Valid: 45.13%, Test: 45.04%
Run: 01, Epoch: 59, Loss: 1.0568
Run: 01, Epoch: 60, Loss: 1.0457
Run: 01, Epoch: 60, Loss: 1.0457, Train: 56.53%, Valid: 56.12%, Test: 55.42%
Run: 01, Epoch: 61, Loss: 1.0667
Run: 01, Epoch: 62, Loss: 1.0542
Run: 01, Epoch: 62, Loss: 1.0542, Train: 48.01%, Valid: 47.39%, Test: 47.94%
Run: 01, Epoch: 63, Loss: 1.0388
Run: 01, Epoch: 64, Loss: 1.0530
Run: 01, Epoch: 64, Loss: 1.0530, Train: 53.36%, Valid: 52.78%, Test: 54.71%
Run: 01, Epoch: 65, Loss: 1.0518
Run: 01, Epoch: 66, Loss: 1.0510
Run: 01, Epoch: 66, Loss: 1.0510, Train: 44.63%, Valid: 44.55%, Test: 43.84%
Run: 01, Epoch: 67, Loss: 1.0388
Run: 01, Epoch: 68, Loss: 1.0463
Run: 01, Epoch: 68, Loss: 1.0463, Train: 46.52%, Valid: 46.95%, Test: 47.60%
Run: 01, Epoch: 69, Loss: 1.0434
Run: 01, Epoch: 70, Loss: 1.0533
Run: 01, Epoch: 70, Loss: 1.0533, Train: 36.26%, Valid: 36.67%, Test: 36.33%
Run: 01, Epoch: 71, Loss: 1.0607
Run: 01, Epoch: 72, Loss: 1.0557
Run: 01, Epoch: 72, Loss: 1.0557, Train: 46.89%, Valid: 47.44%, Test: 46.64%
Run: 01, Epoch: 73, Loss: 1.0460
Run: 01, Epoch: 74, Loss: 1.0530
Run: 01, Epoch: 74, Loss: 1.0530, Train: 47.98%, Valid: 47.82%, Test: 47.40%
Run: 01, Epoch: 75, Loss: 1.0475
Run: 01, Epoch: 76, Loss: 1.0499
Run: 01, Epoch: 76, Loss: 1.0499, Train: 52.75%, Valid: 52.43%, Test: 51.46%
Run: 01, Epoch: 77, Loss: 1.0482
Run: 01, Epoch: 78, Loss: 1.0395
Run: 01, Epoch: 78, Loss: 1.0395, Train: 47.58%, Valid: 47.20%, Test: 47.83%
Run: 01, Epoch: 79, Loss: 1.0475
Run: 01, Epoch: 80, Loss: 1.0548
Run: 01, Epoch: 80, Loss: 1.0548, Train: 41.44%, Valid: 41.79%, Test: 41.87%
Run: 01, Epoch: 81, Loss: 1.0574
Run: 01, Epoch: 82, Loss: 1.0584
Run: 01, Epoch: 82, Loss: 1.0584, Train: 45.22%, Valid: 46.17%, Test: 45.65%
Run: 01, Epoch: 83, Loss: 1.0438
Run: 01, Epoch: 84, Loss: 1.0499
Run: 01, Epoch: 84, Loss: 1.0499, Train: 43.00%, Valid: 43.55%, Test: 43.50%
Run: 01, Epoch: 85, Loss: 1.0463
Run: 01, Epoch: 86, Loss: 1.0527
Run: 01, Epoch: 86, Loss: 1.0527, Train: 54.62%, Valid: 54.37%, Test: 55.23%
Run: 01, Epoch: 87, Loss: 1.0512
Run: 01, Epoch: 88, Loss: 1.0509
Run: 01, Epoch: 88, Loss: 1.0509, Train: 39.19%, Valid: 39.24%, Test: 39.43%
Run: 01, Epoch: 89, Loss: 1.0527
Run: 01, Epoch: 90, Loss: 1.0628
Run: 01, Epoch: 90, Loss: 1.0628, Train: 47.99%, Valid: 47.64%, Test: 47.64%
Run: 01, Epoch: 91, Loss: 1.0552
Run: 01, Epoch: 92, Loss: 1.0488
Run: 01, Epoch: 92, Loss: 1.0488, Train: 39.93%, Valid: 40.38%, Test: 40.28%
Run: 01, Epoch: 93, Loss: 1.0501
Run: 01, Epoch: 94, Loss: 1.0523
Run: 01, Epoch: 94, Loss: 1.0523, Train: 38.75%, Valid: 39.54%, Test: 38.51%
Run: 01, Epoch: 95, Loss: 1.0318
Run: 01, Epoch: 96, Loss: 1.0528
Run: 01, Epoch: 96, Loss: 1.0528, Train: 57.02%, Valid: 56.73%, Test: 57.17%
Run: 01, Epoch: 97, Loss: 1.0475
Run: 01, Epoch: 98, Loss: 1.0537
Run: 01, Epoch: 98, Loss: 1.0537, Train: 38.01%, Valid: 38.73%, Test: 37.87%
Run: 01, Epoch: 99, Loss: 1.0541
Run: 01, Epoch: 100, Loss: 1.0554
Run: 01, Epoch: 100, Loss: 1.0554, Train: 46.25%, Valid: 46.27%, Test: 45.79%
Run: 01, Epoch: 101, Loss: 1.0560
Run: 01, Epoch: 102, Loss: 1.0518
Run: 01, Epoch: 102, Loss: 1.0518, Train: 47.89%, Valid: 46.91%, Test: 46.70%
Run: 01, Epoch: 103, Loss: 1.0347
Run: 01, Epoch: 104, Loss: 1.0513
Run: 01, Epoch: 104, Loss: 1.0513, Train: 49.54%, Valid: 49.68%, Test: 48.56%
Run: 01, Epoch: 105, Loss: 1.0618
Run: 01, Epoch: 106, Loss: 1.0398
Run: 01, Epoch: 106, Loss: 1.0398, Train: 48.49%, Valid: 47.77%, Test: 48.63%
Run: 01, Epoch: 107, Loss: 1.0538
Run: 01, Epoch: 108, Loss: 1.0476
Run: 01, Epoch: 108, Loss: 1.0476, Train: 54.83%, Valid: 55.92%, Test: 53.74%
Run: 01, Epoch: 109, Loss: 1.0465
Run: 01, Epoch: 110, Loss: 1.0669
Run: 01, Epoch: 110, Loss: 1.0669, Train: 41.83%, Valid: 42.16%, Test: 40.73%
Run: 01, Epoch: 111, Loss: 1.0446
Run: 01, Epoch: 112, Loss: 1.0456
Run: 01, Epoch: 112, Loss: 1.0456, Train: 52.11%, Valid: 52.66%, Test: 51.39%
Run: 01, Epoch: 113, Loss: 1.0437
Run: 01, Epoch: 114, Loss: 1.0632
Run: 01, Epoch: 114, Loss: 1.0632, Train: 35.73%, Valid: 36.06%, Test: 35.50%
Run: 01, Epoch: 115, Loss: 1.0650
Run: 01, Epoch: 116, Loss: 1.0411
Run: 01, Epoch: 116, Loss: 1.0411, Train: 43.31%, Valid: 42.61%, Test: 43.91%
Run: 01, Epoch: 117, Loss: 1.0466
Run: 01, Epoch: 118, Loss: 1.0496
Run: 01, Epoch: 118, Loss: 1.0496, Train: 54.46%, Valid: 54.42%, Test: 54.39%
Run: 01, Epoch: 119, Loss: 1.0575
Run: 01, Epoch: 120, Loss: 1.0580
Run: 01, Epoch: 120, Loss: 1.0580, Train: 50.52%, Valid: 50.02%, Test: 50.11%
Run: 01, Epoch: 121, Loss: 1.0468
Run: 01, Epoch: 122, Loss: 1.0428
Run: 01, Epoch: 122, Loss: 1.0428, Train: 50.70%, Valid: 49.95%, Test: 51.02%
Run: 01, Epoch: 123, Loss: 1.0465
Run: 01, Epoch: 124, Loss: 1.0461
Run: 01, Epoch: 124, Loss: 1.0461, Train: 49.15%, Valid: 49.16%, Test: 49.38%
Run: 01, Epoch: 125, Loss: 1.0461
Run: 01, Epoch: 126, Loss: 1.0583
Run: 01, Epoch: 126, Loss: 1.0583, Train: 51.89%, Valid: 51.52%, Test: 52.63%
Run: 01, Epoch: 127, Loss: 1.0425
Run: 01, Epoch: 128, Loss: 1.0496
Run: 01, Epoch: 128, Loss: 1.0496, Train: 52.90%, Valid: 52.50%, Test: 51.65%
Run: 01, Epoch: 129, Loss: 1.0441
Run: 01, Epoch: 130, Loss: 1.0534
Run: 01, Epoch: 130, Loss: 1.0534, Train: 49.98%, Valid: 48.56%, Test: 50.28%
Run: 01, Epoch: 131, Loss: 1.0408
Run: 01, Epoch: 132, Loss: 1.0555
Run: 01, Epoch: 132, Loss: 1.0555, Train: 52.14%, Valid: 52.26%, Test: 51.28%
Run: 01, Epoch: 133, Loss: 1.0550
Run: 01, Epoch: 134, Loss: 1.0500
Run: 01, Epoch: 134, Loss: 1.0500, Train: 53.43%, Valid: 53.65%, Test: 53.38%
Run: 01, Epoch: 135, Loss: 1.0428
Run: 01, Epoch: 136, Loss: 1.0510
Run: 01, Epoch: 136, Loss: 1.0510, Train: 54.32%, Valid: 54.16%, Test: 54.41%
Run: 01, Epoch: 137, Loss: 1.0433
Run: 01, Epoch: 138, Loss: 1.0388
Run: 01, Epoch: 138, Loss: 1.0388, Train: 55.55%, Valid: 55.87%, Test: 55.40%
Run: 01, Epoch: 139, Loss: 1.0353
Run: 01, Epoch: 140, Loss: 1.0554
Run: 01, Epoch: 140, Loss: 1.0554, Train: 55.06%, Valid: 54.80%, Test: 54.87%
Run: 01, Epoch: 141, Loss: 1.0482
Run: 01, Epoch: 142, Loss: 1.0457
Run: 01, Epoch: 142, Loss: 1.0457, Train: 45.41%, Valid: 45.19%, Test: 45.98%
Run: 01, Epoch: 143, Loss: 1.0471
Run: 01, Epoch: 144, Loss: 1.0368
Run: 01, Epoch: 144, Loss: 1.0368, Train: 51.80%, Valid: 51.21%, Test: 50.81%
Run: 01, Epoch: 145, Loss: 1.0530
Run: 01, Epoch: 146, Loss: 1.0613
Run: 01, Epoch: 146, Loss: 1.0613, Train: 44.37%, Valid: 44.30%, Test: 43.74%
Run: 01, Epoch: 147, Loss: 1.0564
Run: 01, Epoch: 148, Loss: 1.0547
Run: 01, Epoch: 148, Loss: 1.0547, Train: 53.11%, Valid: 52.52%, Test: 52.20%
Run: 01, Epoch: 149, Loss: 1.0631
Run: 01, Epoch: 150, Loss: 1.0429
Run: 01, Epoch: 150, Loss: 1.0429, Train: 45.42%, Valid: 45.87%, Test: 45.45%
Run 01:
Highest Train: 58.30
Highest Valid: 58.24
  Final Train: 58.30
   Final Test: 57.91
All runs:
Highest Train: 58.30 ± nan
Highest Valid: 58.24 ± nan
  Final Train: 58.30 ± nan
   Final Test: 57.91 ± nan
