Run: 01, Epoch: 01, Loss: 1.6939
Run: 01, Epoch: 02, Loss: 1.0984
Run: 01, Epoch: 03, Loss: 1.0950
Run: 01, Epoch: 04, Loss: 1.0924
Run: 01, Epoch: 05, Loss: 1.1001
Run: 01, Epoch: 06, Loss: 1.0983
Run: 01, Epoch: 07, Loss: 1.0963
Run: 01, Epoch: 08, Loss: 1.0916
Run: 01, Epoch: 09, Loss: 1.0905
Run: 01, Epoch: 10, Loss: 1.0876
Run: 01, Epoch: 10, Loss: 1.0876, Train: 49.77%, Valid: 48.88%, Test: 50.17%
Run: 01, Epoch: 11, Loss: 1.0923
Run: 01, Epoch: 12, Loss: 1.0864
Run: 01, Epoch: 12, Loss: 1.0864, Train: 48.78%, Valid: 48.87%, Test: 49.94%
Run: 01, Epoch: 13, Loss: 1.0903
Run: 01, Epoch: 14, Loss: 1.0858
Run: 01, Epoch: 14, Loss: 1.0858, Train: 39.57%, Valid: 39.05%, Test: 39.91%
Run: 01, Epoch: 15, Loss: 1.0833
Run: 01, Epoch: 16, Loss: 1.0863
Run: 01, Epoch: 16, Loss: 1.0863, Train: 51.12%, Valid: 51.26%, Test: 51.45%
Run: 01, Epoch: 17, Loss: 1.0861
Run: 01, Epoch: 18, Loss: 1.0897
Run: 01, Epoch: 18, Loss: 1.0897, Train: 42.47%, Valid: 42.41%, Test: 42.78%
Run: 01, Epoch: 19, Loss: 1.0844
Run: 01, Epoch: 20, Loss: 1.0798
Run: 01, Epoch: 20, Loss: 1.0798, Train: 50.25%, Valid: 50.63%, Test: 51.01%
Run: 01, Epoch: 21, Loss: 1.0783
Run: 01, Epoch: 22, Loss: 1.0809
Run: 01, Epoch: 22, Loss: 1.0809, Train: 45.45%, Valid: 45.81%, Test: 46.51%
Run: 01, Epoch: 23, Loss: 1.0714
Run: 01, Epoch: 24, Loss: 1.0804
Run: 01, Epoch: 24, Loss: 1.0804, Train: 40.65%, Valid: 40.27%, Test: 41.26%
Run: 01, Epoch: 25, Loss: 1.0820
Run: 01, Epoch: 26, Loss: 1.0819
Run: 01, Epoch: 26, Loss: 1.0819, Train: 49.66%, Valid: 50.33%, Test: 49.00%
Run: 01, Epoch: 27, Loss: 1.0841
Run: 01, Epoch: 28, Loss: 1.0793
Run: 01, Epoch: 28, Loss: 1.0793, Train: 44.03%, Valid: 44.36%, Test: 43.87%
Run: 01, Epoch: 29, Loss: 1.0740
Run: 01, Epoch: 30, Loss: 1.0764
Run: 01, Epoch: 30, Loss: 1.0764, Train: 50.32%, Valid: 50.90%, Test: 50.61%
Run: 01, Epoch: 31, Loss: 1.0815
Run: 01, Epoch: 32, Loss: 1.0829
Run: 01, Epoch: 32, Loss: 1.0829, Train: 46.00%, Valid: 46.41%, Test: 46.25%
Run: 01, Epoch: 33, Loss: 1.0749
Run: 01, Epoch: 34, Loss: 1.0679
Run: 01, Epoch: 34, Loss: 1.0679, Train: 49.19%, Valid: 49.55%, Test: 49.58%
Run: 01, Epoch: 35, Loss: 1.0823
Run: 01, Epoch: 36, Loss: 1.0794
Run: 01, Epoch: 36, Loss: 1.0794, Train: 50.14%, Valid: 50.41%, Test: 50.33%
Run: 01, Epoch: 37, Loss: 1.0766
Run: 01, Epoch: 38, Loss: 1.0763
Run: 01, Epoch: 38, Loss: 1.0763, Train: 50.35%, Valid: 51.50%, Test: 51.25%
Run: 01, Epoch: 39, Loss: 1.0756
Run: 01, Epoch: 40, Loss: 1.0745
Run: 01, Epoch: 40, Loss: 1.0745, Train: 50.95%, Valid: 51.56%, Test: 51.17%
Run: 01, Epoch: 41, Loss: 1.0751
Run: 01, Epoch: 42, Loss: 1.0780
Run: 01, Epoch: 42, Loss: 1.0780, Train: 39.31%, Valid: 39.52%, Test: 40.08%
Run: 01, Epoch: 43, Loss: 1.0821
Run: 01, Epoch: 44, Loss: 1.0746
Run: 01, Epoch: 44, Loss: 1.0746, Train: 46.55%, Valid: 47.31%, Test: 46.57%
Run: 01, Epoch: 45, Loss: 1.0816
Run: 01, Epoch: 46, Loss: 1.0829
Run: 01, Epoch: 46, Loss: 1.0829, Train: 48.73%, Valid: 49.62%, Test: 49.56%
Run: 01, Epoch: 47, Loss: 1.0717
Run: 01, Epoch: 48, Loss: 1.0823
Run: 01, Epoch: 48, Loss: 1.0823, Train: 45.86%, Valid: 45.92%, Test: 45.68%
Run: 01, Epoch: 49, Loss: 1.0817
Run: 01, Epoch: 50, Loss: 1.0828
Run: 01, Epoch: 50, Loss: 1.0828, Train: 49.70%, Valid: 49.69%, Test: 49.57%
Run: 01, Epoch: 51, Loss: 1.0810
Run: 01, Epoch: 52, Loss: 1.0898
Run: 01, Epoch: 52, Loss: 1.0898, Train: 46.74%, Valid: 47.23%, Test: 46.58%
Run: 01, Epoch: 53, Loss: 1.0800
Run: 01, Epoch: 54, Loss: 1.0820
Run: 01, Epoch: 54, Loss: 1.0820, Train: 45.19%, Valid: 46.12%, Test: 45.66%
Run: 01, Epoch: 55, Loss: 1.0870
Run: 01, Epoch: 56, Loss: 1.0775
Run: 01, Epoch: 56, Loss: 1.0775, Train: 49.80%, Valid: 49.78%, Test: 49.49%
Run: 01, Epoch: 57, Loss: 1.0759
Run: 01, Epoch: 58, Loss: 1.0849
Run: 01, Epoch: 58, Loss: 1.0849, Train: 49.95%, Valid: 50.08%, Test: 49.64%
Run: 01, Epoch: 59, Loss: 1.0707
Run: 01, Epoch: 60, Loss: 1.0743
Run: 01, Epoch: 60, Loss: 1.0743, Train: 49.98%, Valid: 51.12%, Test: 50.36%
Run: 01, Epoch: 61, Loss: 1.0951
Run: 01, Epoch: 62, Loss: 1.0920
Run: 01, Epoch: 62, Loss: 1.0920, Train: 35.60%, Valid: 35.08%, Test: 35.40%
Run: 01, Epoch: 63, Loss: 1.0834
Run: 01, Epoch: 64, Loss: 1.0813
Run: 01, Epoch: 64, Loss: 1.0813, Train: 38.28%, Valid: 38.41%, Test: 38.45%
Run: 01, Epoch: 65, Loss: 1.0802
Run: 01, Epoch: 66, Loss: 1.0767
Run: 01, Epoch: 66, Loss: 1.0767, Train: 46.80%, Valid: 47.31%, Test: 46.47%
Run: 01, Epoch: 67, Loss: 1.0742
Run: 01, Epoch: 68, Loss: 1.0844
Run: 01, Epoch: 68, Loss: 1.0844, Train: 49.18%, Valid: 49.46%, Test: 49.11%
Run: 01, Epoch: 69, Loss: 1.0846
Run: 01, Epoch: 70, Loss: 1.0813
Run: 01, Epoch: 70, Loss: 1.0813, Train: 47.81%, Valid: 48.48%, Test: 47.57%
Run: 01, Epoch: 71, Loss: 1.0805
Run: 01, Epoch: 72, Loss: 1.0836
Run: 01, Epoch: 72, Loss: 1.0836, Train: 42.87%, Valid: 43.36%, Test: 42.74%
Run: 01, Epoch: 73, Loss: 1.0852
Run: 01, Epoch: 74, Loss: 1.0802
Run: 01, Epoch: 74, Loss: 1.0802, Train: 35.49%, Valid: 35.57%, Test: 35.56%
Run: 01, Epoch: 75, Loss: 1.0803
Run: 01, Epoch: 76, Loss: 1.0714
Run: 01, Epoch: 76, Loss: 1.0714, Train: 50.00%, Valid: 50.68%, Test: 50.57%
Run: 01, Epoch: 77, Loss: 1.0816
Run: 01, Epoch: 78, Loss: 1.0904
Run: 01, Epoch: 78, Loss: 1.0904, Train: 49.02%, Valid: 49.36%, Test: 48.26%
Run: 01, Epoch: 79, Loss: 1.0776
Run: 01, Epoch: 80, Loss: 1.0719
Run: 01, Epoch: 80, Loss: 1.0719, Train: 49.56%, Valid: 49.86%, Test: 49.66%
Run: 01, Epoch: 81, Loss: 1.0834
Run: 01, Epoch: 82, Loss: 1.0831
Run: 01, Epoch: 82, Loss: 1.0831, Train: 46.30%, Valid: 46.83%, Test: 45.74%
Run: 01, Epoch: 83, Loss: 1.0750
Run: 01, Epoch: 84, Loss: 1.0849
Run: 01, Epoch: 84, Loss: 1.0849, Train: 48.14%, Valid: 47.89%, Test: 47.90%
Run: 01, Epoch: 85, Loss: 1.0860
Run: 01, Epoch: 86, Loss: 1.0805
Run: 01, Epoch: 86, Loss: 1.0805, Train: 49.31%, Valid: 49.98%, Test: 49.48%
Run: 01, Epoch: 87, Loss: 1.0726
Run: 01, Epoch: 88, Loss: 1.0852
Run: 01, Epoch: 88, Loss: 1.0852, Train: 48.28%, Valid: 48.48%, Test: 48.36%
Run: 01, Epoch: 89, Loss: 1.0842
Run: 01, Epoch: 90, Loss: 1.0799
Run: 01, Epoch: 90, Loss: 1.0799, Train: 46.71%, Valid: 46.88%, Test: 46.58%
Run: 01, Epoch: 91, Loss: 1.0855
Run: 01, Epoch: 92, Loss: 1.0849
Run: 01, Epoch: 92, Loss: 1.0849, Train: 48.08%, Valid: 49.06%, Test: 48.18%
Run: 01, Epoch: 93, Loss: 1.0879
Run: 01, Epoch: 94, Loss: 1.0840
Run: 01, Epoch: 94, Loss: 1.0840, Train: 49.78%, Valid: 49.76%, Test: 49.98%
Run: 01, Epoch: 95, Loss: 1.0799
Run: 01, Epoch: 96, Loss: 1.0894
Run: 01, Epoch: 96, Loss: 1.0894, Train: 39.41%, Valid: 40.12%, Test: 39.21%
Run: 01, Epoch: 97, Loss: 1.0872
Run: 01, Epoch: 98, Loss: 1.0839
Run: 01, Epoch: 98, Loss: 1.0839, Train: 35.37%, Valid: 35.55%, Test: 35.47%
Run: 01, Epoch: 99, Loss: 1.0831
Run: 01, Epoch: 100, Loss: 1.0814
Run: 01, Epoch: 100, Loss: 1.0814, Train: 39.03%, Valid: 39.21%, Test: 39.28%
Run: 01, Epoch: 101, Loss: 1.0783
Run: 01, Epoch: 102, Loss: 1.0930
Run: 01, Epoch: 102, Loss: 1.0930, Train: 45.01%, Valid: 45.68%, Test: 45.59%
Run: 01, Epoch: 103, Loss: 1.0849
Run: 01, Epoch: 104, Loss: 1.0832
Run: 01, Epoch: 104, Loss: 1.0832, Train: 39.56%, Valid: 40.03%, Test: 39.60%
Run: 01, Epoch: 105, Loss: 1.0886
Run: 01, Epoch: 106, Loss: 1.0874
Run: 01, Epoch: 106, Loss: 1.0874, Train: 43.87%, Valid: 44.07%, Test: 43.44%
Run: 01, Epoch: 107, Loss: 1.0843
Run: 01, Epoch: 108, Loss: 1.0852
Run: 01, Epoch: 108, Loss: 1.0852, Train: 40.84%, Valid: 41.11%, Test: 40.94%
Run: 01, Epoch: 109, Loss: 1.0850
Run: 01, Epoch: 110, Loss: 1.0786
Run: 01, Epoch: 110, Loss: 1.0786, Train: 45.47%, Valid: 46.24%, Test: 45.03%
Run: 01, Epoch: 111, Loss: 1.0802
Run: 01, Epoch: 112, Loss: 1.0764
Run: 01, Epoch: 112, Loss: 1.0764, Train: 48.05%, Valid: 47.93%, Test: 47.96%
Run: 01, Epoch: 113, Loss: 1.0787
Run: 01, Epoch: 114, Loss: 1.0834
Run: 01, Epoch: 114, Loss: 1.0834, Train: 47.38%, Valid: 47.68%, Test: 47.30%
Run: 01, Epoch: 115, Loss: 1.0794
Run: 01, Epoch: 116, Loss: 1.0853
Run: 01, Epoch: 116, Loss: 1.0853, Train: 33.73%, Valid: 33.74%, Test: 33.74%
Run: 01, Epoch: 117, Loss: 1.1016
Run: 01, Epoch: 118, Loss: 1.0978
Run: 01, Epoch: 118, Loss: 1.0978, Train: 33.47%, Valid: 33.48%, Test: 33.47%
Run: 01, Epoch: 119, Loss: 1.0990
Run: 01, Epoch: 120, Loss: 1.0969
Run: 01, Epoch: 120, Loss: 1.0969, Train: 38.77%, Valid: 39.08%, Test: 38.92%
Run: 01, Epoch: 121, Loss: 1.0945
Run: 01, Epoch: 122, Loss: 1.0897
Run: 01, Epoch: 122, Loss: 1.0897, Train: 48.49%, Valid: 48.47%, Test: 48.02%
Run: 01, Epoch: 123, Loss: 1.0775
Run: 01, Epoch: 124, Loss: 1.0756
Run: 01, Epoch: 124, Loss: 1.0756, Train: 49.62%, Valid: 50.24%, Test: 49.43%
Run: 01, Epoch: 125, Loss: 1.0822
Run: 01, Epoch: 126, Loss: 1.0838
Run: 01, Epoch: 126, Loss: 1.0838, Train: 49.31%, Valid: 49.82%, Test: 49.13%
Run: 01, Epoch: 127, Loss: 1.0789
Run: 01, Epoch: 128, Loss: 1.0816
Run: 01, Epoch: 128, Loss: 1.0816, Train: 46.45%, Valid: 46.91%, Test: 46.56%
Run: 01, Epoch: 129, Loss: 1.0908
Run: 01, Epoch: 130, Loss: 1.0823
Run: 01, Epoch: 130, Loss: 1.0823, Train: 48.37%, Valid: 49.33%, Test: 48.77%
Run: 01, Epoch: 131, Loss: 1.0858
Run: 01, Epoch: 132, Loss: 1.0922
Run: 01, Epoch: 132, Loss: 1.0922, Train: 41.79%, Valid: 42.11%, Test: 41.55%
Run: 01, Epoch: 133, Loss: 1.0879
Run: 01, Epoch: 134, Loss: 1.0907
Run: 01, Epoch: 134, Loss: 1.0907, Train: 42.37%, Valid: 42.87%, Test: 42.30%
Run: 01, Epoch: 135, Loss: 1.0808
Run: 01, Epoch: 136, Loss: 1.0796
Run: 01, Epoch: 136, Loss: 1.0796, Train: 43.90%, Valid: 44.14%, Test: 44.31%
Run: 01, Epoch: 137, Loss: 1.0831
Run: 01, Epoch: 138, Loss: 1.0933
Run: 01, Epoch: 138, Loss: 1.0933, Train: 33.34%, Valid: 33.34%, Test: 33.34%
Run: 01, Epoch: 139, Loss: 1.0825
Run: 01, Epoch: 140, Loss: 1.0804
Run: 01, Epoch: 140, Loss: 1.0804, Train: 48.34%, Valid: 49.32%, Test: 48.12%
Run: 01, Epoch: 141, Loss: 1.0877
Run: 01, Epoch: 142, Loss: 1.0786
Run: 01, Epoch: 142, Loss: 1.0786, Train: 40.88%, Valid: 40.87%, Test: 40.97%
Run: 01, Epoch: 143, Loss: 1.0904
Run: 01, Epoch: 144, Loss: 1.0885
Run: 01, Epoch: 144, Loss: 1.0885, Train: 41.79%, Valid: 41.77%, Test: 41.57%
Run: 01, Epoch: 145, Loss: 1.0863
Run: 01, Epoch: 146, Loss: 1.0816
Run: 01, Epoch: 146, Loss: 1.0816, Train: 48.45%, Valid: 48.29%, Test: 48.41%
Run: 01, Epoch: 147, Loss: 1.0903
Run: 01, Epoch: 148, Loss: 1.0982
Run: 01, Epoch: 148, Loss: 1.0982, Train: 33.33%, Valid: 33.33%, Test: 33.33%
Run: 01, Epoch: 149, Loss: 1.0978
Run: 01, Epoch: 150, Loss: 1.0980
Run: 01, Epoch: 150, Loss: 1.0980, Train: 33.33%, Valid: 33.33%, Test: 33.33%
Run 01:
Highest Train: 51.12
Highest Valid: 51.56
  Final Train: 50.95
   Final Test: 51.17
All runs:
Highest Train: 51.12 ± nan
Highest Valid: 51.56 ± nan
  Final Train: 50.95 ± nan
   Final Test: 51.17 ± nan
