Run: 01, Epoch: 01, Loss: 1.4379
Run: 01, Epoch: 02, Loss: 1.0933
Run: 01, Epoch: 03, Loss: 1.0983
Run: 01, Epoch: 04, Loss: 1.0973
Run: 01, Epoch: 05, Loss: 1.0976
Run: 01, Epoch: 06, Loss: 1.0977
Run: 01, Epoch: 07, Loss: 1.0982
Run: 01, Epoch: 08, Loss: 1.0978
Run: 01, Epoch: 09, Loss: 1.1011
Run: 01, Epoch: 10, Loss: 1.0972
Run: 01, Epoch: 10, Loss: 1.0972, Train: 33.33%, Valid: 33.33%, Test: 33.33%
Run: 01, Epoch: 11, Loss: 1.0965
Run: 01, Epoch: 12, Loss: 1.0979
Run: 01, Epoch: 12, Loss: 1.0979, Train: 33.33%, Valid: 33.33%, Test: 33.33%
Run: 01, Epoch: 13, Loss: 1.0980
Run: 01, Epoch: 14, Loss: 1.0980
Run: 01, Epoch: 14, Loss: 1.0980, Train: 33.33%, Valid: 33.33%, Test: 33.33%
Run: 01, Epoch: 15, Loss: 1.0964
Run: 01, Epoch: 16, Loss: 1.0982
Run: 01, Epoch: 16, Loss: 1.0982, Train: 33.33%, Valid: 33.33%, Test: 33.33%
Run: 01, Epoch: 17, Loss: 1.0974
Run: 01, Epoch: 18, Loss: 1.0978
Run: 01, Epoch: 18, Loss: 1.0978, Train: 33.33%, Valid: 33.33%, Test: 33.33%
Run: 01, Epoch: 19, Loss: 1.0989
Run: 01, Epoch: 20, Loss: 1.0970
Run: 01, Epoch: 20, Loss: 1.0970, Train: 33.33%, Valid: 33.33%, Test: 33.33%
Run: 01, Epoch: 21, Loss: 1.0978
Run: 01, Epoch: 22, Loss: 1.0963
Run: 01, Epoch: 22, Loss: 1.0963, Train: 33.33%, Valid: 33.33%, Test: 33.33%
Run: 01, Epoch: 23, Loss: 1.1005
Run: 01, Epoch: 24, Loss: 1.0963
Run: 01, Epoch: 24, Loss: 1.0963, Train: 33.33%, Valid: 33.33%, Test: 33.33%
Run: 01, Epoch: 25, Loss: 1.0978
Run: 01, Epoch: 26, Loss: 1.0987
Run: 01, Epoch: 26, Loss: 1.0987, Train: 33.33%, Valid: 33.33%, Test: 33.33%
Run: 01, Epoch: 27, Loss: 1.0987
Run: 01, Epoch: 28, Loss: 1.0985
Run: 01, Epoch: 28, Loss: 1.0985, Train: 33.33%, Valid: 33.33%, Test: 33.33%
Run: 01, Epoch: 29, Loss: 1.0971
Run: 01, Epoch: 30, Loss: 1.0967
Run: 01, Epoch: 30, Loss: 1.0967, Train: 33.33%, Valid: 33.33%, Test: 33.33%
Run: 01, Epoch: 31, Loss: 1.0961
Run: 01, Epoch: 32, Loss: 1.0990
Run: 01, Epoch: 32, Loss: 1.0990, Train: 33.33%, Valid: 33.33%, Test: 33.33%
Run: 01, Epoch: 33, Loss: 1.0977
Run: 01, Epoch: 34, Loss: 1.0974
Run: 01, Epoch: 34, Loss: 1.0974, Train: 33.33%, Valid: 33.33%, Test: 33.33%
Run: 01, Epoch: 35, Loss: 1.0990
Run: 01, Epoch: 36, Loss: 1.0978
Run: 01, Epoch: 36, Loss: 1.0978, Train: 33.33%, Valid: 33.33%, Test: 33.33%
Run: 01, Epoch: 37, Loss: 1.0984
Run: 01, Epoch: 38, Loss: 1.0982
Run: 01, Epoch: 38, Loss: 1.0982, Train: 33.33%, Valid: 33.33%, Test: 33.33%
Run: 01, Epoch: 39, Loss: 1.0981
Run: 01, Epoch: 40, Loss: 1.0980
Run: 01, Epoch: 40, Loss: 1.0980, Train: 33.33%, Valid: 33.33%, Test: 33.33%
Run: 01, Epoch: 41, Loss: 1.0959
Run: 01, Epoch: 42, Loss: 1.0982
Run: 01, Epoch: 42, Loss: 1.0982, Train: 33.33%, Valid: 33.33%, Test: 33.33%
Run: 01, Epoch: 43, Loss: 1.0996
Run: 01, Epoch: 44, Loss: 1.0975
Run: 01, Epoch: 44, Loss: 1.0975, Train: 33.33%, Valid: 33.33%, Test: 33.33%
Run: 01, Epoch: 45, Loss: 1.0973
Run: 01, Epoch: 46, Loss: 1.0981
Run: 01, Epoch: 46, Loss: 1.0981, Train: 33.33%, Valid: 33.33%, Test: 33.33%
Run: 01, Epoch: 47, Loss: 1.0962
Run: 01, Epoch: 48, Loss: 1.0966
Run: 01, Epoch: 48, Loss: 1.0966, Train: 33.33%, Valid: 33.33%, Test: 33.33%
Run: 01, Epoch: 49, Loss: 1.0983
Run: 01, Epoch: 50, Loss: 1.0983
Run: 01, Epoch: 50, Loss: 1.0983, Train: 33.33%, Valid: 33.33%, Test: 33.33%
Run: 01, Epoch: 51, Loss: 1.0973
Run: 01, Epoch: 52, Loss: 1.0967
Run: 01, Epoch: 52, Loss: 1.0967, Train: 33.33%, Valid: 33.33%, Test: 33.33%
Run: 01, Epoch: 53, Loss: 1.0970
Run: 01, Epoch: 54, Loss: 1.1012
Run: 01, Epoch: 54, Loss: 1.1012, Train: 33.33%, Valid: 33.33%, Test: 33.33%
Run: 01, Epoch: 55, Loss: 1.0977
Run: 01, Epoch: 56, Loss: 1.0978
Run: 01, Epoch: 56, Loss: 1.0978, Train: 33.33%, Valid: 33.33%, Test: 33.33%
Run: 01, Epoch: 57, Loss: 1.0968
Run: 01, Epoch: 58, Loss: 1.0973
Run: 01, Epoch: 58, Loss: 1.0973, Train: 33.33%, Valid: 33.33%, Test: 33.33%
Run: 01, Epoch: 59, Loss: 1.0983
Run: 01, Epoch: 60, Loss: 1.0977
Run: 01, Epoch: 60, Loss: 1.0977, Train: 33.33%, Valid: 33.33%, Test: 33.33%
Run: 01, Epoch: 61, Loss: 1.0983
Run: 01, Epoch: 62, Loss: 1.0983
Run: 01, Epoch: 62, Loss: 1.0983, Train: 33.33%, Valid: 33.33%, Test: 33.33%
Run: 01, Epoch: 63, Loss: 1.0976
Run: 01, Epoch: 64, Loss: 1.0996
Run: 01, Epoch: 64, Loss: 1.0996, Train: 33.33%, Valid: 33.33%, Test: 33.33%
Run: 01, Epoch: 65, Loss: 1.0985
Run: 01, Epoch: 66, Loss: 1.0974
Run: 01, Epoch: 66, Loss: 1.0974, Train: 33.33%, Valid: 33.33%, Test: 33.33%
Run: 01, Epoch: 67, Loss: 1.0982
Run: 01, Epoch: 68, Loss: 1.0985
Run: 01, Epoch: 68, Loss: 1.0985, Train: 33.33%, Valid: 33.33%, Test: 33.33%
Run: 01, Epoch: 69, Loss: 1.0974
Run: 01, Epoch: 70, Loss: 1.0952
Run: 01, Epoch: 70, Loss: 1.0952, Train: 33.33%, Valid: 33.33%, Test: 33.33%
Run: 01, Epoch: 71, Loss: 1.0989
Run: 01, Epoch: 72, Loss: 1.0983
Run: 01, Epoch: 72, Loss: 1.0983, Train: 33.33%, Valid: 33.33%, Test: 33.33%
Run: 01, Epoch: 73, Loss: 1.0972
Run: 01, Epoch: 74, Loss: 1.1001
Run: 01, Epoch: 74, Loss: 1.1001, Train: 33.33%, Valid: 33.33%, Test: 33.33%
Run: 01, Epoch: 75, Loss: 1.0977
Run: 01, Epoch: 76, Loss: 1.0977
Run: 01, Epoch: 76, Loss: 1.0977, Train: 33.33%, Valid: 33.33%, Test: 33.33%
Run: 01, Epoch: 77, Loss: 1.0980
Run: 01, Epoch: 78, Loss: 1.0969
Run: 01, Epoch: 78, Loss: 1.0969, Train: 33.33%, Valid: 33.33%, Test: 33.33%
Run: 01, Epoch: 79, Loss: 1.0977
Run: 01, Epoch: 80, Loss: 1.0984
Run: 01, Epoch: 80, Loss: 1.0984, Train: 33.33%, Valid: 33.33%, Test: 33.33%
Run: 01, Epoch: 81, Loss: 1.0964
Run: 01, Epoch: 82, Loss: 1.0990
Run: 01, Epoch: 82, Loss: 1.0990, Train: 33.33%, Valid: 33.33%, Test: 33.33%
Run: 01, Epoch: 83, Loss: 1.0975
Run: 01, Epoch: 84, Loss: 1.0983
Run: 01, Epoch: 84, Loss: 1.0983, Train: 33.33%, Valid: 33.33%, Test: 33.33%
Run: 01, Epoch: 85, Loss: 1.0985
Run: 01, Epoch: 86, Loss: 1.0976
Run: 01, Epoch: 86, Loss: 1.0976, Train: 33.33%, Valid: 33.33%, Test: 33.33%
Run: 01, Epoch: 87, Loss: 1.0978
Run: 01, Epoch: 88, Loss: 1.0984
Run: 01, Epoch: 88, Loss: 1.0984, Train: 33.33%, Valid: 33.33%, Test: 33.33%
Run: 01, Epoch: 89, Loss: 1.0977
Run: 01, Epoch: 90, Loss: 1.0969
Run: 01, Epoch: 90, Loss: 1.0969, Train: 33.33%, Valid: 33.33%, Test: 33.33%
Run: 01, Epoch: 91, Loss: 1.0982
Run: 01, Epoch: 92, Loss: 1.0987
Run: 01, Epoch: 92, Loss: 1.0987, Train: 33.33%, Valid: 33.33%, Test: 33.33%
Run: 01, Epoch: 93, Loss: 1.1003
Run: 01, Epoch: 94, Loss: 1.0979
Run: 01, Epoch: 94, Loss: 1.0979, Train: 33.33%, Valid: 33.33%, Test: 33.33%
Run: 01, Epoch: 95, Loss: 1.0985
Run: 01, Epoch: 96, Loss: 1.1001
Run: 01, Epoch: 96, Loss: 1.1001, Train: 33.33%, Valid: 33.33%, Test: 33.33%
Run: 01, Epoch: 97, Loss: 1.0956
Run: 01, Epoch: 98, Loss: 1.0978
Run: 01, Epoch: 98, Loss: 1.0978, Train: 33.33%, Valid: 33.33%, Test: 33.33%
Run: 01, Epoch: 99, Loss: 1.0977
Run: 01, Epoch: 100, Loss: 1.0984
Run: 01, Epoch: 100, Loss: 1.0984, Train: 33.33%, Valid: 33.33%, Test: 33.33%
Run: 01, Epoch: 101, Loss: 1.0969
Run: 01, Epoch: 102, Loss: 1.0980
Run: 01, Epoch: 102, Loss: 1.0980, Train: 33.33%, Valid: 33.33%, Test: 33.33%
Run: 01, Epoch: 103, Loss: 1.0980
Run: 01, Epoch: 104, Loss: 1.0980
Run: 01, Epoch: 104, Loss: 1.0980, Train: 33.33%, Valid: 33.33%, Test: 33.33%
Run: 01, Epoch: 105, Loss: 1.1007
Run: 01, Epoch: 106, Loss: 1.1007
Run: 01, Epoch: 106, Loss: 1.1007, Train: 33.33%, Valid: 33.33%, Test: 33.33%
Run: 01, Epoch: 107, Loss: 1.0984
Run: 01, Epoch: 108, Loss: 1.0975
Run: 01, Epoch: 108, Loss: 1.0975, Train: 33.33%, Valid: 33.33%, Test: 33.33%
Run: 01, Epoch: 109, Loss: 1.0982
Run: 01, Epoch: 110, Loss: 1.0970
Run: 01, Epoch: 110, Loss: 1.0970, Train: 33.33%, Valid: 33.33%, Test: 33.33%
Run: 01, Epoch: 111, Loss: 1.0994
Run: 01, Epoch: 112, Loss: 1.0986
Run: 01, Epoch: 112, Loss: 1.0986, Train: 33.33%, Valid: 33.33%, Test: 33.33%
Run: 01, Epoch: 113, Loss: 1.0982
Run: 01, Epoch: 114, Loss: 1.0975
Run: 01, Epoch: 114, Loss: 1.0975, Train: 33.33%, Valid: 33.33%, Test: 33.33%
Run: 01, Epoch: 115, Loss: 1.0971
Run: 01, Epoch: 116, Loss: 1.0991
Run: 01, Epoch: 116, Loss: 1.0991, Train: 33.33%, Valid: 33.33%, Test: 33.33%
Run: 01, Epoch: 117, Loss: 1.0979
Run: 01, Epoch: 118, Loss: 1.0967
Run: 01, Epoch: 118, Loss: 1.0967, Train: 33.33%, Valid: 33.33%, Test: 33.33%
Run: 01, Epoch: 119, Loss: 1.0979
Run: 01, Epoch: 120, Loss: 1.0983
Run: 01, Epoch: 120, Loss: 1.0983, Train: 33.33%, Valid: 33.33%, Test: 33.33%
Run: 01, Epoch: 121, Loss: 1.0972
Run: 01, Epoch: 122, Loss: 1.0979
Run: 01, Epoch: 122, Loss: 1.0979, Train: 33.33%, Valid: 33.33%, Test: 33.33%
Run: 01, Epoch: 123, Loss: 1.0976
Run: 01, Epoch: 124, Loss: 1.0982
Run: 01, Epoch: 124, Loss: 1.0982, Train: 33.33%, Valid: 33.33%, Test: 33.33%
Run: 01, Epoch: 125, Loss: 1.0982
Run: 01, Epoch: 126, Loss: 1.0980
Run: 01, Epoch: 126, Loss: 1.0980, Train: 33.33%, Valid: 33.33%, Test: 33.33%
Run: 01, Epoch: 127, Loss: 1.0966
Run: 01, Epoch: 128, Loss: 1.0999
Run: 01, Epoch: 128, Loss: 1.0999, Train: 33.33%, Valid: 33.33%, Test: 33.33%
Run: 01, Epoch: 129, Loss: 1.0988
Run: 01, Epoch: 130, Loss: 1.0971
Run: 01, Epoch: 130, Loss: 1.0971, Train: 33.33%, Valid: 33.33%, Test: 33.33%
Run: 01, Epoch: 131, Loss: 1.1028
Run: 01, Epoch: 132, Loss: 1.0978
Run: 01, Epoch: 132, Loss: 1.0978, Train: 33.33%, Valid: 33.33%, Test: 33.33%
Run: 01, Epoch: 133, Loss: 1.0974
Run: 01, Epoch: 134, Loss: 1.0978
Run: 01, Epoch: 134, Loss: 1.0978, Train: 33.33%, Valid: 33.33%, Test: 33.33%
Run: 01, Epoch: 135, Loss: 1.0978
Run: 01, Epoch: 136, Loss: 1.0966
Run: 01, Epoch: 136, Loss: 1.0966, Train: 33.33%, Valid: 33.33%, Test: 33.33%
Run: 01, Epoch: 137, Loss: 1.0982
Run: 01, Epoch: 138, Loss: 1.0983
Run: 01, Epoch: 138, Loss: 1.0983, Train: 33.33%, Valid: 33.33%, Test: 33.33%
Run: 01, Epoch: 139, Loss: 1.0981
Run: 01, Epoch: 140, Loss: 1.0983
Run: 01, Epoch: 140, Loss: 1.0983, Train: 33.33%, Valid: 33.33%, Test: 33.33%
Run: 01, Epoch: 141, Loss: 1.0977
Run: 01, Epoch: 142, Loss: 1.0978
Run: 01, Epoch: 142, Loss: 1.0978, Train: 33.33%, Valid: 33.33%, Test: 33.33%
Run: 01, Epoch: 143, Loss: 1.0982
Run: 01, Epoch: 144, Loss: 1.0979
Run: 01, Epoch: 144, Loss: 1.0979, Train: 33.33%, Valid: 33.33%, Test: 33.33%
Run: 01, Epoch: 145, Loss: 1.0974
Run: 01, Epoch: 146, Loss: 1.0969
Run: 01, Epoch: 146, Loss: 1.0969, Train: 33.33%, Valid: 33.33%, Test: 33.33%
Run: 01, Epoch: 147, Loss: 1.0970
Run: 01, Epoch: 148, Loss: 1.0981
Run: 01, Epoch: 148, Loss: 1.0981, Train: 33.33%, Valid: 33.33%, Test: 33.33%
Run: 01, Epoch: 149, Loss: 1.0982
Run: 01, Epoch: 150, Loss: 1.0983
Run: 01, Epoch: 150, Loss: 1.0983, Train: 33.33%, Valid: 33.33%, Test: 33.33%
Run 01:
Highest Train: 33.33
Highest Valid: 33.33
  Final Train: 33.33
   Final Test: 33.33
All runs:
Highest Train: 33.33 ± nan
Highest Valid: 33.33 ± nan
  Final Train: 33.33 ± nan
   Final Test: 33.33 ± nan
