Run: 01, Epoch: 01, Loss: 2.9765
Run: 01, Epoch: 02, Loss: 4.0538
Run: 01, Epoch: 03, Loss: 1.6126
Run: 01, Epoch: 04, Loss: 1.1380
Run: 01, Epoch: 05, Loss: 1.1111
Run: 01, Epoch: 06, Loss: 1.1076
Run: 01, Epoch: 07, Loss: 1.1064
Run: 01, Epoch: 08, Loss: 1.1093
Run: 01, Epoch: 09, Loss: 1.1089
Run: 01, Epoch: 10, Loss: 1.1092
Run: 01, Epoch: 10, Loss: 1.1092, Train: 33.33%, Valid: 33.33%, Test: 33.33%
Run: 01, Epoch: 11, Loss: 1.1089
Run: 01, Epoch: 12, Loss: 1.1083
Run: 01, Epoch: 13, Loss: 1.1071
Run: 01, Epoch: 14, Loss: 1.1063
Run: 01, Epoch: 15, Loss: 1.1053
Run: 01, Epoch: 16, Loss: 1.1047
Run: 01, Epoch: 17, Loss: 1.1036
Run: 01, Epoch: 18, Loss: 1.1029
Run: 01, Epoch: 19, Loss: 1.1019
Run: 01, Epoch: 20, Loss: 1.1012
Run: 01, Epoch: 20, Loss: 1.1012, Train: 33.33%, Valid: 33.33%, Test: 33.33%
Run: 01, Epoch: 21, Loss: 1.1004
Run: 01, Epoch: 22, Loss: 1.0997
Run: 01, Epoch: 23, Loss: 1.0986
Run: 01, Epoch: 24, Loss: 1.0978
Run: 01, Epoch: 25, Loss: 1.0971
Run: 01, Epoch: 26, Loss: 1.0958
Run: 01, Epoch: 27, Loss: 1.0953
Run: 01, Epoch: 28, Loss: 1.0928
Run: 01, Epoch: 29, Loss: 1.0906
Run: 01, Epoch: 30, Loss: 1.0921
Run: 01, Epoch: 30, Loss: 1.0921, Train: 41.94%, Valid: 42.22%, Test: 43.09%
Run: 01, Epoch: 31, Loss: 1.0882
Run: 01, Epoch: 32, Loss: 1.0891
Run: 01, Epoch: 33, Loss: 1.0881
Run: 01, Epoch: 34, Loss: 1.0868
Run: 01, Epoch: 35, Loss: 1.0861
Run: 01, Epoch: 36, Loss: 1.0851
Run: 01, Epoch: 37, Loss: 1.0799
Run: 01, Epoch: 38, Loss: 1.0821
Run: 01, Epoch: 39, Loss: 1.0792
Run: 01, Epoch: 40, Loss: 1.0814
Run: 01, Epoch: 40, Loss: 1.0814, Train: 43.36%, Valid: 43.59%, Test: 43.44%
Run: 01, Epoch: 41, Loss: 1.0842
Run: 01, Epoch: 42, Loss: 1.0791
Run: 01, Epoch: 43, Loss: 1.0775
Run: 01, Epoch: 44, Loss: 1.0797
Run: 01, Epoch: 45, Loss: 1.0780
Run: 01, Epoch: 46, Loss: 1.0764
Run: 01, Epoch: 47, Loss: 1.0771
Run: 01, Epoch: 48, Loss: 1.0719
Run: 01, Epoch: 49, Loss: 1.0720
Run: 01, Epoch: 50, Loss: 1.0719
Run: 01, Epoch: 50, Loss: 1.0719, Train: 47.79%, Valid: 48.50%, Test: 48.02%
Run: 01, Epoch: 51, Loss: 1.0658
Run: 01, Epoch: 52, Loss: 1.0658
Run: 01, Epoch: 53, Loss: 1.0630
Run: 01, Epoch: 54, Loss: 1.0642
Run: 01, Epoch: 55, Loss: 1.0598
Run: 01, Epoch: 56, Loss: 1.0607
Run: 01, Epoch: 57, Loss: 1.0567
Run: 01, Epoch: 58, Loss: 1.0548
Run: 01, Epoch: 59, Loss: 1.0579
Run: 01, Epoch: 60, Loss: 1.0558
Run: 01, Epoch: 60, Loss: 1.0558, Train: 50.21%, Valid: 50.39%, Test: 49.39%
Run: 01, Epoch: 61, Loss: 1.0558
Run: 01, Epoch: 62, Loss: 1.0531
Run: 01, Epoch: 63, Loss: 1.0522
Run: 01, Epoch: 64, Loss: 1.0533
Run: 01, Epoch: 65, Loss: 1.0526
Run: 01, Epoch: 66, Loss: 1.0525
Run: 01, Epoch: 67, Loss: 1.0500
Run: 01, Epoch: 68, Loss: 1.0490
Run: 01, Epoch: 69, Loss: 1.0493
Run: 01, Epoch: 70, Loss: 1.0483
Run: 01, Epoch: 70, Loss: 1.0483, Train: 50.60%, Valid: 50.93%, Test: 49.27%
Run: 01, Epoch: 71, Loss: 1.0441
Run: 01, Epoch: 72, Loss: 1.0496
Run: 01, Epoch: 73, Loss: 1.0453
Run: 01, Epoch: 74, Loss: 1.0486
Run: 01, Epoch: 75, Loss: 1.0420
Run: 01, Epoch: 76, Loss: 1.0439
Run: 01, Epoch: 77, Loss: 1.0424
Run: 01, Epoch: 78, Loss: 1.0452
Run: 01, Epoch: 79, Loss: 1.0412
Run: 01, Epoch: 80, Loss: 1.0449
Run: 01, Epoch: 80, Loss: 1.0449, Train: 50.55%, Valid: 50.66%, Test: 50.05%
Run: 01, Epoch: 81, Loss: 1.0447
Run: 01, Epoch: 82, Loss: 1.0395
Run: 01, Epoch: 83, Loss: 1.0387
Run: 01, Epoch: 84, Loss: 1.0455
Run: 01, Epoch: 85, Loss: 1.0388
Run: 01, Epoch: 86, Loss: 1.0420
Run: 01, Epoch: 87, Loss: 1.0397
Run: 01, Epoch: 88, Loss: 1.0391
Run: 01, Epoch: 89, Loss: 1.0397
Run: 01, Epoch: 90, Loss: 1.0368
Run: 01, Epoch: 90, Loss: 1.0368, Train: 51.14%, Valid: 51.00%, Test: 50.49%
Run: 01, Epoch: 91, Loss: 1.0342
Run: 01, Epoch: 92, Loss: 1.0352
Run: 01, Epoch: 93, Loss: 1.0352
Run: 01, Epoch: 94, Loss: 1.0313
Run: 01, Epoch: 95, Loss: 1.0335
Run: 01, Epoch: 96, Loss: 1.0312
Run: 01, Epoch: 97, Loss: 1.0347
Run: 01, Epoch: 98, Loss: 1.0320
Run: 01, Epoch: 99, Loss: 1.0354
Run: 01, Epoch: 100, Loss: 1.0298
Run: 01, Epoch: 100, Loss: 1.0298, Train: 50.06%, Valid: 50.11%, Test: 49.38%
Run: 01, Epoch: 101, Loss: 1.0323
Run: 01, Epoch: 102, Loss: 1.0301
Run: 01, Epoch: 103, Loss: 1.0283
Run: 01, Epoch: 104, Loss: 1.0276
Run: 01, Epoch: 105, Loss: 1.0282
Run: 01, Epoch: 106, Loss: 1.0256
Run: 01, Epoch: 107, Loss: 1.0309
Run: 01, Epoch: 108, Loss: 1.0255
Run: 01, Epoch: 109, Loss: 1.0264
Run: 01, Epoch: 110, Loss: 1.0240
Run: 01, Epoch: 110, Loss: 1.0240, Train: 50.26%, Valid: 50.24%, Test: 49.90%
Run: 01, Epoch: 111, Loss: 1.0250
Run: 01, Epoch: 112, Loss: 1.0252
Run: 01, Epoch: 113, Loss: 1.0219
Run: 01, Epoch: 114, Loss: 1.0210
Run: 01, Epoch: 115, Loss: 1.0203
Run: 01, Epoch: 116, Loss: 1.0180
Run: 01, Epoch: 117, Loss: 1.0222
Run: 01, Epoch: 118, Loss: 1.0141
Run: 01, Epoch: 119, Loss: 1.0096
Run: 01, Epoch: 120, Loss: 1.0076
Run: 01, Epoch: 120, Loss: 1.0076, Train: 52.27%, Valid: 52.76%, Test: 51.55%
Run: 01, Epoch: 121, Loss: 1.0119
Run: 01, Epoch: 122, Loss: 1.0113
Run: 01, Epoch: 123, Loss: 1.0115
Run: 01, Epoch: 124, Loss: 1.0061
Run: 01, Epoch: 125, Loss: 1.0064
Run: 01, Epoch: 126, Loss: 1.0109
Run: 01, Epoch: 127, Loss: 1.0040
Run: 01, Epoch: 128, Loss: 1.0042
Run: 01, Epoch: 129, Loss: 1.0002
Run: 01, Epoch: 130, Loss: 1.0029
Run: 01, Epoch: 130, Loss: 1.0029, Train: 52.66%, Valid: 53.68%, Test: 51.93%
Run: 01, Epoch: 131, Loss: 1.0004
Run: 01, Epoch: 132, Loss: 1.0015
Run: 01, Epoch: 133, Loss: 0.9996
Run: 01, Epoch: 134, Loss: 0.9975
Run: 01, Epoch: 135, Loss: 0.9955
Run: 01, Epoch: 136, Loss: 0.9959
Run: 01, Epoch: 137, Loss: 0.9910
Run: 01, Epoch: 138, Loss: 0.9895
Run: 01, Epoch: 139, Loss: 0.9954
Run: 01, Epoch: 140, Loss: 0.9965
Run: 01, Epoch: 140, Loss: 0.9965, Train: 51.91%, Valid: 51.96%, Test: 51.96%
Run: 01, Epoch: 141, Loss: 0.9959
Run: 01, Epoch: 142, Loss: 0.9919
Run: 01, Epoch: 143, Loss: 0.9837
Run: 01, Epoch: 144, Loss: 0.9882
Run: 01, Epoch: 145, Loss: 0.9896
Run: 01, Epoch: 146, Loss: 0.9844
Run: 01, Epoch: 147, Loss: 0.9847
Run: 01, Epoch: 148, Loss: 0.9840
Run: 01, Epoch: 149, Loss: 0.9892
Run: 01, Epoch: 150, Loss: 0.9820
Run: 01, Epoch: 150, Loss: 0.9820, Train: 53.57%, Valid: 54.61%, Test: 53.06%
Run 01:
Highest Train: 53.57
Highest Valid: 54.61
  Final Train: 53.57
   Final Test: 53.06
All runs:
Highest Train: 53.57 ± nan
Highest Valid: 54.61 ± nan
  Final Train: 53.57 ± nan
   Final Test: 53.06 ± nan
