Run: 01, Epoch: 01, Loss: 3.4313
Run: 01, Epoch: 02, Loss: 7.5475
Run: 01, Epoch: 03, Loss: 2.5859
Run: 01, Epoch: 04, Loss: 1.3791
Run: 01, Epoch: 05, Loss: 1.1767
Run: 01, Epoch: 06, Loss: 1.1317
Run: 01, Epoch: 07, Loss: 1.1172
Run: 01, Epoch: 08, Loss: 1.1106
Run: 01, Epoch: 09, Loss: 1.1057
Run: 01, Epoch: 10, Loss: 1.1046
Run: 01, Epoch: 10, Loss: 1.1046, Train: 33.33%, Valid: 33.33%, Test: 33.33%
Run: 01, Epoch: 11, Loss: 1.0997
Run: 01, Epoch: 12, Loss: 1.1002
Run: 01, Epoch: 13, Loss: 1.1004
Run: 01, Epoch: 14, Loss: 1.1008
Run: 01, Epoch: 15, Loss: 1.1000
Run: 01, Epoch: 16, Loss: 1.1006
Run: 01, Epoch: 17, Loss: 1.1009
Run: 01, Epoch: 18, Loss: 1.1013
Run: 01, Epoch: 19, Loss: 1.1018
Run: 01, Epoch: 20, Loss: 1.1020
Run: 01, Epoch: 20, Loss: 1.1020, Train: 33.33%, Valid: 33.33%, Test: 33.33%
Run: 01, Epoch: 21, Loss: 1.1025
Run: 01, Epoch: 22, Loss: 1.1014
Run: 01, Epoch: 23, Loss: 1.1015
Run: 01, Epoch: 24, Loss: 1.1020
Run: 01, Epoch: 25, Loss: 1.0977
Run: 01, Epoch: 26, Loss: 1.0979
Run: 01, Epoch: 27, Loss: 1.0978
Run: 01, Epoch: 28, Loss: 1.0981
Run: 01, Epoch: 29, Loss: 1.0982
Run: 01, Epoch: 30, Loss: 1.0970
Run: 01, Epoch: 30, Loss: 1.0970, Train: 33.33%, Valid: 33.33%, Test: 33.33%
Run: 01, Epoch: 31, Loss: 1.0970
Run: 01, Epoch: 32, Loss: 1.0970
Run: 01, Epoch: 33, Loss: 1.0971
Run: 01, Epoch: 34, Loss: 1.0970
Run: 01, Epoch: 35, Loss: 1.0969
Run: 01, Epoch: 36, Loss: 1.0969
Run: 01, Epoch: 37, Loss: 1.0967
Run: 01, Epoch: 38, Loss: 1.0966
Run: 01, Epoch: 39, Loss: 1.0964
Run: 01, Epoch: 40, Loss: 1.0962
Run: 01, Epoch: 40, Loss: 1.0962, Train: 33.33%, Valid: 33.33%, Test: 33.33%
Run: 01, Epoch: 41, Loss: 1.0959
Run: 01, Epoch: 42, Loss: 1.0958
Run: 01, Epoch: 43, Loss: 1.0968
Run: 01, Epoch: 44, Loss: 1.0965
Run: 01, Epoch: 45, Loss: 1.0963
Run: 01, Epoch: 46, Loss: 1.0962
Run: 01, Epoch: 47, Loss: 1.0958
Run: 01, Epoch: 48, Loss: 1.0956
Run: 01, Epoch: 49, Loss: 1.0952
Run: 01, Epoch: 50, Loss: 1.0991
Run: 01, Epoch: 50, Loss: 1.0991, Train: 33.33%, Valid: 33.33%, Test: 33.33%
Run: 01, Epoch: 51, Loss: 1.0989
Run: 01, Epoch: 52, Loss: 1.0982
Run: 01, Epoch: 53, Loss: 1.0981
Run: 01, Epoch: 54, Loss: 1.0971
Run: 01, Epoch: 55, Loss: 1.0951
Run: 01, Epoch: 56, Loss: 1.0958
Run: 01, Epoch: 57, Loss: 1.0954
Run: 01, Epoch: 58, Loss: 1.0919
Run: 01, Epoch: 59, Loss: 1.0916
Run: 01, Epoch: 60, Loss: 1.0868
Run: 01, Epoch: 60, Loss: 1.0868, Train: 36.26%, Valid: 36.49%, Test: 35.53%
Run: 01, Epoch: 61, Loss: 1.0845
Run: 01, Epoch: 62, Loss: 1.0830
Run: 01, Epoch: 63, Loss: 1.0815
Run: 01, Epoch: 64, Loss: 1.0783
Run: 01, Epoch: 65, Loss: 1.0800
Run: 01, Epoch: 66, Loss: 1.0797
Run: 01, Epoch: 67, Loss: 1.0793
Run: 01, Epoch: 68, Loss: 1.0724
Run: 01, Epoch: 69, Loss: 1.0726
Run: 01, Epoch: 70, Loss: 1.0735
Run: 01, Epoch: 70, Loss: 1.0735, Train: 51.08%, Valid: 50.91%, Test: 48.29%
Run: 01, Epoch: 71, Loss: 1.0732
Run: 01, Epoch: 72, Loss: 1.0709
Run: 01, Epoch: 73, Loss: 1.0684
Run: 01, Epoch: 74, Loss: 1.0722
Run: 01, Epoch: 75, Loss: 1.0673
Run: 01, Epoch: 76, Loss: 1.0660
Run: 01, Epoch: 77, Loss: 1.0631
Run: 01, Epoch: 78, Loss: 1.0624
Run: 01, Epoch: 79, Loss: 1.0580
Run: 01, Epoch: 80, Loss: 1.0593
Run: 01, Epoch: 80, Loss: 1.0593, Train: 53.71%, Valid: 52.45%, Test: 52.85%
Run: 01, Epoch: 81, Loss: 1.0552
Run: 01, Epoch: 82, Loss: 1.0520
Run: 01, Epoch: 83, Loss: 1.0518
Run: 01, Epoch: 84, Loss: 1.0473
Run: 01, Epoch: 85, Loss: 1.0477
Run: 01, Epoch: 86, Loss: 1.0453
Run: 01, Epoch: 87, Loss: 1.0410
Run: 01, Epoch: 88, Loss: 1.0420
Run: 01, Epoch: 89, Loss: 1.0377
Run: 01, Epoch: 90, Loss: 1.0395
Run: 01, Epoch: 90, Loss: 1.0395, Train: 55.19%, Valid: 54.50%, Test: 54.30%
Run: 01, Epoch: 91, Loss: 1.0346
Run: 01, Epoch: 92, Loss: 1.0338
Run: 01, Epoch: 93, Loss: 1.0331
Run: 01, Epoch: 94, Loss: 1.0293
Run: 01, Epoch: 95, Loss: 1.0273
Run: 01, Epoch: 96, Loss: 1.0265
Run: 01, Epoch: 97, Loss: 1.0231
Run: 01, Epoch: 98, Loss: 1.0265
Run: 01, Epoch: 99, Loss: 1.0192
Run: 01, Epoch: 100, Loss: 1.0191
Run: 01, Epoch: 100, Loss: 1.0191, Train: 55.08%, Valid: 54.21%, Test: 54.88%
Run: 01, Epoch: 101, Loss: 1.0096
Run: 01, Epoch: 102, Loss: 1.0199
Run: 01, Epoch: 103, Loss: 1.0136
Run: 01, Epoch: 104, Loss: 1.0106
Run: 01, Epoch: 105, Loss: 1.0071
Run: 01, Epoch: 106, Loss: 1.0075
Run: 01, Epoch: 107, Loss: 1.0055
Run: 01, Epoch: 108, Loss: 0.9982
Run: 01, Epoch: 109, Loss: 1.0025
Run: 01, Epoch: 110, Loss: 1.0008
Run: 01, Epoch: 110, Loss: 1.0008, Train: 55.56%, Valid: 54.40%, Test: 55.20%
Run: 01, Epoch: 111, Loss: 0.9971
Run: 01, Epoch: 112, Loss: 0.9965
Run: 01, Epoch: 113, Loss: 0.9929
Run: 01, Epoch: 114, Loss: 0.9930
Run: 01, Epoch: 115, Loss: 0.9970
Run: 01, Epoch: 116, Loss: 0.9933
Run: 01, Epoch: 117, Loss: 0.9849
Run: 01, Epoch: 118, Loss: 0.9930
Run: 01, Epoch: 119, Loss: 0.9836
Run: 01, Epoch: 120, Loss: 0.9911
Run: 01, Epoch: 120, Loss: 0.9911, Train: 55.56%, Valid: 54.96%, Test: 54.52%
Run: 01, Epoch: 121, Loss: 0.9876
Run: 01, Epoch: 122, Loss: 0.9918
Run: 01, Epoch: 123, Loss: 0.9831
Run: 01, Epoch: 124, Loss: 0.9863
Run: 01, Epoch: 125, Loss: 0.9864
Run: 01, Epoch: 126, Loss: 0.9835
Run: 01, Epoch: 127, Loss: 0.9851
Run: 01, Epoch: 128, Loss: 0.9835
Run: 01, Epoch: 129, Loss: 0.9834
Run: 01, Epoch: 130, Loss: 0.9841
Run: 01, Epoch: 130, Loss: 0.9841, Train: 55.41%, Valid: 54.92%, Test: 54.85%
Run: 01, Epoch: 131, Loss: 0.9779
Run: 01, Epoch: 132, Loss: 0.9821
Run: 01, Epoch: 133, Loss: 0.9808
Run: 01, Epoch: 134, Loss: 0.9763
Run: 01, Epoch: 135, Loss: 0.9853
Run: 01, Epoch: 136, Loss: 0.9818
Run: 01, Epoch: 137, Loss: 0.9784
Run: 01, Epoch: 138, Loss: 0.9840
Run: 01, Epoch: 139, Loss: 0.9807
Run: 01, Epoch: 140, Loss: 0.9821
Run: 01, Epoch: 140, Loss: 0.9821, Train: 55.72%, Valid: 55.09%, Test: 55.08%
Run: 01, Epoch: 141, Loss: 0.9802
Run: 01, Epoch: 142, Loss: 0.9792
Run: 01, Epoch: 143, Loss: 0.9764
Run: 01, Epoch: 144, Loss: 0.9793
Run: 01, Epoch: 145, Loss: 0.9757
Run: 01, Epoch: 146, Loss: 0.9766
Run: 01, Epoch: 147, Loss: 0.9771
Run: 01, Epoch: 148, Loss: 0.9792
Run: 01, Epoch: 149, Loss: 0.9760
Run: 01, Epoch: 150, Loss: 0.9803
Run: 01, Epoch: 150, Loss: 0.9803, Train: 56.04%, Valid: 55.60%, Test: 55.53%
Run 01:
Highest Train: 56.04
Highest Valid: 55.60
  Final Train: 56.04
   Final Test: 55.53
All runs:
Highest Train: 56.04 ± nan
Highest Valid: 55.60 ± nan
  Final Train: 56.04 ± nan
   Final Test: 55.53 ± nan
