Run: 01, Epoch: 01, Loss: 1.5387
Run: 01, Epoch: 02, Loss: 7.2763
Run: 01, Epoch: 03, Loss: 2.8358
Run: 01, Epoch: 04, Loss: 1.8117
Run: 01, Epoch: 05, Loss: 1.1896
Run: 01, Epoch: 06, Loss: 1.1916
Run: 01, Epoch: 07, Loss: 1.1623
Run: 01, Epoch: 08, Loss: 1.1183
Run: 01, Epoch: 09, Loss: 1.0998
Run: 01, Epoch: 10, Loss: 1.0880
Run: 01, Epoch: 10, Loss: 1.0880, Train: 45.98%, Valid: 44.61%, Test: 45.73%
Run: 01, Epoch: 11, Loss: 1.0832
Run: 01, Epoch: 12, Loss: 1.0790
Run: 01, Epoch: 13, Loss: 1.0757
Run: 01, Epoch: 14, Loss: 1.0736
Run: 01, Epoch: 15, Loss: 1.0690
Run: 01, Epoch: 16, Loss: 1.0688
Run: 01, Epoch: 17, Loss: 1.0664
Run: 01, Epoch: 18, Loss: 1.0612
Run: 01, Epoch: 19, Loss: 1.0592
Run: 01, Epoch: 20, Loss: 1.0556
Run: 01, Epoch: 20, Loss: 1.0556, Train: 52.11%, Valid: 50.61%, Test: 51.71%
Run: 01, Epoch: 21, Loss: 1.0528
Run: 01, Epoch: 22, Loss: 1.0466
Run: 01, Epoch: 23, Loss: 1.0447
Run: 01, Epoch: 24, Loss: 1.0399
Run: 01, Epoch: 25, Loss: 1.0397
Run: 01, Epoch: 26, Loss: 1.0330
Run: 01, Epoch: 27, Loss: 1.0279
Run: 01, Epoch: 28, Loss: 1.0246
Run: 01, Epoch: 29, Loss: 1.0204
Run: 01, Epoch: 30, Loss: 1.0199
Run: 01, Epoch: 30, Loss: 1.0199, Train: 53.12%, Valid: 52.67%, Test: 52.92%
Run: 01, Epoch: 31, Loss: 1.0141
Run: 01, Epoch: 32, Loss: 1.0091
Run: 01, Epoch: 33, Loss: 1.0030
Run: 01, Epoch: 34, Loss: 1.0006
Run: 01, Epoch: 35, Loss: 0.9991
Run: 01, Epoch: 36, Loss: 0.9952
Run: 01, Epoch: 37, Loss: 0.9959
Run: 01, Epoch: 38, Loss: 0.9940
Run: 01, Epoch: 39, Loss: 0.9886
Run: 01, Epoch: 40, Loss: 0.9876
Run: 01, Epoch: 40, Loss: 0.9876, Train: 52.40%, Valid: 51.94%, Test: 52.01%
Run: 01, Epoch: 41, Loss: 0.9946
Run: 01, Epoch: 42, Loss: 0.9877
Run: 01, Epoch: 43, Loss: 0.9878
Run: 01, Epoch: 44, Loss: 0.9912
Run: 01, Epoch: 45, Loss: 0.9863
Run: 01, Epoch: 46, Loss: 0.9871
Run: 01, Epoch: 47, Loss: 0.9814
Run: 01, Epoch: 48, Loss: 0.9813
Run: 01, Epoch: 49, Loss: 0.9792
Run: 01, Epoch: 50, Loss: 0.9821
Run: 01, Epoch: 50, Loss: 0.9821, Train: 52.33%, Valid: 51.84%, Test: 51.65%
Run: 01, Epoch: 51, Loss: 0.9821
Run: 01, Epoch: 52, Loss: 0.9777
Run: 01, Epoch: 53, Loss: 0.9756
Run: 01, Epoch: 54, Loss: 0.9758
Run: 01, Epoch: 55, Loss: 0.9739
Run: 01, Epoch: 56, Loss: 0.9776
Run: 01, Epoch: 57, Loss: 0.9725
Run: 01, Epoch: 58, Loss: 0.9721
Run: 01, Epoch: 59, Loss: 0.9734
Run: 01, Epoch: 60, Loss: 0.9674
Run: 01, Epoch: 60, Loss: 0.9674, Train: 53.43%, Valid: 53.06%, Test: 52.50%
Run: 01, Epoch: 61, Loss: 0.9678
Run: 01, Epoch: 62, Loss: 0.9690
Run: 01, Epoch: 63, Loss: 0.9657
Run: 01, Epoch: 64, Loss: 0.9690
Run: 01, Epoch: 65, Loss: 0.9641
Run: 01, Epoch: 66, Loss: 0.9634
Run: 01, Epoch: 67, Loss: 0.9651
Run: 01, Epoch: 68, Loss: 0.9627
Run: 01, Epoch: 69, Loss: 0.9582
Run: 01, Epoch: 70, Loss: 0.9628
Run: 01, Epoch: 70, Loss: 0.9628, Train: 54.43%, Valid: 53.82%, Test: 53.58%
Run: 01, Epoch: 71, Loss: 0.9578
Run: 01, Epoch: 72, Loss: 0.9595
Run: 01, Epoch: 73, Loss: 0.9562
Run: 01, Epoch: 74, Loss: 0.9587
Run: 01, Epoch: 75, Loss: 0.9551
Run: 01, Epoch: 76, Loss: 0.9558
Run: 01, Epoch: 77, Loss: 0.9538
Run: 01, Epoch: 78, Loss: 0.9548
Run: 01, Epoch: 79, Loss: 0.9555
Run: 01, Epoch: 80, Loss: 0.9518
Run: 01, Epoch: 80, Loss: 0.9518, Train: 54.94%, Valid: 53.91%, Test: 54.28%
Run: 01, Epoch: 81, Loss: 0.9529
Run: 01, Epoch: 82, Loss: 0.9509
Run: 01, Epoch: 83, Loss: 0.9514
Run: 01, Epoch: 84, Loss: 0.9469
Run: 01, Epoch: 85, Loss: 0.9485
Run: 01, Epoch: 86, Loss: 0.9470
Run: 01, Epoch: 87, Loss: 0.9465
Run: 01, Epoch: 88, Loss: 0.9491
Run: 01, Epoch: 89, Loss: 0.9504
Run: 01, Epoch: 90, Loss: 0.9440
Run: 01, Epoch: 90, Loss: 0.9440, Train: 55.14%, Valid: 54.06%, Test: 54.43%
Run: 01, Epoch: 91, Loss: 0.9459
Run: 01, Epoch: 92, Loss: 0.9481
Run: 01, Epoch: 93, Loss: 0.9470
Run: 01, Epoch: 94, Loss: 0.9459
Run: 01, Epoch: 95, Loss: 0.9475
Run: 01, Epoch: 96, Loss: 0.9442
Run: 01, Epoch: 97, Loss: 0.9464
Run: 01, Epoch: 98, Loss: 0.9445
Run: 01, Epoch: 99, Loss: 0.9412
Run: 01, Epoch: 100, Loss: 0.9426
Run: 01, Epoch: 100, Loss: 0.9426, Train: 55.17%, Valid: 54.31%, Test: 54.95%
Run: 01, Epoch: 101, Loss: 0.9408
Run: 01, Epoch: 102, Loss: 0.9408
Run: 01, Epoch: 103, Loss: 0.9431
Run: 01, Epoch: 104, Loss: 0.9381
Run: 01, Epoch: 105, Loss: 0.9429
Run: 01, Epoch: 106, Loss: 0.9392
Run: 01, Epoch: 107, Loss: 0.9454
Run: 01, Epoch: 108, Loss: 0.9423
Run: 01, Epoch: 109, Loss: 0.9352
Run: 01, Epoch: 110, Loss: 0.9408
Run: 01, Epoch: 110, Loss: 0.9408, Train: 55.40%, Valid: 54.62%, Test: 56.08%
Run: 01, Epoch: 111, Loss: 0.9407
Run: 01, Epoch: 112, Loss: 0.9406
Run: 01, Epoch: 113, Loss: 0.9371
Run: 01, Epoch: 114, Loss: 0.9377
Run: 01, Epoch: 115, Loss: 0.9409
Run: 01, Epoch: 116, Loss: 0.9388
Run: 01, Epoch: 117, Loss: 0.9397
Run: 01, Epoch: 118, Loss: 0.9398
Run: 01, Epoch: 119, Loss: 0.9405
Run: 01, Epoch: 120, Loss: 0.9402
Run: 01, Epoch: 120, Loss: 0.9402, Train: 55.44%, Valid: 54.32%, Test: 56.29%
Run: 01, Epoch: 121, Loss: 0.9384
Run: 01, Epoch: 122, Loss: 0.9346
Run: 01, Epoch: 123, Loss: 0.9368
Run: 01, Epoch: 124, Loss: 0.9369
Run: 01, Epoch: 125, Loss: 0.9342
Run: 01, Epoch: 126, Loss: 0.9406
Run: 01, Epoch: 127, Loss: 0.9376
Run: 01, Epoch: 128, Loss: 0.9380
Run: 01, Epoch: 129, Loss: 0.9406
Run: 01, Epoch: 130, Loss: 0.9391
Run: 01, Epoch: 130, Loss: 0.9391, Train: 55.31%, Valid: 54.12%, Test: 55.65%
Run: 01, Epoch: 131, Loss: 0.9344
Run: 01, Epoch: 132, Loss: 0.9356
Run: 01, Epoch: 133, Loss: 0.9343
Run: 01, Epoch: 134, Loss: 0.9363
Run: 01, Epoch: 135, Loss: 0.9337
Run: 01, Epoch: 136, Loss: 0.9377
Run: 01, Epoch: 137, Loss: 0.9352
Run: 01, Epoch: 138, Loss: 0.9389
Run: 01, Epoch: 139, Loss: 0.9347
Run: 01, Epoch: 140, Loss: 0.9322
Run: 01, Epoch: 140, Loss: 0.9322, Train: 55.42%, Valid: 54.40%, Test: 56.12%
Run: 01, Epoch: 141, Loss: 0.9374
Run: 01, Epoch: 142, Loss: 0.9366
Run: 01, Epoch: 143, Loss: 0.9328
Run: 01, Epoch: 144, Loss: 0.9388
Run: 01, Epoch: 145, Loss: 0.9356
Run: 01, Epoch: 146, Loss: 0.9349
Run: 01, Epoch: 147, Loss: 0.9390
Run: 01, Epoch: 148, Loss: 0.9365
Run: 01, Epoch: 149, Loss: 0.9356
Run: 01, Epoch: 150, Loss: 0.9363
Run: 01, Epoch: 150, Loss: 0.9363, Train: 55.50%, Valid: 54.31%, Test: 55.78%
Run 01:
Highest Train: 55.50
Highest Valid: 54.62
  Final Train: 55.40
   Final Test: 56.08
All runs:
Highest Train: 55.50 ± nan
Highest Valid: 54.62 ± nan
  Final Train: 55.40 ± nan
   Final Test: 56.08 ± nan
