Run: 01, Epoch: 01, Loss: 2.1142
Run: 01, Epoch: 02, Loss: 3.8292
Run: 01, Epoch: 03, Loss: 2.0050
Run: 01, Epoch: 04, Loss: 1.3517
Run: 01, Epoch: 05, Loss: 1.4812
Run: 01, Epoch: 06, Loss: 1.4826
Run: 01, Epoch: 07, Loss: 1.3390
Run: 01, Epoch: 08, Loss: 1.2156
Run: 01, Epoch: 09, Loss: 1.1527
Run: 01, Epoch: 10, Loss: 1.1306
Run: 01, Epoch: 10, Loss: 1.1306, Train: 33.33%, Valid: 33.33%, Test: 33.33%
Run: 01, Epoch: 11, Loss: 1.1175
Run: 01, Epoch: 12, Loss: 1.1104
Run: 01, Epoch: 13, Loss: 1.1034
Run: 01, Epoch: 14, Loss: 1.1001
Run: 01, Epoch: 15, Loss: 1.0978
Run: 01, Epoch: 16, Loss: 1.0965
Run: 01, Epoch: 17, Loss: 1.0959
Run: 01, Epoch: 18, Loss: 1.0975
Run: 01, Epoch: 19, Loss: 1.0981
Run: 01, Epoch: 20, Loss: 1.0979
Run: 01, Epoch: 20, Loss: 1.0979, Train: 33.33%, Valid: 33.33%, Test: 33.33%
Run: 01, Epoch: 21, Loss: 1.0972
Run: 01, Epoch: 22, Loss: 1.0967
Run: 01, Epoch: 23, Loss: 1.0964
Run: 01, Epoch: 24, Loss: 1.0962
Run: 01, Epoch: 25, Loss: 1.0959
Run: 01, Epoch: 26, Loss: 1.0959
Run: 01, Epoch: 27, Loss: 1.0958
Run: 01, Epoch: 28, Loss: 1.0960
Run: 01, Epoch: 29, Loss: 1.0960
Run: 01, Epoch: 30, Loss: 1.0962
Run: 01, Epoch: 30, Loss: 1.0962, Train: 33.33%, Valid: 33.33%, Test: 33.33%
Run: 01, Epoch: 31, Loss: 1.0966
Run: 01, Epoch: 32, Loss: 1.0966
Run: 01, Epoch: 33, Loss: 1.0969
Run: 01, Epoch: 34, Loss: 1.0975
Run: 01, Epoch: 35, Loss: 1.0979
Run: 01, Epoch: 36, Loss: 1.0982
Run: 01, Epoch: 37, Loss: 1.0974
Run: 01, Epoch: 38, Loss: 1.0979
Run: 01, Epoch: 39, Loss: 1.0982
Run: 01, Epoch: 40, Loss: 1.0988
Run: 01, Epoch: 40, Loss: 1.0988, Train: 33.33%, Valid: 33.33%, Test: 33.33%
Run: 01, Epoch: 41, Loss: 1.0955
Run: 01, Epoch: 42, Loss: 1.0959
Run: 01, Epoch: 43, Loss: 1.0963
Run: 01, Epoch: 44, Loss: 1.0954
Run: 01, Epoch: 45, Loss: 1.0959
Run: 01, Epoch: 46, Loss: 1.0961
Run: 01, Epoch: 47, Loss: 1.0965
Run: 01, Epoch: 48, Loss: 1.0969
Run: 01, Epoch: 49, Loss: 1.0973
Run: 01, Epoch: 50, Loss: 1.0975
Run: 01, Epoch: 50, Loss: 1.0975, Train: 33.33%, Valid: 33.33%, Test: 33.33%
Run: 01, Epoch: 51, Loss: 1.0978
Run: 01, Epoch: 52, Loss: 1.0978
Run: 01, Epoch: 53, Loss: 1.0979
Run: 01, Epoch: 54, Loss: 1.0979
Run: 01, Epoch: 55, Loss: 1.0980
Run: 01, Epoch: 56, Loss: 1.0980
Run: 01, Epoch: 57, Loss: 1.0979
Run: 01, Epoch: 58, Loss: 1.0980
Run: 01, Epoch: 59, Loss: 1.0980
Run: 01, Epoch: 60, Loss: 1.0979
Run: 01, Epoch: 60, Loss: 1.0979, Train: 33.33%, Valid: 33.33%, Test: 33.33%
Run: 01, Epoch: 61, Loss: 1.0977
Run: 01, Epoch: 62, Loss: 1.0976
Run: 01, Epoch: 63, Loss: 1.0977
Run: 01, Epoch: 64, Loss: 1.0976
Run: 01, Epoch: 65, Loss: 1.0974
Run: 01, Epoch: 66, Loss: 1.0972
Run: 01, Epoch: 67, Loss: 1.0970
Run: 01, Epoch: 68, Loss: 1.0968
Run: 01, Epoch: 69, Loss: 1.0967
Run: 01, Epoch: 70, Loss: 1.0964
Run: 01, Epoch: 70, Loss: 1.0964, Train: 33.33%, Valid: 33.33%, Test: 33.33%
Run: 01, Epoch: 71, Loss: 1.0964
Run: 01, Epoch: 72, Loss: 1.0961
Run: 01, Epoch: 73, Loss: 1.0959
Run: 01, Epoch: 74, Loss: 1.0958
Run: 01, Epoch: 75, Loss: 1.0960
Run: 01, Epoch: 76, Loss: 1.0959
Run: 01, Epoch: 77, Loss: 1.0958
Run: 01, Epoch: 78, Loss: 1.0957
Run: 01, Epoch: 79, Loss: 1.0956
Run: 01, Epoch: 80, Loss: 1.0957
Run: 01, Epoch: 80, Loss: 1.0957, Train: 33.33%, Valid: 33.33%, Test: 33.33%
Run: 01, Epoch: 81, Loss: 1.0956
Run: 01, Epoch: 82, Loss: 1.0955
Run: 01, Epoch: 83, Loss: 1.0955
Run: 01, Epoch: 84, Loss: 1.0954
Run: 01, Epoch: 85, Loss: 1.0955
Run: 01, Epoch: 86, Loss: 1.0955
Run: 01, Epoch: 87, Loss: 1.0956
Run: 01, Epoch: 88, Loss: 1.0956
Run: 01, Epoch: 89, Loss: 1.0955
Run: 01, Epoch: 90, Loss: 1.0958
Run: 01, Epoch: 90, Loss: 1.0958, Train: 33.33%, Valid: 33.33%, Test: 33.33%
Run: 01, Epoch: 91, Loss: 1.0958
Run: 01, Epoch: 92, Loss: 1.0958
Run: 01, Epoch: 93, Loss: 1.0959
Run: 01, Epoch: 94, Loss: 1.0959
Run: 01, Epoch: 95, Loss: 1.0958
Run: 01, Epoch: 96, Loss: 1.0953
Run: 01, Epoch: 97, Loss: 1.0957
Run: 01, Epoch: 98, Loss: 1.0958
Run: 01, Epoch: 99, Loss: 1.0959
Run: 01, Epoch: 100, Loss: 1.0958
Run: 01, Epoch: 100, Loss: 1.0958, Train: 33.33%, Valid: 33.33%, Test: 33.33%
Run: 01, Epoch: 101, Loss: 1.0941
Run: 01, Epoch: 102, Loss: 1.0942
Run: 01, Epoch: 103, Loss: 1.0931
Run: 01, Epoch: 104, Loss: 1.0930
Run: 01, Epoch: 105, Loss: 1.0921
Run: 01, Epoch: 106, Loss: 1.0919
Run: 01, Epoch: 107, Loss: 1.0908
Run: 01, Epoch: 108, Loss: 1.0911
Run: 01, Epoch: 109, Loss: 1.0907
Run: 01, Epoch: 110, Loss: 1.0904
Run: 01, Epoch: 110, Loss: 1.0904, Train: 33.44%, Valid: 33.44%, Test: 33.33%
Run: 01, Epoch: 111, Loss: 1.0904
Run: 01, Epoch: 112, Loss: 1.0867
Run: 01, Epoch: 113, Loss: 1.0864
Run: 01, Epoch: 114, Loss: 1.0858
Run: 01, Epoch: 115, Loss: 1.0842
Run: 01, Epoch: 116, Loss: 1.0816
Run: 01, Epoch: 117, Loss: 1.0822
Run: 01, Epoch: 118, Loss: 1.0788
Run: 01, Epoch: 119, Loss: 1.0771
Run: 01, Epoch: 120, Loss: 1.0788
Run: 01, Epoch: 120, Loss: 1.0788, Train: 43.48%, Valid: 44.18%, Test: 43.46%
Run: 01, Epoch: 121, Loss: 1.0769
Run: 01, Epoch: 122, Loss: 1.0744
Run: 01, Epoch: 123, Loss: 1.0736
Run: 01, Epoch: 124, Loss: 1.0715
Run: 01, Epoch: 125, Loss: 1.0701
Run: 01, Epoch: 126, Loss: 1.0664
Run: 01, Epoch: 127, Loss: 1.0692
Run: 01, Epoch: 128, Loss: 1.0601
Run: 01, Epoch: 129, Loss: 1.0641
Run: 01, Epoch: 130, Loss: 1.0585
Run: 01, Epoch: 130, Loss: 1.0585, Train: 45.38%, Valid: 46.36%, Test: 45.54%
Run: 01, Epoch: 131, Loss: 1.0586
Run: 01, Epoch: 132, Loss: 1.0559
Run: 01, Epoch: 133, Loss: 1.0537
Run: 01, Epoch: 134, Loss: 1.0496
Run: 01, Epoch: 135, Loss: 1.0473
Run: 01, Epoch: 136, Loss: 1.0496
Run: 01, Epoch: 137, Loss: 1.0402
Run: 01, Epoch: 138, Loss: 1.0448
Run: 01, Epoch: 139, Loss: 1.0434
Run: 01, Epoch: 140, Loss: 1.0476
Run: 01, Epoch: 140, Loss: 1.0476, Train: 46.61%, Valid: 47.76%, Test: 46.29%
Run: 01, Epoch: 141, Loss: 1.0428
Run: 01, Epoch: 142, Loss: 1.0418
Run: 01, Epoch: 143, Loss: 1.0432
Run: 01, Epoch: 144, Loss: 1.0374
Run: 01, Epoch: 145, Loss: 1.0418
Run: 01, Epoch: 146, Loss: 1.0398
Run: 01, Epoch: 147, Loss: 1.0408
Run: 01, Epoch: 148, Loss: 1.0371
Run: 01, Epoch: 149, Loss: 1.0403
Run: 01, Epoch: 150, Loss: 1.0386
Run: 01, Epoch: 150, Loss: 1.0386, Train: 46.68%, Valid: 48.07%, Test: 46.71%
Run 01:
Highest Train: 46.68
Highest Valid: 48.07
  Final Train: 46.68
   Final Test: 46.71
All runs:
Highest Train: 46.68 ± nan
Highest Valid: 48.07 ± nan
  Final Train: 46.68 ± nan
   Final Test: 46.71 ± nan
