Run: 01, Epoch: 01, Loss: 1.8755
Run: 01, Epoch: 02, Loss: 3.2866
Run: 01, Epoch: 03, Loss: 2.2017
Run: 01, Epoch: 04, Loss: 1.5307
Run: 01, Epoch: 05, Loss: 1.4807
Run: 01, Epoch: 06, Loss: 1.4909
Run: 01, Epoch: 07, Loss: 1.3761
Run: 01, Epoch: 08, Loss: 1.2508
Run: 01, Epoch: 09, Loss: 1.1684
Run: 01, Epoch: 10, Loss: 1.1247
Run: 01, Epoch: 10, Loss: 1.1247, Train: 38.09%, Valid: 37.93%, Test: 37.04%
Run: 01, Epoch: 11, Loss: 1.1338
Run: 01, Epoch: 12, Loss: 1.1438
Run: 01, Epoch: 13, Loss: 1.1242
Run: 01, Epoch: 14, Loss: 1.1107
Run: 01, Epoch: 15, Loss: 1.1080
Run: 01, Epoch: 16, Loss: 1.1019
Run: 01, Epoch: 17, Loss: 1.0975
Run: 01, Epoch: 18, Loss: 1.0976
Run: 01, Epoch: 19, Loss: 1.0967
Run: 01, Epoch: 20, Loss: 1.0942
Run: 01, Epoch: 20, Loss: 1.0942, Train: 33.33%, Valid: 33.33%, Test: 33.33%
Run: 01, Epoch: 21, Loss: 1.0936
Run: 01, Epoch: 22, Loss: 1.0941
Run: 01, Epoch: 23, Loss: 1.0934
Run: 01, Epoch: 24, Loss: 1.0916
Run: 01, Epoch: 25, Loss: 1.0919
Run: 01, Epoch: 26, Loss: 1.0913
Run: 01, Epoch: 27, Loss: 1.0914
Run: 01, Epoch: 28, Loss: 1.0887
Run: 01, Epoch: 29, Loss: 1.0878
Run: 01, Epoch: 30, Loss: 1.0861
Run: 01, Epoch: 30, Loss: 1.0861, Train: 33.36%, Valid: 33.33%, Test: 33.31%
Run: 01, Epoch: 31, Loss: 1.0852
Run: 01, Epoch: 32, Loss: 1.0829
Run: 01, Epoch: 33, Loss: 1.0812
Run: 01, Epoch: 34, Loss: 1.0816
Run: 01, Epoch: 35, Loss: 1.0782
Run: 01, Epoch: 36, Loss: 1.0743
Run: 01, Epoch: 37, Loss: 1.0750
Run: 01, Epoch: 38, Loss: 1.0750
Run: 01, Epoch: 39, Loss: 1.0719
Run: 01, Epoch: 40, Loss: 1.0735
Run: 01, Epoch: 40, Loss: 1.0735, Train: 43.43%, Valid: 43.35%, Test: 43.59%
Run: 01, Epoch: 41, Loss: 1.0703
Run: 01, Epoch: 42, Loss: 1.0698
Run: 01, Epoch: 43, Loss: 1.0721
Run: 01, Epoch: 44, Loss: 1.0668
Run: 01, Epoch: 45, Loss: 1.0668
Run: 01, Epoch: 46, Loss: 1.0648
Run: 01, Epoch: 47, Loss: 1.0638
Run: 01, Epoch: 48, Loss: 1.0600
Run: 01, Epoch: 49, Loss: 1.0603
Run: 01, Epoch: 50, Loss: 1.0619
Run: 01, Epoch: 50, Loss: 1.0619, Train: 42.73%, Valid: 42.57%, Test: 42.82%
Run: 01, Epoch: 51, Loss: 1.0620
Run: 01, Epoch: 52, Loss: 1.0591
Run: 01, Epoch: 53, Loss: 1.0563
Run: 01, Epoch: 54, Loss: 1.0573
Run: 01, Epoch: 55, Loss: 1.0560
Run: 01, Epoch: 56, Loss: 1.0564
Run: 01, Epoch: 57, Loss: 1.0526
Run: 01, Epoch: 58, Loss: 1.0514
Run: 01, Epoch: 59, Loss: 1.0493
Run: 01, Epoch: 60, Loss: 1.0513
Run: 01, Epoch: 60, Loss: 1.0513, Train: 52.23%, Valid: 53.03%, Test: 52.48%
Run: 01, Epoch: 61, Loss: 1.0502
Run: 01, Epoch: 62, Loss: 1.0500
Run: 01, Epoch: 63, Loss: 1.0453
Run: 01, Epoch: 64, Loss: 1.0472
Run: 01, Epoch: 65, Loss: 1.0425
Run: 01, Epoch: 66, Loss: 1.0401
Run: 01, Epoch: 67, Loss: 1.0413
Run: 01, Epoch: 68, Loss: 1.0440
Run: 01, Epoch: 69, Loss: 1.0391
Run: 01, Epoch: 70, Loss: 1.0384
Run: 01, Epoch: 70, Loss: 1.0384, Train: 52.10%, Valid: 52.51%, Test: 52.33%
Run: 01, Epoch: 71, Loss: 1.0372
Run: 01, Epoch: 72, Loss: 1.0372
Run: 01, Epoch: 73, Loss: 1.0405
Run: 01, Epoch: 74, Loss: 1.0349
Run: 01, Epoch: 75, Loss: 1.0370
Run: 01, Epoch: 76, Loss: 1.0392
Run: 01, Epoch: 77, Loss: 1.0328
Run: 01, Epoch: 78, Loss: 1.0326
Run: 01, Epoch: 79, Loss: 1.0309
Run: 01, Epoch: 80, Loss: 1.0275
Run: 01, Epoch: 80, Loss: 1.0275, Train: 53.32%, Valid: 53.75%, Test: 53.00%
Run: 01, Epoch: 81, Loss: 1.0322
Run: 01, Epoch: 82, Loss: 1.0308
Run: 01, Epoch: 83, Loss: 1.0283
Run: 01, Epoch: 84, Loss: 1.0256
Run: 01, Epoch: 85, Loss: 1.0237
Run: 01, Epoch: 86, Loss: 1.0247
Run: 01, Epoch: 87, Loss: 1.0237
Run: 01, Epoch: 88, Loss: 1.0218
Run: 01, Epoch: 89, Loss: 1.0221
Run: 01, Epoch: 90, Loss: 1.0163
Run: 01, Epoch: 90, Loss: 1.0163, Train: 53.40%, Valid: 54.30%, Test: 52.50%
Run: 01, Epoch: 91, Loss: 1.0214
Run: 01, Epoch: 92, Loss: 1.0168
Run: 01, Epoch: 93, Loss: 1.0139
Run: 01, Epoch: 94, Loss: 1.0175
Run: 01, Epoch: 95, Loss: 1.0138
Run: 01, Epoch: 96, Loss: 1.0065
Run: 01, Epoch: 97, Loss: 1.0120
Run: 01, Epoch: 98, Loss: 1.0041
Run: 01, Epoch: 99, Loss: 1.0048
Run: 01, Epoch: 100, Loss: 1.0012
Run: 01, Epoch: 100, Loss: 1.0012, Train: 53.74%, Valid: 54.62%, Test: 53.62%
Run: 01, Epoch: 101, Loss: 0.9928
Run: 01, Epoch: 102, Loss: 0.9935
Run: 01, Epoch: 103, Loss: 0.9947
Run: 01, Epoch: 104, Loss: 0.9978
Run: 01, Epoch: 105, Loss: 0.9862
Run: 01, Epoch: 106, Loss: 0.9835
Run: 01, Epoch: 107, Loss: 0.9786
Run: 01, Epoch: 108, Loss: 0.9798
Run: 01, Epoch: 109, Loss: 0.9772
Run: 01, Epoch: 110, Loss: 0.9744
Run: 01, Epoch: 110, Loss: 0.9744, Train: 53.67%, Valid: 54.68%, Test: 53.74%
Run: 01, Epoch: 111, Loss: 0.9707
Run: 01, Epoch: 112, Loss: 0.9720
Run: 01, Epoch: 113, Loss: 0.9740
Run: 01, Epoch: 114, Loss: 0.9659
Run: 01, Epoch: 115, Loss: 0.9672
Run: 01, Epoch: 116, Loss: 0.9691
Run: 01, Epoch: 117, Loss: 0.9679
Run: 01, Epoch: 118, Loss: 0.9685
Run: 01, Epoch: 119, Loss: 0.9627
Run: 01, Epoch: 120, Loss: 0.9641
Run: 01, Epoch: 120, Loss: 0.9641, Train: 53.76%, Valid: 54.15%, Test: 53.44%
Run: 01, Epoch: 121, Loss: 0.9629
Run: 01, Epoch: 122, Loss: 0.9691
Run: 01, Epoch: 123, Loss: 0.9651
Run: 01, Epoch: 124, Loss: 0.9603
Run: 01, Epoch: 125, Loss: 0.9624
Run: 01, Epoch: 126, Loss: 0.9654
Run: 01, Epoch: 127, Loss: 0.9600
Run: 01, Epoch: 128, Loss: 0.9621
Run: 01, Epoch: 129, Loss: 0.9602
Run: 01, Epoch: 130, Loss: 0.9635
Run: 01, Epoch: 130, Loss: 0.9635, Train: 53.57%, Valid: 54.07%, Test: 53.54%
Run: 01, Epoch: 131, Loss: 0.9604
Run: 01, Epoch: 132, Loss: 0.9628
Run: 01, Epoch: 133, Loss: 0.9572
Run: 01, Epoch: 134, Loss: 0.9681
Run: 01, Epoch: 135, Loss: 0.9560
Run: 01, Epoch: 136, Loss: 0.9654
Run: 01, Epoch: 137, Loss: 0.9628
Run: 01, Epoch: 138, Loss: 0.9629
Run: 01, Epoch: 139, Loss: 0.9603
Run: 01, Epoch: 140, Loss: 0.9586
Run: 01, Epoch: 140, Loss: 0.9586, Train: 53.68%, Valid: 54.38%, Test: 53.67%
Run: 01, Epoch: 141, Loss: 0.9612
Run: 01, Epoch: 142, Loss: 0.9638
Run: 01, Epoch: 143, Loss: 0.9576
Run: 01, Epoch: 144, Loss: 0.9606
Run: 01, Epoch: 145, Loss: 0.9627
Run: 01, Epoch: 146, Loss: 0.9632
Run: 01, Epoch: 147, Loss: 0.9599
Run: 01, Epoch: 148, Loss: 0.9604
Run: 01, Epoch: 149, Loss: 0.9577
Run: 01, Epoch: 150, Loss: 0.9570
Run: 01, Epoch: 150, Loss: 0.9570, Train: 53.74%, Valid: 54.23%, Test: 53.52%
Run 01:
Highest Train: 53.76
Highest Valid: 54.68
  Final Train: 53.67
   Final Test: 53.74
All runs:
Highest Train: 53.76 ± nan
Highest Valid: 54.68 ± nan
  Final Train: 53.67 ± nan
   Final Test: 53.74 ± nan
