Run: 01, Epoch: 01, Loss: 5.7891
Run: 01, Epoch: 02, Loss: 9.0408
Run: 01, Epoch: 03, Loss: 5.3877
Run: 01, Epoch: 04, Loss: 2.4715
Run: 01, Epoch: 05, Loss: 1.3433
Run: 01, Epoch: 06, Loss: 1.1118
Run: 01, Epoch: 07, Loss: 1.0949
Run: 01, Epoch: 08, Loss: 1.0956
Run: 01, Epoch: 09, Loss: 1.0991
Run: 01, Epoch: 10, Loss: 1.0968
Run: 01, Epoch: 10, Loss: 1.0968, Train: 33.33%, Valid: 33.33%, Test: 33.33%
Run: 01, Epoch: 11, Loss: 1.0981
Run: 01, Epoch: 12, Loss: 1.0967
Run: 01, Epoch: 13, Loss: 1.0980
Run: 01, Epoch: 14, Loss: 1.0886
Run: 01, Epoch: 15, Loss: 1.0904
Run: 01, Epoch: 16, Loss: 1.0946
Run: 01, Epoch: 17, Loss: 1.0922
Run: 01, Epoch: 18, Loss: 1.0880
Run: 01, Epoch: 19, Loss: 1.0853
Run: 01, Epoch: 20, Loss: 1.0805
Run: 01, Epoch: 20, Loss: 1.0805, Train: 35.51%, Valid: 35.61%, Test: 36.11%
Run: 01, Epoch: 21, Loss: 1.0777
Run: 01, Epoch: 22, Loss: 1.0789
Run: 01, Epoch: 23, Loss: 1.0715
Run: 01, Epoch: 24, Loss: 1.0686
Run: 01, Epoch: 25, Loss: 1.0711
Run: 01, Epoch: 26, Loss: 1.0654
Run: 01, Epoch: 27, Loss: 1.0617
Run: 01, Epoch: 28, Loss: 1.0660
Run: 01, Epoch: 29, Loss: 1.0591
Run: 01, Epoch: 30, Loss: 1.0568
Run: 01, Epoch: 30, Loss: 1.0568, Train: 44.07%, Valid: 45.22%, Test: 44.63%
Run: 01, Epoch: 31, Loss: 1.0475
Run: 01, Epoch: 32, Loss: 1.0558
Run: 01, Epoch: 33, Loss: 1.0521
Run: 01, Epoch: 34, Loss: 1.0423
Run: 01, Epoch: 35, Loss: 1.0440
Run: 01, Epoch: 36, Loss: 1.0433
Run: 01, Epoch: 37, Loss: 1.0354
Run: 01, Epoch: 38, Loss: 1.0326
Run: 01, Epoch: 39, Loss: 1.0293
Run: 01, Epoch: 40, Loss: 1.0244
Run: 01, Epoch: 40, Loss: 1.0244, Train: 49.29%, Valid: 49.04%, Test: 49.48%
Run: 01, Epoch: 41, Loss: 1.0217
Run: 01, Epoch: 42, Loss: 1.0192
Run: 01, Epoch: 43, Loss: 1.0219
Run: 01, Epoch: 44, Loss: 1.0175
Run: 01, Epoch: 45, Loss: 1.0116
Run: 01, Epoch: 46, Loss: 1.0125
Run: 01, Epoch: 47, Loss: 1.0073
Run: 01, Epoch: 48, Loss: 1.0053
Run: 01, Epoch: 49, Loss: 1.0026
Run: 01, Epoch: 50, Loss: 1.0006
Run: 01, Epoch: 50, Loss: 1.0006, Train: 53.66%, Valid: 53.81%, Test: 54.88%
Run: 01, Epoch: 51, Loss: 0.9956
Run: 01, Epoch: 52, Loss: 0.9902
Run: 01, Epoch: 53, Loss: 0.9982
Run: 01, Epoch: 54, Loss: 0.9907
Run: 01, Epoch: 55, Loss: 0.9873
Run: 01, Epoch: 56, Loss: 0.9886
Run: 01, Epoch: 57, Loss: 0.9827
Run: 01, Epoch: 58, Loss: 0.9765
Run: 01, Epoch: 59, Loss: 0.9838
Run: 01, Epoch: 60, Loss: 0.9751
Run: 01, Epoch: 60, Loss: 0.9751, Train: 55.95%, Valid: 56.27%, Test: 56.22%
Run: 01, Epoch: 61, Loss: 0.9785
Run: 01, Epoch: 62, Loss: 0.9742
Run: 01, Epoch: 63, Loss: 0.9778
Run: 01, Epoch: 64, Loss: 0.9724
Run: 01, Epoch: 65, Loss: 0.9720
Run: 01, Epoch: 66, Loss: 0.9652
Run: 01, Epoch: 67, Loss: 0.9639
Run: 01, Epoch: 68, Loss: 0.9679
Run: 01, Epoch: 69, Loss: 0.9606
Run: 01, Epoch: 70, Loss: 0.9567
Run: 01, Epoch: 70, Loss: 0.9567, Train: 55.95%, Valid: 56.09%, Test: 55.36%
Run: 01, Epoch: 71, Loss: 0.9595
Run: 01, Epoch: 72, Loss: 0.9563
Run: 01, Epoch: 73, Loss: 0.9625
Run: 01, Epoch: 74, Loss: 0.9603
Run: 01, Epoch: 75, Loss: 0.9495
Run: 01, Epoch: 76, Loss: 0.9625
Run: 01, Epoch: 77, Loss: 0.9502
Run: 01, Epoch: 78, Loss: 0.9513
Run: 01, Epoch: 79, Loss: 0.9535
Run: 01, Epoch: 80, Loss: 0.9532
Run: 01, Epoch: 80, Loss: 0.9532, Train: 56.21%, Valid: 56.03%, Test: 55.60%
Run: 01, Epoch: 81, Loss: 0.9461
Run: 01, Epoch: 82, Loss: 0.9592
Run: 01, Epoch: 83, Loss: 0.9513
Run: 01, Epoch: 84, Loss: 0.9479
Run: 01, Epoch: 85, Loss: 0.9546
Run: 01, Epoch: 86, Loss: 0.9582
Run: 01, Epoch: 87, Loss: 0.9478
Run: 01, Epoch: 88, Loss: 0.9529
Run: 01, Epoch: 89, Loss: 0.9473
Run: 01, Epoch: 90, Loss: 0.9476
Run: 01, Epoch: 90, Loss: 0.9476, Train: 56.06%, Valid: 56.32%, Test: 55.48%
Run: 01, Epoch: 91, Loss: 0.9461
Run: 01, Epoch: 92, Loss: 0.9505
Run: 01, Epoch: 93, Loss: 0.9455
Run: 01, Epoch: 94, Loss: 0.9467
Run: 01, Epoch: 95, Loss: 0.9466
Run: 01, Epoch: 96, Loss: 0.9473
Run: 01, Epoch: 97, Loss: 0.9443
Run: 01, Epoch: 98, Loss: 0.9486
Run: 01, Epoch: 99, Loss: 0.9453
Run: 01, Epoch: 100, Loss: 0.9501
Run: 01, Epoch: 100, Loss: 0.9501, Train: 56.40%, Valid: 56.18%, Test: 56.19%
Run: 01, Epoch: 101, Loss: 0.9456
Run: 01, Epoch: 102, Loss: 0.9466
Run: 01, Epoch: 103, Loss: 0.9453
Run: 01, Epoch: 104, Loss: 0.9398
Run: 01, Epoch: 105, Loss: 0.9412
Run: 01, Epoch: 106, Loss: 0.9451
Run: 01, Epoch: 107, Loss: 0.9431
Run: 01, Epoch: 108, Loss: 0.9382
Run: 01, Epoch: 109, Loss: 0.9396
Run: 01, Epoch: 110, Loss: 0.9386
Run: 01, Epoch: 110, Loss: 0.9386, Train: 57.11%, Valid: 56.44%, Test: 56.97%
Run: 01, Epoch: 111, Loss: 0.9425
Run: 01, Epoch: 112, Loss: 0.9386
Run: 01, Epoch: 113, Loss: 0.9365
Run: 01, Epoch: 114, Loss: 0.9386
Run: 01, Epoch: 115, Loss: 0.9302
Run: 01, Epoch: 116, Loss: 0.9320
Run: 01, Epoch: 117, Loss: 0.9350
Run: 01, Epoch: 118, Loss: 0.9380
Run: 01, Epoch: 119, Loss: 0.9316
Run: 01, Epoch: 120, Loss: 0.9317
Run: 01, Epoch: 120, Loss: 0.9317, Train: 57.09%, Valid: 56.90%, Test: 56.59%
Run: 01, Epoch: 121, Loss: 0.9334
Run: 01, Epoch: 122, Loss: 0.9338
Run: 01, Epoch: 123, Loss: 0.9296
Run: 01, Epoch: 124, Loss: 0.9315
Run: 01, Epoch: 125, Loss: 0.9295
Run: 01, Epoch: 126, Loss: 0.9287
Run: 01, Epoch: 127, Loss: 0.9284
Run: 01, Epoch: 128, Loss: 0.9312
Run: 01, Epoch: 129, Loss: 0.9295
Run: 01, Epoch: 130, Loss: 0.9276
Run: 01, Epoch: 130, Loss: 0.9276, Train: 56.81%, Valid: 56.36%, Test: 56.74%
Run: 01, Epoch: 131, Loss: 0.9304
Run: 01, Epoch: 132, Loss: 0.9285
Run: 01, Epoch: 133, Loss: 0.9331
Run: 01, Epoch: 134, Loss: 0.9273
Run: 01, Epoch: 135, Loss: 0.9287
Run: 01, Epoch: 136, Loss: 0.9299
Run: 01, Epoch: 137, Loss: 0.9244
Run: 01, Epoch: 138, Loss: 0.9303
Run: 01, Epoch: 139, Loss: 0.9309
Run: 01, Epoch: 140, Loss: 0.9222
Run: 01, Epoch: 140, Loss: 0.9222, Train: 56.64%, Valid: 56.39%, Test: 56.27%
Run: 01, Epoch: 141, Loss: 0.9290
Run: 01, Epoch: 142, Loss: 0.9258
Run: 01, Epoch: 143, Loss: 0.9253
Run: 01, Epoch: 144, Loss: 0.9282
Run: 01, Epoch: 145, Loss: 0.9225
Run: 01, Epoch: 146, Loss: 0.9245
Run: 01, Epoch: 147, Loss: 0.9203
Run: 01, Epoch: 148, Loss: 0.9222
Run: 01, Epoch: 149, Loss: 0.9170
Run: 01, Epoch: 150, Loss: 0.9189
Run: 01, Epoch: 150, Loss: 0.9189, Train: 57.08%, Valid: 56.71%, Test: 57.05%
Run 01:
Highest Train: 57.11
Highest Valid: 56.90
  Final Train: 57.09
   Final Test: 56.59
All runs:
Highest Train: 57.11 ± nan
Highest Valid: 56.90 ± nan
  Final Train: 57.09 ± nan
   Final Test: 56.59 ± nan
