Task   : mf__edge_attr
Model  : MF
Dataset: ogbl-BALBc_no1_spatial_edge_attr
Script : C:\Users\UNITY\Desktop\ANH\Image-Processing-2026\source\baseline_models\link_prediction\OGB_MF\mf.py
Command: C:\Users\UNITY\AppData\Local\Programs\Python\Python313\python.exe C:\Users\UNITY\Desktop\ANH\Image-Processing-2026\source\baseline_models\link_prediction\OGB_MF\mf.py --dataset ogbl-BALBc_no1_spatial_edge_attr --splitting_strategy spatial --eval_metric auc --epochs 50 --runs 3 --batch_size 1048576 --eval_steps 5
Started: 2026-05-09T01:48:51.249389
========================================================================

[MF] Threads: intra=20  inter=4  CUDA=False
C:\Users\UNITY\AppData\Local\Programs\Python\Python313\Lib\site-packages\requests\__init__.py:109: RequestsDependencyWarning: urllib3 (2.6.3) or chardet (6.0.0.post1)/charset_normalizer (3.4.4) doesn't match a supported version!
  warnings.warn(
C:\Users\UNITY\AppData\Local\Programs\Python\Python313\Lib\site-packages\outdated\__init__.py:36: UserWarning: pkg_resources is deprecated as an API. See https://setuptools.pypa.io/en/latest/pkg_resources.html. The pkg_resources package is slated for removal as early as 2025-11-30. Refrain from using this package or pin to Setuptools<81.
  from pkg_resources import parse_version
WARNING:root:The OGB package is out of date. Your version is 1.3.1, while the latest version is 1.3.6.
forrtl: error (200): program aborting due to window-CLOSE event
Image              PC                Routine            Line        Source             
KERNELBASE.dll     00007FF827BDC203  Unknown               Unknown  Unknown
KERNEL32.DLL       00007FF828487374  Unknown               Unknown  Unknown
ntdll.dll          00007FF82A3BCC91  Unknown               Unknown  Unknown

========================================================================
Finished   : 2026-05-09T01:48:56.281831
Elapsed (s): 5.0
Return code: 2
