Task   : mlp__C57BL_edge_attr
Model  : MLP
Dataset: ogbl-C57BL_6_no1_spatial_edge_attr
Script : C:\Users\UNITY\Desktop\ANH\Image-Processing-2026\source\baseline_models\link_prediction\OGB_MLP\mlp.py
Command: C:\Users\UNITY\AppData\Local\Programs\Python\Python313\python.exe C:\Users\UNITY\Desktop\ANH\Image-Processing-2026\source\baseline_models\link_prediction\OGB_MLP\mlp.py --dataset ogbl-C57BL_6_no1_spatial_edge_attr --splitting_strategy spatial --eval_metric auc --epochs 20 --runs 1 --batch_size 262144 --eval_steps 5 --hidden_channels 128 --lr 0.0002
Started: 2026-05-09T23:02:19.915386
========================================================================

[MLP] Threads: intra=20  inter=4  CUDA=False
C:\Users\UNITY\AppData\Local\Programs\Python\Python313\Lib\site-packages\requests\__init__.py:109: RequestsDependencyWarning: urllib3 (2.6.3) or chardet (6.0.0.post1)/charset_normalizer (3.4.4) doesn't match a supported version!
  warnings.warn(
C:\Users\UNITY\AppData\Local\Programs\Python\Python313\Lib\site-packages\outdated\__init__.py:36: UserWarning: pkg_resources is deprecated as an API. See https://setuptools.pypa.io/en/latest/pkg_resources.html. The pkg_resources package is slated for removal as early as 2025-11-30. Refrain from using this package or pin to Setuptools<81.
  from pkg_resources import parse_version
WARNING:root:The OGB package is out of date. Your version is 1.3.1, while the latest version is 1.3.6.
Running on: ogbl-C57BL_6_no1_spatial_edge_attr
Utilizing Evaluation Metric: auc
Loading dataset...
Downloading https://syncandshare.lrz.de/dl/fiR9hsVweGLzHeP5Qji2cYfA/C57BL_6_no1_spatial_edge_attr.zip

  0%|          | 0/610 [00:00<?, ?it/s]
Downloaded 0.00 GB:   0%|          | 0/610 [00:03<?, ?it/s]
Downloaded 0.00 GB:   0%|          | 1/610 [00:03<34:35,  3.41s/it]
Downloaded 0.00 GB:   0%|          | 1/610 [00:04<34:35,  3.41s/it]
Downloaded 0.00 GB:   0%|          | 2/610 [00:04<21:00,  2.07s/it]
Downloaded 0.00 GB:   0%|          | 2/610 [00:05<21:00,  2.07s/it]
Downloaded 0.00 GB:   0%|          | 3/610 [00:05<15:36,  1.54s/it]
Downloaded 0.00 GB:   0%|          | 3/610 [00:06<15:36,  1.54s/it]
Downloaded 0.00 GB:   1%|          | 4/610 [00:06<11:39,  1.15s/it]
Downloaded 0.00 GB:   1%|          | 4/610 [00:06<11:39,  1.15s/it]
Downloaded 0.00 GB:   1%|          | 5/610 [00:06<09:32,  1.06it/s]
Downloaded 0.01 GB:   1%|          | 5/610 [00:06<09:32,  1.06it/s]
Downloaded 0.01 GB:   1%|          | 6/610 [00:06<07:35,  1.33it/s]
Downloaded 0.01 GB:   1%|          | 6/610 [00:07<07:35,  1.33it/s]
Downloaded 0.01 GB:   1%|1         | 7/610 [00:07<06:14,  1.61it/s]
Downloaded 0.01 GB:   1%|1         | 7/610 [00:07<06:14,  1.61it/s]
Downloaded 0.01 GB:   1%|1         | 8/610 [00:07<05:53,  1.70it/s]
Downloaded 0.01 GB:   1%|1         | 8/610 [00:08<05:53,  1.70it/s]
Downloaded 0.01 GB:   1%|1         | 9/610 [00:08<05:52,  1.70it/s]
Downloaded 0.01 GB:   1%|1         | 9/610 [00:08<05:52,  1.70it/s]
Downloaded 0.01 GB:   2%|1         | 10/610 [00:08<05:31,  1.81it/s]
Downloaded 0.01 GB:   2%|1         | 10/610 [00:09<05:31,  1.81it/s]
Downloaded 0.01 GB:   2%|1         | 11/610 [00:09<05:14,  1.91it/s]
Downloaded 0.01 GB:   2%|1         | 11/610 [00:09<05:14,  1.91it/s]
Downloaded 0.01 GB:   2%|1         | 12/610 [00:09<05:00,  1.99it/s]
Downloaded 0.01 GB:   2%|1         | 12/610 [00:10<05:00,  1.99it/s]
Downloaded 0.01 GB:   2%|2         | 13/610 [00:10<04:48,  2.07it/s]
Downloaded 0.01 GB:   2%|2         | 13/610 [00:10<04:48,  2.07it/s]
Downloaded 0.01 GB:   2%|2         | 14/610 [00:10<04:36,  2.15it/s]
Downloaded 0.01 GB:   2%|2         | 14/610 [00:11<04:36,  2.15it/s]
Downloaded 0.01 GB:   2%|2         | 15/610 [00:11<04:29,  2.21it/s]
Downloaded 0.02 GB:   2%|2         | 15/610 [00:11<04:29,  2.21it/s]
Downloaded 0.02 GB:   3%|2         | 16/610 [00:11<04:21,  2.28it/s]
Downloaded 0.02 GB:   3%|2         | 16/610 [00:11<04:21,  2.28it/s]
Downloaded 0.02 GB:   3%|2         | 17/610 [00:11<04:12,  2.35it/s]
Downloaded 0.02 GB:   3%|2         | 17/610 [00:12<04:12,  2.35it/s]
Downloaded 0.02 GB:   3%|2         | 18/610 [00:12<04:06,  2.40it/s]
Downloaded 0.02 GB:   3%|2         | 18/610 [00:12<04:06,  2.40it/s]
Downloaded 0.02 GB:   3%|3         | 19/610 [00:12<03:59,  2.46it/s]
Downloaded 0.02 GB:   3%|3         | 19/610 [00:13<03:59,  2.46it/s]
Downloaded 0.02 GB:   3%|3         | 20/610 [00:13<03:53,  2.53it/s]
Downloaded 0.02 GB:   3%|3         | 20/610 [00:13<03:53,  2.53it/s]
Downloaded 0.02 GB:   3%|3         | 21/610 [00:13<03:48,  2.58it/s]
Downloaded 0.02 GB:   3%|3         | 21/610 [00:13<03:48,  2.58it/s]
Downloaded 0.02 GB:   4%|3         | 22/610 [00:13<03:43,  2.63it/s]
Downloaded 0.02 GB:   4%|3         | 22/610 [00:14<03:43,  2.63it/s]
Downloaded 0.02 GB:   4%|3         | 23/610 [00:14<03:38,  2.68it/s]
Downloaded 0.02 GB:   4%|3         | 23/610 [00:14<03:38,  2.68it/s]
Downloaded 0.02 GB:   4%|3         | 24/610 [00:14<03:34,  2.73it/s]
Downloaded 0.02 GB:   4%|3         | 24/610 [00:14<03:34,  2.73it/s]
Downloaded 0.02 GB:   4%|4         | 25/610 [00:14<03:30,  2.78it/s]
Downloaded 0.03 GB:   4%|4         | 25/610 [00:15<03:30,  2.78it/s]
Downloaded 0.03 GB:   4%|4         | 26/610 [00:15<03:25,  2.84it/s]
Downloaded 0.03 GB:   4%|4         | 26/610 [00:15<03:25,  2.84it/s]
Downloaded 0.03 GB:   4%|4         | 27/610 [00:15<03:22,  2.88it/s]
Downloaded 0.03 GB:   4%|4         | 27/610 [00:15<03:22,  2.88it/s]
Downloaded 0.03 GB:   5%|4         | 28/610 [00:15<03:19,  2.92it/s]
Downloaded 0.03 GB:   5%|4         | 28/610 [00:16<03:19,  2.92it/s]
Downloaded 0.03 GB:   5%|4         | 29/610 [00:16<03:15,  2.98it/s]
Downloaded 0.03 GB:   5%|4         | 29/610 [00:16<03:15,  2.98it/s]
Downloaded 0.03 GB:   5%|4         | 30/610 [00:16<03:12,  3.01it/s]
Downloaded 0.03 GB:   5%|4         | 30/610 [00:16<03:12,  3.01it/s]
Downloaded 0.03 GB:   5%|5         | 31/610 [00:16<03:08,  3.07it/s]
Downloaded 0.03 GB:   5%|5         | 31/610 [00:17<03:08,  3.07it/s]
Downloaded 0.03 GB:   5%|5         | 32/610 [00:17<03:05,  3.12it/s]
Downloaded 0.03 GB:   5%|5         | 32/610 [00:17<03:05,  3.12it/s]
Downloaded 0.03 GB:   5%|5         | 33/610 [00:17<03:01,  3.18it/s]
Downloaded 0.03 GB:   5%|5         | 33/610 [00:17<03:01,  3.18it/s]
Downloaded 0.03 GB:   6%|5         | 34/610 [00:17<02:58,  3.23it/s]
Downloaded 0.03 GB:   6%|5         | 34/610 [00:17<02:58,  3.23it/s]
Downloaded 0.03 GB:   6%|5         | 35/610 [00:17<02:55,  3.27it/s]
Downloaded 0.04 GB:   6%|5         | 35/610 [00:18<02:55,  3.27it/s]
Downloaded 0.04 GB:   6%|5         | 36/610 [00:18<02:53,  3.31it/s]
Downloaded 0.04 GB:   6%|5         | 36/610 [00:18<02:53,  3.31it/s]
Downloaded 0.04 GB:   6%|6         | 37/610 [00:18<02:50,  3.37it/s]
Downloaded 0.04 GB:   6%|6         | 37/610 [00:18<02:50,  3.37it/s]
Downloaded 0.04 GB:   6%|6         | 38/610 [00:18<02:47,  3.42it/s]
Downloaded 0.04 GB:   6%|6         | 38/610 [00:19<02:47,  3.42it/s]
Downloaded 0.04 GB:   6%|6         | 39/610 [00:19<02:45,  3.45it/s]
Downloaded 0.04 GB:   6%|6         | 39/610 [00:19<02:45,  3.45it/s]
Downloaded 0.04 GB:   7%|6         | 40/610 [00:19<02:42,  3.50it/s]
Downloaded 0.04 GB:   7%|6         | 40/610 [00:19<02:42,  3.50it/s]
Downloaded 0.04 GB:   7%|6         | 41/610 [00:19<02:39,  3.56it/s]
Downloaded 0.04 GB:   7%|6         | 41/610 [00:19<02:39,  3.56it/s]
Downloaded 0.04 GB:   7%|6         | 42/610 [00:19<02:38,  3.59it/s]
Downloaded 0.04 GB:   7%|6         | 42/610 [00:20<02:38,  3.59it/s]
Downloaded 0.04 GB:   7%|7         | 43/610 [00:20<02:35,  3.65it/s]
Downloaded 0.04 GB:   7%|7         | 43/610 [00:20<02:35,  3.65it/s]
Downloaded 0.04 GB:   7%|7         | 44/610 [00:20<02:33,  3.70it/s]
Downloaded 0.04 GB:   7%|7         | 44/610 [00:20<02:33,  3.70it/s]
Downloaded 0.04 GB:   7%|7         | 45/610 [00:20<02:31,  3.73it/s]
Downloaded 0.04 GB:   7%|7         | 45/610 [00:20<02:31,  3.73it/s]
Downloaded 0.04 GB:   8%|7         | 46/610 [00:20<02:29,  3.77it/s]
Downloaded 0.05 GB:   8%|7         | 46/610 [00:21<02:29,  3.77it/s]
Downloaded 0.05 GB:   8%|7         | 47/610 [00:21<02:27,  3.81it/s]
Downloaded 0.05 GB:   8%|7         | 47/610 [00:21<02:27,  3.81it/s]
Downloaded 0.05 GB:   8%|7         | 48/610 [00:21<02:25,  3.85it/s]
Downloaded 0.05 GB:   8%|7         | 48/610 [00:21<02:25,  3.85it/s]
Downloaded 0.05 GB:   8%|8         | 49/610 [00:21<02:23,  3.90it/s]
Downloaded 0.05 GB:   8%|8         | 49/610 [00:22<02:23,  3.90it/s]
Downloaded 0.05 GB:   8%|8         | 50/610 [00:22<02:22,  3.94it/s]
Downloaded 0.05 GB:   8%|8         | 50/610 [00:22<02:22,  3.94it/s]
Downloaded 0.05 GB:   8%|8         | 51/610 [00:22<02:20,  3.99it/s]
Downloaded 0.05 GB:   8%|8         | 51/610 [00:22<02:20,  3.99it/s]
Downloaded 0.05 GB:   9%|8         | 52/610 [00:22<02:18,  4.03it/s]
Downloaded 0.05 GB:   9%|8         | 52/610 [00:22<02:18,  4.03it/s]
Downloaded 0.05 GB:   9%|8         | 53/610 [00:22<02:16,  4.07it/s]
Downloaded 0.05 GB:   9%|8         | 53/610 [00:22<02:16,  4.07it/s]
Downloaded 0.05 GB:   9%|8         | 54/610 [00:22<02:15,  4.11it/s]
Downloaded 0.05 GB:   9%|8         | 54/610 [00:23<02:15,  4.11it/s]
Downloaded 0.05 GB:   9%|9         | 55/610 [00:23<02:13,  4.16it/s]
Downloaded 0.05 GB:   9%|9         | 55/610 [00:23<02:13,  4.16it/s]
Downloaded 0.05 GB:   9%|9         | 56/610 [00:23<02:12,  4.19it/s]
Downloaded 0.06 GB:   9%|9         | 56/610 [00:23<02:12,  4.19it/s]
Downloaded 0.06 GB:   9%|9         | 57/610 [00:23<02:10,  4.24it/s]
Downloaded 0.06 GB:   9%|9         | 57/610 [00:23<02:10,  4.24it/s]
Downloaded 0.06 GB:  10%|9         | 58/610 [00:23<02:08,  4.29it/s]
Downloaded 0.06 GB:  10%|9         | 58/610 [00:24<02:08,  4.29it/s]
Downloaded 0.06 GB:  10%|9         | 59/610 [00:24<02:07,  4.31it/s]
Downloaded 0.06 GB:  10%|9         | 59/610 [00:24<02:07,  4.31it/s]
Downloaded 0.06 GB:  10%|9         | 60/610 [00:24<02:06,  4.36it/s]
Downloaded 0.06 GB:  10%|9         | 60/610 [00:24<02:06,  4.36it/s]
Downloaded 0.06 GB:  10%|#         | 61/610 [00:24<02:04,  4.42it/s]
Downloaded 0.06 GB:  10%|#         | 61/610 [00:24<02:04,  4.42it/s]
Downloaded 0.06 GB:  10%|#         | 62/610 [00:24<02:02,  4.46it/s]
Downloaded 0.06 GB:  10%|#         | 62/610 [00:25<02:02,  4.46it/s]
Downloaded 0.06 GB:  10%|#         | 63/610 [00:25<02:01,  4.50it/s]
Downloaded 0.06 GB:  10%|#         | 63/610 [00:25<02:01,  4.50it/s]
Downloaded 0.06 GB:  10%|#         | 64/610 [00:25<02:00,  4.54it/s]
Downloaded 0.06 GB:  10%|#         | 64/610 [00:25<02:00,  4.54it/s]
Downloaded 0.06 GB:  11%|#         | 65/610 [00:25<01:58,  4.59it/s]
Downloaded 0.06 GB:  11%|#         | 65/610 [00:25<01:58,  4.59it/s]
Downloaded 0.06 GB:  11%|#         | 66/610 [00:25<01:57,  4.62it/s]
Downloaded 0.07 GB:  11%|#         | 66/610 [00:25<01:57,  4.62it/s]
Downloaded 0.07 GB:  11%|#         | 67/610 [00:25<01:56,  4.67it/s]
Downloaded 0.07 GB:  11%|#         | 67/610 [00:26<01:56,  4.67it/s]
Downloaded 0.07 GB:  11%|#1        | 68/610 [00:26<01:55,  4.71it/s]
Downloaded 0.07 GB:  11%|#1        | 68/610 [00:26<01:55,  4.71it/s]
Downloaded 0.07 GB:  11%|#1        | 69/610 [00:26<01:54,  4.74it/s]
Downloaded 0.07 GB:  11%|#1        | 69/610 [00:26<01:54,  4.74it/s]
Downloaded 0.07 GB:  11%|#1        | 70/610 [00:26<01:53,  4.77it/s]
Downloaded 0.07 GB:  11%|#1        | 70/610 [00:26<01:53,  4.77it/s]
Downloaded 0.07 GB:  12%|#1        | 71/610 [00:26<01:51,  4.82it/s]
Downloaded 0.07 GB:  12%|#1        | 71/610 [00:26<01:51,  4.82it/s]
Downloaded 0.07 GB:  12%|#1        | 72/610 [00:26<01:50,  4.86it/s]
Downloaded 0.07 GB:  12%|#1        | 72/610 [00:27<01:50,  4.86it/s]
Downloaded 0.07 GB:  12%|#1        | 73/610 [00:27<01:49,  4.89it/s]
Downloaded 0.07 GB:  12%|#1        | 73/610 [00:27<01:49,  4.89it/s]
Downloaded 0.07 GB:  12%|#2        | 74/610 [00:27<01:48,  4.93it/s]
Downloaded 0.07 GB:  12%|#2        | 74/610 [00:27<01:48,  4.93it/s]
Downloaded 0.07 GB:  12%|#2        | 75/610 [00:27<01:47,  4.99it/s]
Downloaded 0.07 GB:  12%|#2        | 75/610 [00:27<01:47,  4.99it/s]
Downloaded 0.07 GB:  12%|#2        | 76/610 [00:27<01:46,  5.02it/s]
Downloaded 0.08 GB:  12%|#2        | 76/610 [00:27<01:46,  5.02it/s]
Downloaded 0.08 GB:  13%|#2        | 77/610 [00:27<01:47,  4.94it/s]
Downloaded 0.08 GB:  13%|#2        | 77/610 [00:28<01:47,  4.94it/s]
Downloaded 0.08 GB:  13%|#2        | 78/610 [00:28<01:46,  5.01it/s]
Downloaded 0.08 GB:  13%|#2        | 78/610 [00:28<01:46,  5.01it/s]
Downloaded 0.08 GB:  13%|#2        | 79/610 [00:28<01:44,  5.07it/s]
Downloaded 0.08 GB:  13%|#2        | 79/610 [00:28<01:44,  5.07it/s]
Downloaded 0.08 GB:  13%|#3        | 80/610 [00:28<01:43,  5.13it/s]
Downloaded 0.08 GB:  13%|#3        | 80/610 [00:28<01:43,  5.13it/s]
Downloaded 0.08 GB:  13%|#3        | 81/610 [00:28<01:42,  5.15it/s]
Downloaded 0.08 GB:  13%|#3        | 81/610 [00:28<01:42,  5.15it/s]
Downloaded 0.08 GB:  13%|#3        | 82/610 [00:28<01:41,  5.22it/s]
Downloaded 0.08 GB:  13%|#3        | 82/610 [00:29<01:41,  5.22it/s]
Downloaded 0.08 GB:  14%|#3        | 83/610 [00:29<01:39,  5.27it/s]
Downloaded 0.08 GB:  14%|#3        | 83/610 [00:29<01:39,  5.27it/s]
Downloaded 0.08 GB:  14%|#3        | 84/610 [00:29<01:39,  5.31it/s]
Downloaded 0.08 GB:  14%|#3        | 84/610 [00:29<01:39,  5.31it/s]
Downloaded 0.08 GB:  14%|#3        | 85/610 [00:29<01:38,  5.35it/s]
Downloaded 0.08 GB:  14%|#3        | 85/610 [00:29<01:38,  5.35it/s]
Downloaded 0.08 GB:  14%|#4        | 86/610 [00:29<01:37,  5.38it/s]
Downloaded 0.08 GB:  14%|#4        | 86/610 [00:29<01:37,  5.38it/s]
Downloaded 0.08 GB:  14%|#4        | 87/610 [00:29<01:37,  5.38it/s]
Downloaded 0.09 GB:  14%|#4        | 87/610 [00:29<01:37,  5.38it/s]
Downloaded 0.09 GB:  14%|#4        | 88/610 [00:29<01:35,  5.46it/s]
Downloaded 0.09 GB:  14%|#4        | 88/610 [00:30<01:35,  5.46it/s]
Downloaded 0.09 GB:  15%|#4        | 89/610 [00:30<01:34,  5.50it/s]
Downloaded 0.09 GB:  15%|#4        | 89/610 [00:30<01:34,  5.50it/s]
Downloaded 0.09 GB:  15%|#4        | 90/610 [00:30<01:33,  5.54it/s]
Downloaded 0.09 GB:  15%|#4        | 90/610 [00:30<01:33,  5.54it/s]
Downloaded 0.09 GB:  15%|#4        | 91/610 [00:30<01:33,  5.57it/s]
Downloaded 0.09 GB:  15%|#4        | 91/610 [00:30<01:33,  5.57it/s]
Downloaded 0.09 GB:  15%|#5        | 92/610 [00:30<01:32,  5.59it/s]
Downloaded 0.09 GB:  15%|#5        | 92/610 [00:30<01:32,  5.59it/s]
Downloaded 0.09 GB:  15%|#5        | 93/610 [00:30<01:31,  5.66it/s]
Downloaded 0.09 GB:  15%|#5        | 93/610 [00:30<01:31,  5.66it/s]
Downloaded 0.09 GB:  15%|#5        | 94/610 [00:30<01:30,  5.73it/s]
Downloaded 0.09 GB:  15%|#5        | 94/610 [00:31<01:30,  5.73it/s]
Downloaded 0.09 GB:  16%|#5        | 95/610 [00:31<01:29,  5.76it/s]
Downloaded 0.09 GB:  16%|#5        | 95/610 [00:31<01:29,  5.76it/s]
Downloaded 0.09 GB:  16%|#5        | 96/610 [00:31<01:28,  5.78it/s]
Downloaded 0.09 GB:  16%|#5        | 96/610 [00:31<01:28,  5.78it/s]
Downloaded 0.09 GB:  16%|#5        | 97/610 [00:31<01:28,  5.82it/s]
Downloaded 0.10 GB:  16%|#5        | 97/610 [00:31<01:28,  5.82it/s]
Downloaded 0.10 GB:  16%|#6        | 98/610 [00:31<01:27,  5.86it/s]
Downloaded 0.10 GB:  16%|#6        | 98/610 [00:31<01:27,  5.86it/s]
Downloaded 0.10 GB:  16%|#6        | 99/610 [00:31<01:26,  5.88it/s]
Downloaded 0.10 GB:  16%|#6        | 99/610 [00:31<01:26,  5.88it/s]
Downloaded 0.10 GB:  16%|#6        | 100/610 [00:31<01:26,  5.92it/s]
Downloaded 0.10 GB:  16%|#6        | 100/610 [00:32<01:26,  5.92it/s]
Downloaded 0.10 GB:  17%|#6        | 101/610 [00:32<01:25,  5.96it/s]
Downloaded 0.10 GB:  17%|#6        | 101/610 [00:32<01:25,  5.96it/s]
Downloaded 0.10 GB:  17%|#6        | 102/610 [00:32<01:24,  5.98it/s]
Downloaded 0.10 GB:  17%|#6        | 102/610 [00:32<01:24,  5.98it/s]
Downloaded 0.10 GB:  17%|#6        | 103/610 [00:32<01:24,  6.02it/s]
Downloaded 0.10 GB:  17%|#6        | 103/610 [00:32<01:24,  6.02it/s]
Downloaded 0.10 GB:  17%|#7        | 104/610 [00:32<01:23,  6.05it/s]
Downloaded 0.10 GB:  17%|#7        | 104/610 [00:32<01:23,  6.05it/s]
Downloaded 0.10 GB:  17%|#7        | 105/610 [00:32<01:22,  6.12it/s]
Downloaded 0.10 GB:  17%|#7        | 105/610 [00:32<01:22,  6.12it/s]
Downloaded 0.10 GB:  17%|#7        | 106/610 [00:32<01:22,  6.14it/s]
Downloaded 0.10 GB:  17%|#7        | 106/610 [00:33<01:22,  6.14it/s]
Downloaded 0.10 GB:  18%|#7        | 107/610 [00:33<01:21,  6.19it/s]
Downloaded 0.11 GB:  18%|#7        | 107/610 [00:33<01:21,  6.19it/s]
Downloaded 0.11 GB:  18%|#7        | 108/610 [00:33<01:21,  6.19it/s]
Downloaded 0.11 GB:  18%|#7        | 108/610 [00:33<01:21,  6.19it/s]
Downloaded 0.11 GB:  18%|#7        | 109/610 [00:33<01:20,  6.26it/s]
Downloaded 0.11 GB:  18%|#7        | 109/610 [00:33<01:20,  6.26it/s]
Downloaded 0.11 GB:  18%|#8        | 110/610 [00:33<01:19,  6.29it/s]
Downloaded 0.11 GB:  18%|#8        | 110/610 [00:33<01:19,  6.29it/s]
Downloaded 0.11 GB:  18%|#8        | 111/610 [00:33<01:19,  6.29it/s]
Downloaded 0.11 GB:  18%|#8        | 111/610 [00:33<01:19,  6.29it/s]
Downloaded 0.11 GB:  18%|#8        | 112/610 [00:33<01:18,  6.34it/s]
Downloaded 0.11 GB:  18%|#8        | 112/610 [00:34<01:18,  6.34it/s]
Downloaded 0.11 GB:  19%|#8        | 113/610 [00:34<01:17,  6.39it/s]
Downloaded 0.11 GB:  19%|#8        | 113/610 [00:34<01:17,  6.39it/s]
Downloaded 0.11 GB:  19%|#8        | 114/610 [00:34<01:17,  6.41it/s]
Downloaded 0.11 GB:  19%|#8        | 114/610 [00:34<01:17,  6.41it/s]
Downloaded 0.11 GB:  19%|#8        | 115/610 [00:34<01:16,  6.43it/s]
Downloaded 0.11 GB:  19%|#8        | 115/610 [00:34<01:16,  6.43it/s]
Downloaded 0.11 GB:  19%|#9        | 116/610 [00:34<01:16,  6.48it/s]
Downloaded 0.11 GB:  19%|#9        | 116/610 [00:34<01:16,  6.48it/s]
Downloaded 0.11 GB:  19%|#9        | 117/610 [00:34<01:15,  6.52it/s]
Downloaded 0.12 GB:  19%|#9        | 117/610 [00:34<01:15,  6.52it/s]
Downloaded 0.12 GB:  19%|#9        | 118/610 [00:34<01:14,  6.58it/s]
Downloaded 0.12 GB:  19%|#9        | 118/610 [00:34<01:14,  6.58it/s]
Downloaded 0.12 GB:  20%|#9        | 119/610 [00:34<01:14,  6.62it/s]
Downloaded 0.12 GB:  20%|#9        | 119/610 [00:35<01:14,  6.62it/s]
Downloaded 0.12 GB:  20%|#9        | 120/610 [00:35<01:14,  6.62it/s]
Downloaded 0.12 GB:  20%|#9        | 120/610 [00:35<01:14,  6.62it/s]
Downloaded 0.12 GB:  20%|#9        | 121/610 [00:35<01:13,  6.67it/s]
Downloaded 0.12 GB:  20%|#9        | 121/610 [00:35<01:13,  6.67it/s]
Downloaded 0.12 GB:  20%|##        | 122/610 [00:35<01:12,  6.69it/s]
Downloaded 0.12 GB:  20%|##        | 122/610 [00:35<01:12,  6.69it/s]
Downloaded 0.12 GB:  20%|##        | 123/610 [00:35<01:12,  6.75it/s]
Downloaded 0.12 GB:  20%|##        | 123/610 [00:35<01:12,  6.75it/s]
Downloaded 0.12 GB:  20%|##        | 124/610 [00:35<01:11,  6.78it/s]
Downloaded 0.12 GB:  20%|##        | 124/610 [00:35<01:11,  6.78it/s]
Downloaded 0.12 GB:  20%|##        | 125/610 [00:35<01:11,  6.80it/s]
Downloaded 0.12 GB:  20%|##        | 125/610 [00:36<01:11,  6.80it/s]
Downloaded 0.12 GB:  21%|##        | 126/610 [00:36<01:10,  6.84it/s]
Downloaded 0.12 GB:  21%|##        | 126/610 [00:36<01:10,  6.84it/s]
Downloaded 0.12 GB:  21%|##        | 127/610 [00:36<01:10,  6.86it/s]
Downloaded 0.13 GB:  21%|##        | 127/610 [00:36<01:10,  6.86it/s]
Downloaded 0.13 GB:  21%|##        | 128/610 [00:36<01:09,  6.93it/s]
Downloaded 0.13 GB:  21%|##        | 128/610 [00:36<01:09,  6.93it/s]
Downloaded 0.13 GB:  21%|##1       | 129/610 [00:36<01:09,  6.96it/s]
Downloaded 0.13 GB:  21%|##1       | 129/610 [00:36<01:09,  6.96it/s]
Downloaded 0.13 GB:  21%|##1       | 130/610 [00:36<01:08,  6.96it/s]
Downloaded 0.13 GB:  21%|##1       | 130/610 [00:36<01:08,  6.96it/s]
Downloaded 0.13 GB:  21%|##1       | 131/610 [00:36<01:08,  7.03it/s]
Downloaded 0.13 GB:  21%|##1       | 131/610 [00:36<01:08,  7.03it/s]
Downloaded 0.13 GB:  22%|##1       | 132/610 [00:36<01:07,  7.07it/s]
Downloaded 0.13 GB:  22%|##1       | 132/610 [00:37<01:07,  7.07it/s]
Downloaded 0.13 GB:  22%|##1       | 133/610 [00:37<01:07,  7.08it/s]
Downloaded 0.13 GB:  22%|##1       | 133/610 [00:37<01:07,  7.08it/s]
Downloaded 0.13 GB:  22%|##1       | 134/610 [00:37<01:06,  7.13it/s]
Downloaded 0.13 GB:  22%|##1       | 134/610 [00:37<01:06,  7.13it/s]
Downloaded 0.13 GB:  22%|##2       | 135/610 [00:37<01:06,  7.15it/s]
Downloaded 0.13 GB:  22%|##2       | 135/610 [00:37<01:06,  7.15it/s]
Downloaded 0.13 GB:  22%|##2       | 136/610 [00:37<01:05,  7.21it/s]
Downloaded 0.13 GB:  22%|##2       | 136/610 [00:37<01:05,  7.21it/s]
Downloaded 0.13 GB:  22%|##2       | 137/610 [00:37<01:05,  7.22it/s]
Downloaded 0.13 GB:  22%|##2       | 137/610 [00:37<01:05,  7.22it/s]
Downloaded 0.13 GB:  23%|##2       | 138/610 [00:37<01:05,  7.25it/s]
Downloaded 0.14 GB:  23%|##2       | 138/610 [00:37<01:05,  7.25it/s]
Downloaded 0.14 GB:  23%|##2       | 139/610 [00:37<01:04,  7.28it/s]
Downloaded 0.14 GB:  23%|##2       | 139/610 [00:37<01:04,  7.28it/s]
Downloaded 0.14 GB:  23%|##2       | 140/610 [00:37<01:04,  7.29it/s]
Downloaded 0.14 GB:  23%|##2       | 140/610 [00:38<01:04,  7.29it/s]
Downloaded 0.14 GB:  23%|##3       | 141/610 [00:38<01:03,  7.33it/s]
Downloaded 0.14 GB:  23%|##3       | 141/610 [00:38<01:03,  7.33it/s]
Downloaded 0.14 GB:  23%|##3       | 142/610 [00:38<01:03,  7.39it/s]
Downloaded 0.14 GB:  23%|##3       | 142/610 [00:38<01:03,  7.39it/s]
Downloaded 0.14 GB:  23%|##3       | 143/610 [00:38<01:02,  7.44it/s]
Downloaded 0.14 GB:  23%|##3       | 143/610 [00:38<01:02,  7.44it/s]
Downloaded 0.14 GB:  24%|##3       | 144/610 [00:38<01:02,  7.46it/s]
Downloaded 0.14 GB:  24%|##3       | 144/610 [00:38<01:02,  7.46it/s]
Downloaded 0.14 GB:  24%|##3       | 145/610 [00:38<01:02,  7.48it/s]
Downloaded 0.14 GB:  24%|##3       | 145/610 [00:38<01:02,  7.48it/s]
Downloaded 0.14 GB:  24%|##3       | 146/610 [00:38<01:01,  7.51it/s]
Downloaded 0.14 GB:  24%|##3       | 146/610 [00:38<01:01,  7.51it/s]
Downloaded 0.14 GB:  24%|##4       | 147/610 [00:38<01:01,  7.55it/s]
Downloaded 0.14 GB:  24%|##4       | 147/610 [00:39<01:01,  7.55it/s]
Downloaded 0.14 GB:  24%|##4       | 148/610 [00:39<01:00,  7.59it/s]
Downloaded 0.15 GB:  24%|##4       | 148/610 [00:39<01:00,  7.59it/s]
Downloaded 0.15 GB:  24%|##4       | 149/610 [00:39<01:00,  7.61it/s]
Downloaded 0.15 GB:  24%|##4       | 149/610 [00:39<01:00,  7.61it/s]
Downloaded 0.15 GB:  25%|##4       | 150/610 [00:39<01:00,  7.63it/s]
Downloaded 0.15 GB:  25%|##4       | 150/610 [00:39<01:00,  7.63it/s]
Downloaded 0.15 GB:  25%|##4       | 151/610 [00:39<00:59,  7.67it/s]
Downloaded 0.15 GB:  25%|##4       | 151/610 [00:39<00:59,  7.67it/s]
Downloaded 0.15 GB:  25%|##4       | 152/610 [00:39<00:59,  7.70it/s]
Downloaded 0.15 GB:  25%|##4       | 152/610 [00:39<00:59,  7.70it/s]
Downloaded 0.15 GB:  25%|##5       | 153/610 [00:39<00:59,  7.74it/s]
Downloaded 0.15 GB:  25%|##5       | 153/610 [00:39<00:59,  7.74it/s]
Downloaded 0.15 GB:  25%|##5       | 154/610 [00:39<00:58,  7.74it/s]
Downloaded 0.15 GB:  25%|##5       | 154/610 [00:39<00:58,  7.74it/s]
Downloaded 0.15 GB:  25%|##5       | 155/610 [00:39<00:58,  7.83it/s]
Downloaded 0.15 GB:  25%|##5       | 155/610 [00:40<00:58,  7.83it/s]
Downloaded 0.15 GB:  26%|##5       | 156/610 [00:40<00:58,  7.82it/s]
Downloaded 0.15 GB:  26%|##5       | 156/610 [00:40<00:58,  7.82it/s]
Downloaded 0.15 GB:  26%|##5       | 157/610 [00:40<00:57,  7.86it/s]
Downloaded 0.15 GB:  26%|##5       | 157/610 [00:40<00:57,  7.86it/s]
Downloaded 0.15 GB:  26%|##5       | 158/610 [00:40<00:57,  7.90it/s]
Downloaded 0.16 GB:  26%|##5       | 158/610 [00:40<00:57,  7.90it/s]
Downloaded 0.16 GB:  26%|##6       | 159/610 [00:40<00:56,  7.93it/s]
Downloaded 0.16 GB:  26%|##6       | 159/610 [00:40<00:56,  7.93it/s]
Downloaded 0.16 GB:  26%|##6       | 160/610 [00:40<00:56,  7.97it/s]
Downloaded 0.16 GB:  26%|##6       | 160/610 [00:40<00:56,  7.97it/s]
Downloaded 0.16 GB:  26%|##6       | 161/610 [00:40<00:56,  8.01it/s]
Downloaded 0.16 GB:  26%|##6       | 161/610 [00:40<00:56,  8.01it/s]
Downloaded 0.16 GB:  27%|##6       | 162/610 [00:40<00:55,  8.01it/s]
Downloaded 0.16 GB:  27%|##6       | 162/610 [00:40<00:55,  8.01it/s]
Downloaded 0.16 GB:  27%|##6       | 163/610 [00:40<00:55,  8.03it/s]
Downloaded 0.16 GB:  27%|##6       | 163/610 [00:41<00:55,  8.03it/s]
Downloaded 0.16 GB:  27%|##6       | 164/610 [00:41<00:55,  8.07it/s]
Downloaded 0.16 GB:  27%|##6       | 164/610 [00:41<00:55,  8.07it/s]
Downloaded 0.16 GB:  27%|##7       | 165/610 [00:41<00:54,  8.09it/s]
Downloaded 0.16 GB:  27%|##7       | 165/610 [00:41<00:54,  8.09it/s]
Downloaded 0.16 GB:  27%|##7       | 166/610 [00:41<00:54,  8.17it/s]
Downloaded 0.16 GB:  27%|##7       | 166/610 [00:41<00:54,  8.17it/s]
Downloaded 0.16 GB:  27%|##7       | 167/610 [00:41<00:54,  8.17it/s]
Downloaded 0.16 GB:  27%|##7       | 167/610 [00:41<00:54,  8.17it/s]
Downloaded 0.16 GB:  28%|##7       | 168/610 [00:41<00:53,  8.24it/s]
Downloaded 0.17 GB:  28%|##7       | 168/610 [00:41<00:53,  8.24it/s]
Downloaded 0.17 GB:  28%|##7       | 169/610 [00:41<00:53,  8.25it/s]
Downloaded 0.17 GB:  28%|##7       | 169/610 [00:41<00:53,  8.25it/s]
Downloaded 0.17 GB:  28%|##7       | 170/610 [00:41<00:53,  8.28it/s]
Downloaded 0.17 GB:  28%|##7       | 170/610 [00:41<00:53,  8.28it/s]
Downloaded 0.17 GB:  28%|##8       | 171/610 [00:41<00:52,  8.31it/s]
Downloaded 0.17 GB:  28%|##8       | 171/610 [00:42<00:52,  8.31it/s]
Downloaded 0.17 GB:  28%|##8       | 172/610 [00:42<00:52,  8.37it/s]
Downloaded 0.17 GB:  28%|##8       | 172/610 [00:42<00:52,  8.37it/s]
Downloaded 0.17 GB:  28%|##8       | 173/610 [00:42<00:52,  8.36it/s]
Downloaded 0.17 GB:  28%|##8       | 173/610 [00:42<00:52,  8.36it/s]
Downloaded 0.17 GB:  29%|##8       | 174/610 [00:42<00:51,  8.44it/s]
Downloaded 0.17 GB:  29%|##8       | 174/610 [00:42<00:51,  8.44it/s]
Downloaded 0.17 GB:  29%|##8       | 175/610 [00:42<00:51,  8.45it/s]
Downloaded 0.17 GB:  29%|##8       | 175/610 [00:42<00:51,  8.45it/s]
Downloaded 0.17 GB:  29%|##8       | 176/610 [00:42<00:51,  8.49it/s]
Downloaded 0.17 GB:  29%|##8       | 176/610 [00:42<00:51,  8.49it/s]
Downloaded 0.17 GB:  29%|##9       | 177/610 [00:42<00:50,  8.51it/s]
Downloaded 0.17 GB:  29%|##9       | 177/610 [00:42<00:50,  8.51it/s]
Downloaded 0.17 GB:  29%|##9       | 178/610 [00:42<00:50,  8.56it/s]
Downloaded 0.17 GB:  29%|##9       | 178/610 [00:42<00:50,  8.56it/s]
Downloaded 0.17 GB:  29%|##9       | 179/610 [00:42<00:50,  8.56it/s]
Downloaded 0.18 GB:  29%|##9       | 179/610 [00:42<00:50,  8.56it/s]
Downloaded 0.18 GB:  30%|##9       | 180/610 [00:42<00:50,  8.57it/s]
Downloaded 0.18 GB:  30%|##9       | 180/610 [00:43<00:50,  8.57it/s]
Downloaded 0.18 GB:  30%|##9       | 181/610 [00:43<00:49,  8.61it/s]
Downloaded 0.18 GB:  30%|##9       | 181/610 [00:43<00:49,  8.61it/s]
Downloaded 0.18 GB:  30%|##9       | 182/610 [00:43<00:49,  8.67it/s]
Downloaded 0.18 GB:  30%|##9       | 182/610 [00:43<00:49,  8.67it/s]
Downloaded 0.18 GB:  30%|###       | 183/610 [00:43<00:48,  8.72it/s]
Downloaded 0.18 GB:  30%|###       | 183/610 [00:43<00:48,  8.72it/s]
Downloaded 0.18 GB:  30%|###       | 184/610 [00:43<00:48,  8.74it/s]
Downloaded 0.18 GB:  30%|###       | 184/610 [00:43<00:48,  8.74it/s]
Downloaded 0.18 GB:  30%|###       | 185/610 [00:43<00:48,  8.78it/s]
Downloaded 0.18 GB:  30%|###       | 185/610 [00:43<00:48,  8.78it/s]
Downloaded 0.18 GB:  30%|###       | 186/610 [00:43<00:48,  8.76it/s]
Downloaded 0.18 GB:  30%|###       | 186/610 [00:43<00:48,  8.76it/s]
Downloaded 0.18 GB:  31%|###       | 187/610 [00:43<00:47,  8.84it/s]
Downloaded 0.18 GB:  31%|###       | 187/610 [00:43<00:47,  8.84it/s]
Downloaded 0.18 GB:  31%|###       | 188/610 [00:43<00:47,  8.85it/s]
Downloaded 0.18 GB:  31%|###       | 188/610 [00:43<00:47,  8.85it/s]
Downloaded 0.18 GB:  31%|###       | 189/610 [00:43<00:47,  8.89it/s]
Downloaded 0.19 GB:  31%|###       | 189/610 [00:44<00:47,  8.89it/s]
Downloaded 0.19 GB:  31%|###1      | 190/610 [00:44<00:47,  8.92it/s]
Downloaded 0.19 GB:  31%|###1      | 190/610 [00:44<00:47,  8.92it/s]
Downloaded 0.19 GB:  31%|###1      | 191/610 [00:44<00:46,  8.92it/s]
Downloaded 0.19 GB:  31%|###1      | 191/610 [00:44<00:46,  8.92it/s]
Downloaded 0.19 GB:  31%|###1      | 192/610 [00:44<00:46,  8.95it/s]
Downloaded 0.19 GB:  31%|###1      | 192/610 [00:44<00:46,  8.95it/s]
Downloaded 0.19 GB:  32%|###1      | 193/610 [00:44<00:46,  9.02it/s]
Downloaded 0.19 GB:  32%|###1      | 193/610 [00:44<00:46,  9.02it/s]
Downloaded 0.19 GB:  32%|###1      | 194/610 [00:44<00:45,  9.05it/s]
Downloaded 0.19 GB:  32%|###1      | 194/610 [00:44<00:45,  9.05it/s]
Downloaded 0.19 GB:  32%|###1      | 195/610 [00:44<00:45,  9.07it/s]
Downloaded 0.19 GB:  32%|###1      | 195/610 [00:44<00:45,  9.07it/s]
Downloaded 0.19 GB:  32%|###2      | 196/610 [00:44<00:45,  9.10it/s]
Downloaded 0.19 GB:  32%|###2      | 196/610 [00:44<00:45,  9.10it/s]
Downloaded 0.19 GB:  32%|###2      | 197/610 [00:44<00:45,  9.12it/s]
Downloaded 0.19 GB:  32%|###2      | 197/610 [00:44<00:45,  9.12it/s]
Downloaded 0.19 GB:  32%|###2      | 198/610 [00:44<00:44,  9.17it/s]
Downloaded 0.19 GB:  32%|###2      | 198/610 [00:45<00:44,  9.17it/s]
Downloaded 0.19 GB:  33%|###2      | 199/610 [00:45<00:44,  9.20it/s]
Downloaded 0.20 GB:  33%|###2      | 199/610 [00:45<00:44,  9.20it/s]
Downloaded 0.20 GB:  33%|###2      | 200/610 [00:45<00:44,  9.21it/s]
Downloaded 0.20 GB:  33%|###2      | 200/610 [00:45<00:44,  9.21it/s]
Downloaded 0.20 GB:  33%|###2      | 201/610 [00:45<00:44,  9.23it/s]
Downloaded 0.20 GB:  33%|###2      | 201/610 [00:45<00:44,  9.23it/s]
Downloaded 0.20 GB:  33%|###3      | 202/610 [00:45<00:43,  9.28it/s]
Downloaded 0.20 GB:  33%|###3      | 202/610 [00:45<00:43,  9.28it/s]
Downloaded 0.20 GB:  33%|###3      | 203/610 [00:45<00:43,  9.32it/s]
Downloaded 0.20 GB:  33%|###3      | 203/610 [00:45<00:43,  9.32it/s]
Downloaded 0.20 GB:  33%|###3      | 204/610 [00:45<00:43,  9.31it/s]
Downloaded 0.20 GB:  33%|###3      | 204/610 [00:45<00:43,  9.31it/s]
Downloaded 0.20 GB:  34%|###3      | 205/610 [00:45<00:43,  9.32it/s]
Downloaded 0.20 GB:  34%|###3      | 205/610 [00:45<00:43,  9.32it/s]
Downloaded 0.20 GB:  34%|###3      | 206/610 [00:45<00:43,  9.38it/s]
Downloaded 0.20 GB:  34%|###3      | 206/610 [00:45<00:43,  9.38it/s]
Downloaded 0.20 GB:  34%|###3      | 207/610 [00:45<00:42,  9.42it/s]
Downloaded 0.20 GB:  34%|###3      | 207/610 [00:46<00:42,  9.42it/s]
Downloaded 0.20 GB:  34%|###4      | 208/610 [00:46<00:42,  9.43it/s]
Downloaded 0.20 GB:  34%|###4      | 208/610 [00:46<00:42,  9.43it/s]
Downloaded 0.20 GB:  34%|###4      | 209/610 [00:46<00:42,  9.47it/s]
Downloaded 0.21 GB:  34%|###4      | 209/610 [00:46<00:42,  9.47it/s]
Downloaded 0.21 GB:  34%|###4      | 210/610 [00:46<00:42,  9.52it/s]
Downloaded 0.21 GB:  34%|###4      | 210/610 [00:46<00:42,  9.52it/s]
Downloaded 0.21 GB:  35%|###4      | 211/610 [00:46<00:41,  9.52it/s]
Downloaded 0.21 GB:  35%|###4      | 211/610 [00:46<00:41,  9.52it/s]
Downloaded 0.21 GB:  35%|###4      | 212/610 [00:46<00:41,  9.59it/s]
Downloaded 0.21 GB:  35%|###4      | 212/610 [00:46<00:41,  9.59it/s]
Downloaded 0.21 GB:  35%|###4      | 213/610 [00:46<00:41,  9.62it/s]
Downloaded 0.21 GB:  35%|###4      | 213/610 [00:46<00:41,  9.62it/s]
Downloaded 0.21 GB:  35%|###5      | 214/610 [00:46<00:40,  9.66it/s]
Downloaded 0.21 GB:  35%|###5      | 214/610 [00:46<00:40,  9.66it/s]
Downloaded 0.21 GB:  35%|###5      | 215/610 [00:46<00:40,  9.66it/s]
Downloaded 0.21 GB:  35%|###5      | 215/610 [00:46<00:40,  9.66it/s]
Downloaded 0.21 GB:  35%|###5      | 216/610 [00:46<00:40,  9.68it/s]
Downloaded 0.21 GB:  35%|###5      | 216/610 [00:46<00:40,  9.68it/s]
Downloaded 0.21 GB:  36%|###5      | 217/610 [00:46<00:40,  9.72it/s]
Downloaded 0.21 GB:  36%|###5      | 217/610 [00:47<00:40,  9.72it/s]
Downloaded 0.21 GB:  36%|###5      | 218/610 [00:47<00:40,  9.72it/s]
Downloaded 0.21 GB:  36%|###5      | 218/610 [00:47<00:40,  9.72it/s]
Downloaded 0.21 GB:  36%|###5      | 218/610 [00:47<00:40,  9.72it/s]
Downloaded 0.21 GB:  36%|###6      | 220/610 [00:47<00:39,  9.79it/s]
Downloaded 0.22 GB:  36%|###6      | 220/610 [00:47<00:39,  9.79it/s]
Downloaded 0.22 GB:  36%|###6      | 220/610 [00:47<00:39,  9.79it/s]
Downloaded 0.22 GB:  36%|###6      | 222/610 [00:47<00:39,  9.86it/s]
Downloaded 0.22 GB:  36%|###6      | 222/610 [00:47<00:39,  9.86it/s]
Downloaded 0.22 GB:  37%|###6      | 223/610 [00:47<00:39,  9.88it/s]
Downloaded 0.22 GB:  37%|###6      | 223/610 [00:47<00:39,  9.88it/s]
Downloaded 0.22 GB:  37%|###6      | 223/610 [00:47<00:39,  9.88it/s]
Downloaded 0.22 GB:  37%|###6      | 225/610 [00:47<00:38,  9.93it/s]
Downloaded 0.22 GB:  37%|###6      | 225/610 [00:47<00:38,  9.93it/s]
Downloaded 0.22 GB:  37%|###6      | 225/610 [00:47<00:38,  9.93it/s]
Downloaded 0.22 GB:  37%|###7      | 227/610 [00:47<00:38,  9.97it/s]
Downloaded 0.22 GB:  37%|###7      | 227/610 [00:48<00:38,  9.97it/s]
Downloaded 0.22 GB:  37%|###7      | 227/610 [00:48<00:38,  9.97it/s]
Downloaded 0.22 GB:  38%|###7      | 229/610 [00:48<00:37, 10.04it/s]
Downloaded 0.22 GB:  38%|###7      | 229/610 [00:48<00:37, 10.04it/s]
Downloaded 0.23 GB:  38%|###7      | 229/610 [00:48<00:37, 10.04it/s]
Downloaded 0.23 GB:  38%|###7      | 231/610 [00:48<00:37, 10.08it/s]
Downloaded 0.23 GB:  38%|###7      | 231/610 [00:48<00:37, 10.08it/s]
Downloaded 0.23 GB:  38%|###7      | 231/610 [00:48<00:37, 10.08it/s]
Downloaded 0.23 GB:  38%|###8      | 233/610 [00:48<00:37, 10.12it/s]
Downloaded 0.23 GB:  38%|###8      | 233/610 [00:48<00:37, 10.12it/s]
Downloaded 0.23 GB:  38%|###8      | 233/610 [00:48<00:37, 10.12it/s]
Downloaded 0.23 GB:  39%|###8      | 235/610 [00:48<00:36, 10.20it/s]
Downloaded 0.23 GB:  39%|###8      | 235/610 [00:48<00:36, 10.20it/s]
Downloaded 0.23 GB:  39%|###8      | 235/610 [00:48<00:36, 10.20it/s]
Downloaded 0.23 GB:  39%|###8      | 237/610 [00:48<00:36, 10.22it/s]
Downloaded 0.23 GB:  39%|###8      | 237/610 [00:49<00:36, 10.22it/s]
Downloaded 0.23 GB:  39%|###8      | 237/610 [00:49<00:36, 10.22it/s]
Downloaded 0.23 GB:  39%|###9      | 239/610 [00:49<00:36, 10.30it/s]
Downloaded 0.23 GB:  39%|###9      | 239/610 [00:49<00:36, 10.30it/s]
Downloaded 0.24 GB:  39%|###9      | 239/610 [00:49<00:36, 10.30it/s]
Downloaded 0.24 GB:  40%|###9      | 241/610 [00:49<00:35, 10.38it/s]
Downloaded 0.24 GB:  40%|###9      | 241/610 [00:49<00:35, 10.38it/s]
Downloaded 0.24 GB:  40%|###9      | 241/610 [00:49<00:35, 10.38it/s]
Downloaded 0.24 GB:  40%|###9      | 243/610 [00:49<00:35, 10.39it/s]
Downloaded 0.24 GB:  40%|###9      | 243/610 [00:49<00:35, 10.39it/s]
Downloaded 0.24 GB:  40%|###9      | 243/610 [00:49<00:35, 10.39it/s]
Downloaded 0.24 GB:  40%|####      | 245/610 [00:49<00:34, 10.45it/s]
Downloaded 0.24 GB:  40%|####      | 245/610 [00:49<00:34, 10.45it/s]
Downloaded 0.24 GB:  40%|####      | 245/610 [00:49<00:34, 10.45it/s]
Downloaded 0.24 GB:  40%|####      | 247/610 [00:49<00:34, 10.51it/s]
Downloaded 0.24 GB:  40%|####      | 247/610 [00:49<00:34, 10.51it/s]
Downloaded 0.24 GB:  40%|####      | 247/610 [00:50<00:34, 10.51it/s]
Downloaded 0.24 GB:  41%|####      | 249/610 [00:50<00:34, 10.58it/s]
Downloaded 0.24 GB:  41%|####      | 249/610 [00:50<00:34, 10.58it/s]
Downloaded 0.25 GB:  41%|####      | 249/610 [00:50<00:34, 10.58it/s]
Downloaded 0.25 GB:  41%|####1     | 251/610 [00:50<00:33, 10.63it/s]
Downloaded 0.25 GB:  41%|####1     | 251/610 [00:50<00:33, 10.63it/s]
Downloaded 0.25 GB:  41%|####1     | 251/610 [00:50<00:33, 10.63it/s]
Downloaded 0.25 GB:  41%|####1     | 253/610 [00:50<00:33, 10.67it/s]
Downloaded 0.25 GB:  41%|####1     | 253/610 [00:50<00:33, 10.67it/s]
Downloaded 0.25 GB:  41%|####1     | 253/610 [00:50<00:33, 10.67it/s]
Downloaded 0.25 GB:  42%|####1     | 255/610 [00:50<00:33, 10.73it/s]
Downloaded 0.25 GB:  42%|####1     | 255/610 [00:50<00:33, 10.73it/s]
Downloaded 0.25 GB:  42%|####1     | 255/610 [00:50<00:33, 10.73it/s]
Downloaded 0.25 GB:  42%|####2     | 257/610 [00:50<00:32, 10.79it/s]
Downloaded 0.25 GB:  42%|####2     | 257/610 [00:50<00:32, 10.79it/s]
Downloaded 0.25 GB:  42%|####2     | 257/610 [00:50<00:32, 10.79it/s]
Downloaded 0.25 GB:  42%|####2     | 259/610 [00:50<00:32, 10.87it/s]
Downloaded 0.25 GB:  42%|####2     | 259/610 [00:51<00:32, 10.87it/s]
Downloaded 0.25 GB:  42%|####2     | 259/610 [00:51<00:32, 10.87it/s]
Downloaded 0.25 GB:  43%|####2     | 261/610 [00:51<00:31, 10.92it/s]
Downloaded 0.26 GB:  43%|####2     | 261/610 [00:51<00:31, 10.92it/s]
Downloaded 0.26 GB:  43%|####2     | 261/610 [00:51<00:31, 10.92it/s]
Downloaded 0.26 GB:  43%|####3     | 263/610 [00:51<00:31, 10.98it/s]
Downloaded 0.26 GB:  43%|####3     | 263/610 [00:51<00:31, 10.98it/s]
Downloaded 0.26 GB:  43%|####3     | 263/610 [00:51<00:31, 10.98it/s]
Downloaded 0.26 GB:  43%|####3     | 265/610 [00:51<00:31, 11.03it/s]
Downloaded 0.26 GB:  43%|####3     | 265/610 [00:51<00:31, 11.03it/s]
Downloaded 0.26 GB:  43%|####3     | 265/610 [00:51<00:31, 11.03it/s]
Downloaded 0.26 GB:  44%|####3     | 267/610 [00:51<00:30, 11.08it/s]
Downloaded 0.26 GB:  44%|####3     | 267/610 [00:51<00:30, 11.08it/s]
Downloaded 0.26 GB:  44%|####3     | 267/610 [00:51<00:30, 11.08it/s]
Downloaded 0.26 GB:  44%|####4     | 269/610 [00:51<00:30, 11.13it/s]
Downloaded 0.26 GB:  44%|####4     | 269/610 [00:51<00:30, 11.13it/s]
Downloaded 0.26 GB:  44%|####4     | 269/610 [00:52<00:30, 11.13it/s]
Downloaded 0.26 GB:  44%|####4     | 271/610 [00:52<00:30, 11.17it/s]
Downloaded 0.27 GB:  44%|####4     | 271/610 [00:52<00:30, 11.17it/s]
Downloaded 0.27 GB:  44%|####4     | 271/610 [00:52<00:30, 11.17it/s]
Downloaded 0.27 GB:  45%|####4     | 273/610 [00:52<00:30, 11.20it/s]
Downloaded 0.27 GB:  45%|####4     | 273/610 [00:52<00:30, 11.20it/s]
Downloaded 0.27 GB:  45%|####4     | 273/610 [00:52<00:30, 11.20it/s]
Downloaded 0.27 GB:  45%|####5     | 275/610 [00:52<00:29, 11.27it/s]
Downloaded 0.27 GB:  45%|####5     | 275/610 [00:52<00:29, 11.27it/s]
Downloaded 0.27 GB:  45%|####5     | 275/610 [00:52<00:29, 11.27it/s]
Downloaded 0.27 GB:  45%|####5     | 277/610 [00:52<00:29, 11.33it/s]
Downloaded 0.27 GB:  45%|####5     | 277/610 [00:52<00:29, 11.33it/s]
Downloaded 0.27 GB:  45%|####5     | 277/610 [00:52<00:29, 11.33it/s]
Downloaded 0.27 GB:  46%|####5     | 279/610 [00:52<00:29, 11.40it/s]
Downloaded 0.27 GB:  46%|####5     | 279/610 [00:52<00:29, 11.40it/s]
Downloaded 0.27 GB:  46%|####5     | 279/610 [00:52<00:29, 11.40it/s]
Downloaded 0.27 GB:  46%|####6     | 281/610 [00:52<00:28, 11.47it/s]
Downloaded 0.28 GB:  46%|####6     | 281/610 [00:53<00:28, 11.47it/s]
Downloaded 0.28 GB:  46%|####6     | 281/610 [00:53<00:28, 11.47it/s]
Downloaded 0.28 GB:  46%|####6     | 283/610 [00:53<00:28, 11.54it/s]
Downloaded 0.28 GB:  46%|####6     | 283/610 [00:53<00:28, 11.54it/s]
Downloaded 0.28 GB:  46%|####6     | 283/610 [00:53<00:28, 11.54it/s]
Downloaded 0.28 GB:  47%|####6     | 285/610 [00:53<00:28, 11.58it/s]
Downloaded 0.28 GB:  47%|####6     | 285/610 [00:53<00:28, 11.58it/s]
Downloaded 0.28 GB:  47%|####6     | 285/610 [00:53<00:28, 11.58it/s]
Downloaded 0.28 GB:  47%|####7     | 287/610 [00:53<00:27, 11.62it/s]
Downloaded 0.28 GB:  47%|####7     | 287/610 [00:53<00:27, 11.62it/s]
Downloaded 0.28 GB:  47%|####7     | 287/610 [00:53<00:27, 11.62it/s]
Downloaded 0.28 GB:  47%|####7     | 289/610 [00:53<00:27, 11.67it/s]
Downloaded 0.28 GB:  47%|####7     | 289/610 [00:53<00:27, 11.67it/s]
Downloaded 0.28 GB:  47%|####7     | 289/610 [00:53<00:27, 11.67it/s]
Downloaded 0.28 GB:  48%|####7     | 291/610 [00:53<00:27, 11.73it/s]
Downloaded 0.29 GB:  48%|####7     | 291/610 [00:53<00:27, 11.73it/s]
Downloaded 0.29 GB:  48%|####7     | 291/610 [00:53<00:27, 11.73it/s]
Downloaded 0.29 GB:  48%|####8     | 293/610 [00:53<00:26, 11.78it/s]
Downloaded 0.29 GB:  48%|####8     | 293/610 [00:54<00:26, 11.78it/s]
Downloaded 0.29 GB:  48%|####8     | 293/610 [00:54<00:26, 11.78it/s]
Downloaded 0.29 GB:  48%|####8     | 295/610 [00:54<00:26, 11.89it/s]
Downloaded 0.29 GB:  48%|####8     | 295/610 [00:54<00:26, 11.89it/s]
Downloaded 0.29 GB:  48%|####8     | 295/610 [00:54<00:26, 11.89it/s]
Downloaded 0.29 GB:  49%|####8     | 297/610 [00:54<00:26, 11.93it/s]
Downloaded 0.29 GB:  49%|####8     | 297/610 [00:54<00:26, 11.93it/s]
Downloaded 0.29 GB:  49%|####8     | 297/610 [00:54<00:26, 11.93it/s]
Downloaded 0.29 GB:  49%|####9     | 299/610 [00:54<00:26, 11.96it/s]
Downloaded 0.29 GB:  49%|####9     | 299/610 [00:54<00:26, 11.96it/s]
Downloaded 0.29 GB:  49%|####9     | 299/610 [00:54<00:26, 11.96it/s]
Downloaded 0.29 GB:  49%|####9     | 301/610 [00:54<00:25, 12.02it/s]
Downloaded 0.29 GB:  49%|####9     | 301/610 [00:54<00:25, 12.02it/s]
Downloaded 0.30 GB:  49%|####9     | 301/610 [00:54<00:25, 12.02it/s]
Downloaded 0.30 GB:  50%|####9     | 303/610 [00:54<00:25, 12.05it/s]
Downloaded 0.30 GB:  50%|####9     | 303/610 [00:54<00:25, 12.05it/s]
Downloaded 0.30 GB:  50%|####9     | 303/610 [00:54<00:25, 12.05it/s]
Downloaded 0.30 GB:  50%|#####     | 305/610 [00:54<00:25, 12.10it/s]
Downloaded 0.30 GB:  50%|#####     | 305/610 [00:55<00:25, 12.10it/s]
Downloaded 0.30 GB:  50%|#####     | 305/610 [00:55<00:25, 12.10it/s]
Downloaded 0.30 GB:  50%|#####     | 307/610 [00:55<00:24, 12.15it/s]
Downloaded 0.30 GB:  50%|#####     | 307/610 [00:55<00:24, 12.15it/s]
Downloaded 0.30 GB:  50%|#####     | 307/610 [00:55<00:24, 12.15it/s]
Downloaded 0.30 GB:  51%|#####     | 309/610 [00:55<00:24, 12.20it/s]
Downloaded 0.30 GB:  51%|#####     | 309/610 [00:55<00:24, 12.20it/s]
Downloaded 0.30 GB:  51%|#####     | 309/610 [00:55<00:24, 12.20it/s]
Downloaded 0.30 GB:  51%|#####     | 311/610 [00:55<00:24, 12.29it/s]
Downloaded 0.30 GB:  51%|#####     | 311/610 [00:55<00:24, 12.29it/s]
Downloaded 0.31 GB:  51%|#####     | 311/610 [00:55<00:24, 12.29it/s]
Downloaded 0.31 GB:  51%|#####1    | 313/610 [00:55<00:24, 12.33it/s]
Downloaded 0.31 GB:  51%|#####1    | 313/610 [00:55<00:24, 12.33it/s]
Downloaded 0.31 GB:  51%|#####1    | 313/610 [00:55<00:24, 12.33it/s]
Downloaded 0.31 GB:  52%|#####1    | 315/610 [00:55<00:23, 12.38it/s]
Downloaded 0.31 GB:  52%|#####1    | 315/610 [00:55<00:23, 12.38it/s]
Downloaded 0.31 GB:  52%|#####1    | 315/610 [00:55<00:23, 12.38it/s]
Downloaded 0.31 GB:  52%|#####1    | 317/610 [00:55<00:23, 12.44it/s]
Downloaded 0.31 GB:  52%|#####1    | 317/610 [00:55<00:23, 12.44it/s]
Downloaded 0.31 GB:  52%|#####1    | 317/610 [00:56<00:23, 12.44it/s]
Downloaded 0.31 GB:  52%|#####2    | 319/610 [00:56<00:23, 12.50it/s]
Downloaded 0.31 GB:  52%|#####2    | 319/610 [00:56<00:23, 12.50it/s]
Downloaded 0.31 GB:  52%|#####2    | 319/610 [00:56<00:23, 12.50it/s]
Downloaded 0.31 GB:  53%|#####2    | 321/610 [00:56<00:23, 12.52it/s]
Downloaded 0.31 GB:  53%|#####2    | 321/610 [00:56<00:23, 12.52it/s]
Downloaded 0.32 GB:  53%|#####2    | 321/610 [00:56<00:23, 12.52it/s]
Downloaded 0.32 GB:  53%|#####2    | 323/610 [00:56<00:22, 12.56it/s]
Downloaded 0.32 GB:  53%|#####2    | 323/610 [00:56<00:22, 12.56it/s]
Downloaded 0.32 GB:  53%|#####2    | 323/610 [00:56<00:22, 12.56it/s]
Downloaded 0.32 GB:  53%|#####3    | 325/610 [00:56<00:22, 12.62it/s]
Downloaded 0.32 GB:  53%|#####3    | 325/610 [00:56<00:22, 12.62it/s]
Downloaded 0.32 GB:  53%|#####3    | 325/610 [00:56<00:22, 12.62it/s]
Downloaded 0.32 GB:  54%|#####3    | 327/610 [00:56<00:22, 12.68it/s]
Downloaded 0.32 GB:  54%|#####3    | 327/610 [00:56<00:22, 12.68it/s]
Downloaded 0.32 GB:  54%|#####3    | 327/610 [00:56<00:22, 12.68it/s]
Downloaded 0.32 GB:  54%|#####3    | 329/610 [00:56<00:22, 12.76it/s]
Downloaded 0.32 GB:  54%|#####3    | 329/610 [00:56<00:22, 12.76it/s]
Downloaded 0.32 GB:  54%|#####3    | 329/610 [00:57<00:22, 12.76it/s]
Downloaded 0.32 GB:  54%|#####4    | 331/610 [00:57<00:21, 12.75it/s]
Downloaded 0.32 GB:  54%|#####4    | 331/610 [00:57<00:21, 12.75it/s]
Downloaded 0.33 GB:  54%|#####4    | 331/610 [00:57<00:21, 12.75it/s]
Downloaded 0.33 GB:  55%|#####4    | 333/610 [00:57<00:21, 12.82it/s]
Downloaded 0.33 GB:  55%|#####4    | 333/610 [00:57<00:21, 12.82it/s]
Downloaded 0.33 GB:  55%|#####4    | 333/610 [00:57<00:21, 12.82it/s]
Downloaded 0.33 GB:  55%|#####4    | 335/610 [00:57<00:21, 12.86it/s]
Downloaded 0.33 GB:  55%|#####4    | 335/610 [00:57<00:21, 12.86it/s]
Downloaded 0.33 GB:  55%|#####4    | 335/610 [00:57<00:21, 12.86it/s]
Downloaded 0.33 GB:  55%|#####5    | 337/610 [00:57<00:21, 12.94it/s]
Downloaded 0.33 GB:  55%|#####5    | 337/610 [00:57<00:21, 12.94it/s]
Downloaded 0.33 GB:  55%|#####5    | 337/610 [00:57<00:21, 12.94it/s]
Downloaded 0.33 GB:  56%|#####5    | 339/610 [00:57<00:20, 12.93it/s]
Downloaded 0.33 GB:  56%|#####5    | 339/610 [00:57<00:20, 12.93it/s]
Downloaded 0.33 GB:  56%|#####5    | 339/610 [00:57<00:20, 12.93it/s]
Downloaded 0.33 GB:  56%|#####5    | 341/610 [00:57<00:20, 12.99it/s]
Downloaded 0.33 GB:  56%|#####5    | 341/610 [00:57<00:20, 12.99it/s]
Downloaded 0.33 GB:  56%|#####5    | 341/610 [00:57<00:20, 12.99it/s]
Downloaded 0.33 GB:  56%|#####6    | 343/610 [00:57<00:20, 13.06it/s]
Downloaded 0.34 GB:  56%|#####6    | 343/610 [00:57<00:20, 13.06it/s]
Downloaded 0.34 GB:  56%|#####6    | 343/610 [00:58<00:20, 13.06it/s]
Downloaded 0.34 GB:  57%|#####6    | 345/610 [00:58<00:20, 13.08it/s]
Downloaded 0.34 GB:  57%|#####6    | 345/610 [00:58<00:20, 13.08it/s]
Downloaded 0.34 GB:  57%|#####6    | 345/610 [00:58<00:20, 13.08it/s]
Downloaded 0.34 GB:  57%|#####6    | 347/610 [00:58<00:20, 13.05it/s]
Downloaded 0.34 GB:  57%|#####6    | 347/610 [00:58<00:20, 13.05it/s]
Downloaded 0.34 GB:  57%|#####6    | 347/610 [00:58<00:20, 13.05it/s]
Downloaded 0.34 GB:  57%|#####7    | 349/610 [00:58<00:19, 13.11it/s]
Downloaded 0.34 GB:  57%|#####7    | 349/610 [00:58<00:19, 13.11it/s]
Downloaded 0.34 GB:  57%|#####7    | 349/610 [00:58<00:19, 13.11it/s]
Downloaded 0.34 GB:  58%|#####7    | 351/610 [00:58<00:19, 13.13it/s]
Downloaded 0.34 GB:  58%|#####7    | 351/610 [00:58<00:19, 13.13it/s]
Downloaded 0.34 GB:  58%|#####7    | 351/610 [00:58<00:19, 13.13it/s]
Downloaded 0.34 GB:  58%|#####7    | 353/610 [00:58<00:19, 13.16it/s]
Downloaded 0.35 GB:  58%|#####7    | 353/610 [00:58<00:19, 13.16it/s]
Downloaded 0.35 GB:  58%|#####7    | 353/610 [00:58<00:19, 13.16it/s]
Downloaded 0.35 GB:  58%|#####8    | 355/610 [00:58<00:19, 13.25it/s]
Downloaded 0.35 GB:  58%|#####8    | 355/610 [00:58<00:19, 13.25it/s]
Downloaded 0.35 GB:  58%|#####8    | 355/610 [01:01<00:19, 13.25it/s]
Downloaded 0.35 GB:  59%|#####8    | 357/610 [01:01<01:42,  2.47it/s]
Downloaded 0.35 GB:  59%|#####8    | 357/610 [01:01<01:42,  2.47it/s]
Downloaded 0.35 GB:  59%|#####8    | 357/610 [01:01<01:42,  2.47it/s]
Downloaded 0.35 GB:  59%|#####8    | 357/610 [01:01<01:42,  2.47it/s]
Downloaded 0.35 GB:  59%|#####8    | 357/610 [01:01<01:42,  2.47it/s]
Downloaded 0.35 GB:  59%|#####8    | 357/610 [01:01<01:42,  2.47it/s]
Downloaded 0.35 GB:  59%|#####8    | 357/610 [01:01<01:42,  2.47it/s]
Downloaded 0.36 GB:  59%|#####8    | 357/610 [01:01<01:42,  2.47it/s]
Downloaded 0.36 GB:  59%|#####8    | 357/610 [01:01<01:42,  2.47it/s]
Downloaded 0.36 GB:  59%|#####8    | 357/610 [01:01<01:42,  2.47it/s]
Downloaded 0.36 GB:  59%|#####8    | 357/610 [01:01<01:42,  2.47it/s]
Downloaded 0.36 GB:  59%|#####8    | 357/610 [01:01<01:42,  2.47it/s]
Downloaded 0.36 GB:  59%|#####8    | 357/610 [01:01<01:42,  2.47it/s]
Downloaded 0.36 GB:  59%|#####8    | 357/610 [01:01<01:42,  2.47it/s]
Downloaded 0.36 GB:  59%|#####8    | 357/610 [01:01<01:42,  2.47it/s]
Downloaded 0.36 GB:  59%|#####8    | 357/610 [01:01<01:42,  2.47it/s]
Downloaded 0.36 GB:  61%|######    | 372/610 [01:01<00:24,  9.86it/s]
Downloaded 0.36 GB:  61%|######    | 372/610 [01:01<00:24,  9.86it/s]
Downloaded 0.37 GB:  61%|######    | 372/610 [01:01<00:24,  9.86it/s]
Downloaded 0.37 GB:  61%|######    | 372/610 [01:01<00:24,  9.86it/s]
Downloaded 0.37 GB:  61%|######    | 372/610 [01:01<00:24,  9.86it/s]
Downloaded 0.37 GB:  61%|######    | 372/610 [01:01<00:24,  9.86it/s]
Downloaded 0.37 GB:  61%|######    | 372/610 [01:01<00:24,  9.86it/s]
Downloaded 0.37 GB:  62%|######1   | 378/610 [01:01<00:22, 10.10it/s]
Downloaded 0.37 GB:  62%|######1   | 378/610 [01:01<00:22, 10.10it/s]
Downloaded 0.37 GB:  62%|######1   | 378/610 [01:01<00:22, 10.10it/s]
Downloaded 0.37 GB:  62%|######1   | 378/610 [01:02<00:22, 10.10it/s]
Downloaded 0.37 GB:  62%|######1   | 378/610 [01:02<00:22, 10.10it/s]
Downloaded 0.37 GB:  63%|######2   | 382/610 [01:02<00:21, 10.72it/s]
Downloaded 0.37 GB:  63%|######2   | 382/610 [01:02<00:21, 10.72it/s]
Downloaded 0.38 GB:  63%|######2   | 382/610 [01:02<00:21, 10.72it/s]
Downloaded 0.38 GB:  63%|######2   | 382/610 [01:02<00:21, 10.72it/s]
Downloaded 0.38 GB:  63%|######2   | 382/610 [01:02<00:21, 10.72it/s]
Downloaded 0.38 GB:  63%|######3   | 386/610 [01:02<00:19, 11.30it/s]
Downloaded 0.38 GB:  63%|######3   | 386/610 [01:02<00:19, 11.30it/s]
Downloaded 0.38 GB:  63%|######3   | 386/610 [01:02<00:19, 11.30it/s]
Downloaded 0.38 GB:  63%|######3   | 386/610 [01:02<00:19, 11.30it/s]
Downloaded 0.38 GB:  64%|######3   | 389/610 [01:02<00:18, 11.71it/s]
Downloaded 0.38 GB:  64%|######3   | 389/610 [01:02<00:18, 11.71it/s]
Downloaded 0.38 GB:  64%|######3   | 389/610 [01:02<00:18, 11.71it/s]
Downloaded 0.38 GB:  64%|######3   | 389/610 [01:02<00:18, 11.71it/s]
Downloaded 0.38 GB:  64%|######4   | 392/610 [01:02<00:18, 12.10it/s]
Downloaded 0.38 GB:  64%|######4   | 392/610 [01:02<00:18, 12.10it/s]
Downloaded 0.38 GB:  64%|######4   | 392/610 [01:03<00:18, 12.10it/s]
Downloaded 0.38 GB:  65%|######4   | 394/610 [01:03<00:17, 12.35it/s]
Downloaded 0.39 GB:  65%|######4   | 394/610 [01:03<00:17, 12.35it/s]
Downloaded 0.39 GB:  65%|######4   | 394/610 [01:03<00:17, 12.35it/s]
Downloaded 0.39 GB:  65%|######4   | 396/610 [01:03<00:16, 12.60it/s]
Downloaded 0.39 GB:  65%|######4   | 396/610 [01:03<00:16, 12.60it/s]
Downloaded 0.39 GB:  65%|######4   | 396/610 [01:03<00:16, 12.60it/s]
Downloaded 0.39 GB:  65%|######5   | 398/610 [01:03<00:16, 12.82it/s]
Downloaded 0.39 GB:  65%|######5   | 398/610 [01:03<00:16, 12.82it/s]
Downloaded 0.39 GB:  65%|######5   | 398/610 [01:03<00:16, 12.82it/s]
Downloaded 0.39 GB:  66%|######5   | 400/610 [01:03<00:16, 13.06it/s]
Downloaded 0.39 GB:  66%|######5   | 400/610 [01:03<00:16, 13.06it/s]
Downloaded 0.39 GB:  66%|######5   | 400/610 [01:03<00:16, 13.06it/s]
Downloaded 0.39 GB:  66%|######5   | 402/610 [01:03<00:15, 13.20it/s]
Downloaded 0.39 GB:  66%|######5   | 402/610 [01:03<00:15, 13.20it/s]
Downloaded 0.39 GB:  66%|######5   | 402/610 [01:03<00:15, 13.20it/s]
Downloaded 0.39 GB:  66%|######6   | 404/610 [01:03<00:15, 13.33it/s]
Downloaded 0.40 GB:  66%|######6   | 404/610 [01:03<00:15, 13.33it/s]
Downloaded 0.40 GB:  66%|######6   | 404/610 [01:03<00:15, 13.33it/s]
Downloaded 0.40 GB:  67%|######6   | 406/610 [01:03<00:15, 13.45it/s]
Downloaded 0.40 GB:  67%|######6   | 406/610 [01:03<00:15, 13.45it/s]
Downloaded 0.40 GB:  67%|######6   | 406/610 [01:04<00:15, 13.45it/s]
Downloaded 0.40 GB:  67%|######6   | 408/610 [01:04<00:14, 13.61it/s]
Downloaded 0.40 GB:  67%|######6   | 408/610 [01:04<00:14, 13.61it/s]
Downloaded 0.40 GB:  67%|######6   | 408/610 [01:04<00:14, 13.61it/s]
Downloaded 0.40 GB:  67%|######7   | 410/610 [01:04<00:14, 13.68it/s]
Downloaded 0.40 GB:  67%|######7   | 410/610 [01:04<00:14, 13.68it/s]
Downloaded 0.40 GB:  67%|######7   | 410/610 [01:04<00:14, 13.68it/s]
Downloaded 0.40 GB:  68%|######7   | 412/610 [01:04<00:14, 13.76it/s]
Downloaded 0.40 GB:  68%|######7   | 412/610 [01:04<00:14, 13.76it/s]
Downloaded 0.40 GB:  68%|######7   | 412/610 [01:04<00:14, 13.76it/s]
Downloaded 0.40 GB:  68%|######7   | 414/610 [01:04<00:14, 13.89it/s]
Downloaded 0.41 GB:  68%|######7   | 414/610 [01:04<00:14, 13.89it/s]
Downloaded 0.41 GB:  68%|######7   | 414/610 [01:04<00:14, 13.89it/s]
Downloaded 0.41 GB:  68%|######8   | 416/610 [01:04<00:13, 13.91it/s]
Downloaded 0.41 GB:  68%|######8   | 416/610 [01:04<00:13, 13.91it/s]
Downloaded 0.41 GB:  68%|######8   | 416/610 [01:04<00:13, 13.91it/s]
Downloaded 0.41 GB:  69%|######8   | 418/610 [01:04<00:13, 14.08it/s]
Downloaded 0.41 GB:  69%|######8   | 418/610 [01:04<00:13, 14.08it/s]
Downloaded 0.41 GB:  69%|######8   | 418/610 [01:04<00:13, 14.08it/s]
Downloaded 0.41 GB:  69%|######8   | 420/610 [01:04<00:13, 14.15it/s]
Downloaded 0.41 GB:  69%|######8   | 420/610 [01:04<00:13, 14.15it/s]
Downloaded 0.41 GB:  69%|######8   | 420/610 [01:05<00:13, 14.15it/s]
Downloaded 0.41 GB:  69%|######9   | 422/610 [01:05<00:13, 14.32it/s]
Downloaded 0.41 GB:  69%|######9   | 422/610 [01:05<00:13, 14.32it/s]
Downloaded 0.41 GB:  69%|######9   | 422/610 [01:05<00:13, 14.32it/s]
Downloaded 0.41 GB:  70%|######9   | 424/610 [01:05<00:12, 14.44it/s]
Downloaded 0.42 GB:  70%|######9   | 424/610 [01:05<00:12, 14.44it/s]
Downloaded 0.42 GB:  70%|######9   | 424/610 [01:05<00:12, 14.44it/s]
Downloaded 0.42 GB:  70%|######9   | 426/610 [01:05<00:12, 14.54it/s]
Downloaded 0.42 GB:  70%|######9   | 426/610 [01:05<00:12, 14.54it/s]
Downloaded 0.42 GB:  70%|######9   | 426/610 [01:05<00:12, 14.54it/s]
Downloaded 0.42 GB:  70%|#######   | 428/610 [01:05<00:12, 14.68it/s]
Downloaded 0.42 GB:  70%|#######   | 428/610 [01:05<00:12, 14.68it/s]
Downloaded 0.42 GB:  70%|#######   | 428/610 [01:05<00:12, 14.68it/s]
Downloaded 0.42 GB:  70%|#######   | 430/610 [01:05<00:12, 14.77it/s]
Downloaded 0.42 GB:  70%|#######   | 430/610 [01:05<00:12, 14.77it/s]
Downloaded 0.42 GB:  70%|#######   | 430/610 [01:05<00:12, 14.77it/s]
Downloaded 0.42 GB:  71%|#######   | 432/610 [01:05<00:12, 14.78it/s]
Downloaded 0.42 GB:  71%|#######   | 432/610 [01:05<00:12, 14.78it/s]
Downloaded 0.42 GB:  71%|#######   | 432/610 [01:05<00:12, 14.78it/s]
Downloaded 0.42 GB:  71%|#######1  | 434/610 [01:05<00:11, 14.82it/s]
Downloaded 0.42 GB:  71%|#######1  | 434/610 [01:05<00:11, 14.82it/s]
Downloaded 0.43 GB:  71%|#######1  | 434/610 [01:05<00:11, 14.82it/s]
Downloaded 0.43 GB:  71%|#######1  | 436/610 [01:05<00:11, 14.92it/s]
Downloaded 0.43 GB:  71%|#######1  | 436/610 [01:06<00:11, 14.92it/s]
Downloaded 0.43 GB:  71%|#######1  | 436/610 [01:06<00:11, 14.92it/s]
Downloaded 0.43 GB:  72%|#######1  | 438/610 [01:06<00:11, 14.96it/s]
Downloaded 0.43 GB:  72%|#######1  | 438/610 [01:06<00:11, 14.96it/s]
Downloaded 0.43 GB:  72%|#######1  | 438/610 [01:06<00:11, 14.96it/s]
Downloaded 0.43 GB:  72%|#######2  | 440/610 [01:06<00:11, 14.98it/s]
Downloaded 0.43 GB:  72%|#######2  | 440/610 [01:06<00:11, 14.98it/s]
Downloaded 0.43 GB:  72%|#######2  | 440/610 [01:06<00:11, 14.98it/s]
Downloaded 0.43 GB:  72%|#######2  | 442/610 [01:06<00:11, 14.94it/s]
Downloaded 0.43 GB:  72%|#######2  | 442/610 [01:06<00:11, 14.94it/s]
Downloaded 0.43 GB:  72%|#######2  | 442/610 [01:06<00:11, 14.94it/s]
Downloaded 0.43 GB:  73%|#######2  | 444/610 [01:06<00:11, 14.95it/s]
Downloaded 0.43 GB:  73%|#######2  | 444/610 [01:06<00:11, 14.95it/s]
Downloaded 0.44 GB:  73%|#######2  | 444/610 [01:06<00:11, 14.95it/s]
Downloaded 0.44 GB:  73%|#######3  | 446/610 [01:06<00:10, 14.95it/s]
Downloaded 0.44 GB:  73%|#######3  | 446/610 [01:06<00:10, 14.95it/s]
Downloaded 0.44 GB:  73%|#######3  | 446/610 [01:06<00:10, 14.95it/s]
Downloaded 0.44 GB:  73%|#######3  | 448/610 [01:06<00:10, 15.00it/s]
Downloaded 0.44 GB:  73%|#######3  | 448/610 [01:06<00:10, 15.00it/s]
Downloaded 0.44 GB:  73%|#######3  | 448/610 [01:06<00:10, 15.00it/s]
Downloaded 0.44 GB:  74%|#######3  | 450/610 [01:06<00:10, 15.03it/s]
Downloaded 0.44 GB:  74%|#######3  | 450/610 [01:06<00:10, 15.03it/s]
Downloaded 0.44 GB:  74%|#######3  | 450/610 [01:07<00:10, 15.03it/s]
Downloaded 0.44 GB:  74%|#######4  | 452/610 [01:07<00:10, 15.05it/s]
Downloaded 0.44 GB:  74%|#######4  | 452/610 [01:07<00:10, 15.05it/s]
Downloaded 0.44 GB:  74%|#######4  | 452/610 [01:07<00:10, 15.05it/s]
Downloaded 0.44 GB:  74%|#######4  | 454/610 [01:07<00:10, 15.08it/s]
Downloaded 0.44 GB:  74%|#######4  | 454/610 [01:07<00:10, 15.08it/s]
Downloaded 0.45 GB:  74%|#######4  | 454/610 [01:07<00:10, 15.08it/s]
Downloaded 0.45 GB:  75%|#######4  | 456/610 [01:07<00:10, 15.08it/s]
Downloaded 0.45 GB:  75%|#######4  | 456/610 [01:07<00:10, 15.08it/s]
Downloaded 0.45 GB:  75%|#######4  | 456/610 [01:07<00:10, 15.08it/s]
Downloaded 0.45 GB:  75%|#######5  | 458/610 [01:07<00:10, 15.10it/s]
Downloaded 0.45 GB:  75%|#######5  | 458/610 [01:07<00:10, 15.10it/s]
Downloaded 0.45 GB:  75%|#######5  | 458/610 [01:07<00:10, 15.10it/s]
Downloaded 0.45 GB:  75%|#######5  | 460/610 [01:07<00:09, 15.17it/s]
Downloaded 0.45 GB:  75%|#######5  | 460/610 [01:07<00:09, 15.17it/s]
Downloaded 0.45 GB:  75%|#######5  | 460/610 [01:07<00:09, 15.17it/s]
Downloaded 0.45 GB:  76%|#######5  | 462/610 [01:07<00:09, 15.13it/s]
Downloaded 0.45 GB:  76%|#######5  | 462/610 [01:07<00:09, 15.13it/s]
Downloaded 0.45 GB:  76%|#######5  | 462/610 [01:07<00:09, 15.13it/s]
Downloaded 0.45 GB:  76%|#######6  | 464/610 [01:07<00:09, 15.16it/s]
Downloaded 0.45 GB:  76%|#######6  | 464/610 [01:07<00:09, 15.16it/s]
Downloaded 0.46 GB:  76%|#######6  | 464/610 [01:07<00:09, 15.16it/s]
Downloaded 0.46 GB:  76%|#######6  | 466/610 [01:07<00:09, 15.23it/s]
Downloaded 0.46 GB:  76%|#######6  | 466/610 [01:08<00:09, 15.23it/s]
Downloaded 0.46 GB:  76%|#######6  | 466/610 [01:08<00:09, 15.23it/s]
Downloaded 0.46 GB:  77%|#######6  | 468/610 [01:08<00:09, 15.23it/s]
Downloaded 0.46 GB:  77%|#######6  | 468/610 [01:08<00:09, 15.23it/s]
Downloaded 0.46 GB:  77%|#######6  | 468/610 [01:08<00:09, 15.23it/s]
Downloaded 0.46 GB:  77%|#######7  | 470/610 [01:08<00:09, 15.26it/s]
Downloaded 0.46 GB:  77%|#######7  | 470/610 [01:08<00:09, 15.26it/s]
Downloaded 0.46 GB:  77%|#######7  | 470/610 [01:08<00:09, 15.26it/s]
Downloaded 0.46 GB:  77%|#######7  | 472/610 [01:08<00:09, 15.29it/s]
Downloaded 0.46 GB:  77%|#######7  | 472/610 [01:08<00:09, 15.29it/s]
Downloaded 0.46 GB:  77%|#######7  | 472/610 [01:08<00:09, 15.29it/s]
Downloaded 0.46 GB:  78%|#######7  | 474/610 [01:08<00:08, 15.37it/s]
Downloaded 0.46 GB:  78%|#######7  | 474/610 [01:08<00:08, 15.37it/s]
Downloaded 0.46 GB:  78%|#######7  | 474/610 [01:08<00:08, 15.37it/s]
Downloaded 0.46 GB:  78%|#######8  | 476/610 [01:08<00:08, 15.54it/s]
Downloaded 0.47 GB:  78%|#######8  | 476/610 [01:08<00:08, 15.54it/s]
Downloaded 0.47 GB:  78%|#######8  | 476/610 [01:08<00:08, 15.54it/s]
Downloaded 0.47 GB:  78%|#######8  | 478/610 [01:08<00:08, 15.59it/s]
Downloaded 0.47 GB:  78%|#######8  | 478/610 [01:08<00:08, 15.59it/s]
Downloaded 0.47 GB:  78%|#######8  | 478/610 [01:08<00:08, 15.59it/s]
Downloaded 0.47 GB:  79%|#######8  | 480/610 [01:08<00:08, 15.72it/s]
Downloaded 0.47 GB:  79%|#######8  | 480/610 [01:08<00:08, 15.72it/s]
Downloaded 0.47 GB:  79%|#######8  | 480/610 [01:08<00:08, 15.72it/s]
Downloaded 0.47 GB:  79%|#######9  | 482/610 [01:08<00:08, 15.86it/s]
Downloaded 0.47 GB:  79%|#######9  | 482/610 [01:09<00:08, 15.86it/s]
Downloaded 0.47 GB:  79%|#######9  | 482/610 [01:09<00:08, 15.86it/s]
Downloaded 0.47 GB:  79%|#######9  | 484/610 [01:09<00:07, 15.98it/s]
Downloaded 0.47 GB:  79%|#######9  | 484/610 [01:09<00:07, 15.98it/s]
Downloaded 0.47 GB:  79%|#######9  | 484/610 [01:09<00:07, 15.98it/s]
Downloaded 0.47 GB:  80%|#######9  | 486/610 [01:09<00:07, 16.08it/s]
Downloaded 0.48 GB:  80%|#######9  | 486/610 [01:09<00:07, 16.08it/s]
Downloaded 0.48 GB:  80%|#######9  | 486/610 [01:09<00:07, 16.08it/s]
Downloaded 0.48 GB:  80%|########  | 488/610 [01:09<00:07, 16.18it/s]
Downloaded 0.48 GB:  80%|########  | 488/610 [01:09<00:07, 16.18it/s]
Downloaded 0.48 GB:  80%|########  | 488/610 [01:09<00:07, 16.18it/s]
Downloaded 0.48 GB:  80%|########  | 490/610 [01:09<00:07, 16.19it/s]
Downloaded 0.48 GB:  80%|########  | 490/610 [01:09<00:07, 16.19it/s]
Downloaded 0.48 GB:  80%|########  | 490/610 [01:09<00:07, 16.19it/s]
Downloaded 0.48 GB:  81%|########  | 492/610 [01:09<00:07, 16.28it/s]
Downloaded 0.48 GB:  81%|########  | 492/610 [01:09<00:07, 16.28it/s]
Downloaded 0.48 GB:  81%|########  | 492/610 [01:09<00:07, 16.28it/s]
Downloaded 0.48 GB:  81%|########  | 494/610 [01:09<00:07, 16.28it/s]
Downloaded 0.48 GB:  81%|########  | 494/610 [01:09<00:07, 16.28it/s]
Downloaded 0.48 GB:  81%|########  | 494/610 [01:09<00:07, 16.28it/s]
Downloaded 0.48 GB:  81%|########1 | 496/610 [01:09<00:06, 16.35it/s]
Downloaded 0.49 GB:  81%|########1 | 496/610 [01:09<00:06, 16.35it/s]
Downloaded 0.49 GB:  81%|########1 | 496/610 [01:09<00:06, 16.35it/s]
Downloaded 0.49 GB:  82%|########1 | 498/610 [01:09<00:06, 16.35it/s]
Downloaded 0.49 GB:  82%|########1 | 498/610 [01:10<00:06, 16.35it/s]
Downloaded 0.49 GB:  82%|########1 | 498/610 [01:10<00:06, 16.35it/s]
Downloaded 0.49 GB:  82%|########1 | 500/610 [01:10<00:06, 16.34it/s]
Downloaded 0.49 GB:  82%|########1 | 500/610 [01:10<00:06, 16.34it/s]
Downloaded 0.49 GB:  82%|########1 | 500/610 [01:10<00:06, 16.34it/s]
Downloaded 0.49 GB:  82%|########2 | 502/610 [01:10<00:06, 16.40it/s]
Downloaded 0.49 GB:  82%|########2 | 502/610 [01:10<00:06, 16.40it/s]
Downloaded 0.49 GB:  82%|########2 | 502/610 [01:10<00:06, 16.40it/s]
Downloaded 0.49 GB:  83%|########2 | 504/610 [01:10<00:06, 16.35it/s]
Downloaded 0.49 GB:  83%|########2 | 504/610 [01:10<00:06, 16.35it/s]
Downloaded 0.49 GB:  83%|########2 | 504/610 [01:10<00:06, 16.35it/s]
Downloaded 0.49 GB:  83%|########2 | 506/610 [01:10<00:06, 16.37it/s]
Downloaded 0.50 GB:  83%|########2 | 506/610 [01:10<00:06, 16.37it/s]
Downloaded 0.50 GB:  83%|########2 | 506/610 [01:10<00:06, 16.37it/s]
Downloaded 0.50 GB:  83%|########3 | 508/610 [01:10<00:06, 16.43it/s]
Downloaded 0.50 GB:  83%|########3 | 508/610 [01:10<00:06, 16.43it/s]
Downloaded 0.50 GB:  83%|########3 | 508/610 [01:10<00:06, 16.43it/s]
Downloaded 0.50 GB:  84%|########3 | 510/610 [01:10<00:06, 16.40it/s]
Downloaded 0.50 GB:  84%|########3 | 510/610 [01:10<00:06, 16.40it/s]
Downloaded 0.50 GB:  84%|########3 | 510/610 [01:10<00:06, 16.40it/s]
Downloaded 0.50 GB:  84%|########3 | 512/610 [01:10<00:05, 16.44it/s]
Downloaded 0.50 GB:  84%|########3 | 512/610 [01:10<00:05, 16.44it/s]
Downloaded 0.50 GB:  84%|########3 | 512/610 [01:10<00:05, 16.44it/s]
Downloaded 0.50 GB:  84%|########4 | 514/610 [01:10<00:05, 16.46it/s]
Downloaded 0.50 GB:  84%|########4 | 514/610 [01:10<00:05, 16.46it/s]
Downloaded 0.50 GB:  84%|########4 | 514/610 [01:11<00:05, 16.46it/s]
Downloaded 0.50 GB:  85%|########4 | 516/610 [01:11<00:05, 16.47it/s]
Downloaded 0.50 GB:  85%|########4 | 516/610 [01:11<00:05, 16.47it/s]
Downloaded 0.51 GB:  85%|########4 | 516/610 [01:11<00:05, 16.47it/s]
Downloaded 0.51 GB:  85%|########4 | 518/610 [01:11<00:05, 16.56it/s]
Downloaded 0.51 GB:  85%|########4 | 518/610 [01:11<00:05, 16.56it/s]
Downloaded 0.51 GB:  85%|########4 | 518/610 [01:11<00:05, 16.56it/s]
Downloaded 0.51 GB:  85%|########5 | 520/610 [01:11<00:05, 16.54it/s]
Downloaded 0.51 GB:  85%|########5 | 520/610 [01:11<00:05, 16.54it/s]
Downloaded 0.51 GB:  85%|########5 | 520/610 [01:11<00:05, 16.54it/s]
Downloaded 0.51 GB:  86%|########5 | 522/610 [01:11<00:05, 16.55it/s]
Downloaded 0.51 GB:  86%|########5 | 522/610 [01:11<00:05, 16.55it/s]
Downloaded 0.51 GB:  86%|########5 | 522/610 [01:11<00:05, 16.55it/s]
Downloaded 0.51 GB:  86%|########5 | 524/610 [01:11<00:05, 16.63it/s]
Downloaded 0.51 GB:  86%|########5 | 524/610 [01:11<00:05, 16.63it/s]
Downloaded 0.51 GB:  86%|########5 | 524/610 [01:11<00:05, 16.63it/s]
Downloaded 0.51 GB:  86%|########6 | 526/610 [01:11<00:05, 16.64it/s]
Downloaded 0.51 GB:  86%|########6 | 526/610 [01:11<00:05, 16.64it/s]
Downloaded 0.52 GB:  86%|########6 | 526/610 [01:11<00:05, 16.64it/s]
Downloaded 0.52 GB:  87%|########6 | 528/610 [01:11<00:04, 16.68it/s]
Downloaded 0.52 GB:  87%|########6 | 528/610 [01:11<00:04, 16.68it/s]
Downloaded 0.52 GB:  87%|########6 | 528/610 [01:11<00:04, 16.68it/s]
Downloaded 0.52 GB:  87%|########6 | 530/610 [01:11<00:04, 16.72it/s]
Downloaded 0.52 GB:  87%|########6 | 530/610 [01:11<00:04, 16.72it/s]
Downloaded 0.52 GB:  87%|########6 | 530/610 [01:12<00:04, 16.72it/s]
Downloaded 0.52 GB:  87%|########7 | 532/610 [01:12<00:04, 16.75it/s]
Downloaded 0.52 GB:  87%|########7 | 532/610 [01:12<00:04, 16.75it/s]
Downloaded 0.52 GB:  87%|########7 | 532/610 [01:12<00:04, 16.75it/s]
Downloaded 0.52 GB:  88%|########7 | 534/610 [01:12<00:04, 16.88it/s]
Downloaded 0.52 GB:  88%|########7 | 534/610 [01:12<00:04, 16.88it/s]
Downloaded 0.52 GB:  88%|########7 | 534/610 [01:12<00:04, 16.88it/s]
Downloaded 0.52 GB:  88%|########7 | 536/610 [01:12<00:04, 16.97it/s]
Downloaded 0.52 GB:  88%|########7 | 536/610 [01:12<00:04, 16.97it/s]
Downloaded 0.53 GB:  88%|########7 | 536/610 [01:12<00:04, 16.97it/s]
Downloaded 0.53 GB:  88%|########8 | 538/610 [01:12<00:04, 17.00it/s]
Downloaded 0.53 GB:  88%|########8 | 538/610 [01:12<00:04, 17.00it/s]
Downloaded 0.53 GB:  88%|########8 | 538/610 [01:12<00:04, 17.00it/s]
Downloaded 0.53 GB:  89%|########8 | 540/610 [01:12<00:04, 17.21it/s]
Downloaded 0.53 GB:  89%|########8 | 540/610 [01:12<00:04, 17.21it/s]
Downloaded 0.53 GB:  89%|########8 | 540/610 [01:12<00:04, 17.21it/s]
Downloaded 0.53 GB:  89%|########8 | 542/610 [01:12<00:03, 17.19it/s]
Downloaded 0.53 GB:  89%|########8 | 542/610 [01:12<00:03, 17.19it/s]
Downloaded 0.53 GB:  89%|########8 | 542/610 [01:12<00:03, 17.19it/s]
Downloaded 0.53 GB:  89%|########9 | 544/610 [01:12<00:03, 17.33it/s]
Downloaded 0.53 GB:  89%|########9 | 544/610 [01:12<00:03, 17.33it/s]
Downloaded 0.53 GB:  89%|########9 | 544/610 [01:12<00:03, 17.33it/s]
Downloaded 0.53 GB:  90%|########9 | 546/610 [01:12<00:03, 17.40it/s]
Downloaded 0.53 GB:  90%|########9 | 546/610 [01:12<00:03, 17.40it/s]
Downloaded 0.54 GB:  90%|########9 | 546/610 [01:12<00:03, 17.40it/s]
Downloaded 0.54 GB:  90%|########9 | 548/610 [01:12<00:03, 17.45it/s]
Downloaded 0.54 GB:  90%|########9 | 548/610 [01:12<00:03, 17.45it/s]
Downloaded 0.54 GB:  90%|########9 | 548/610 [01:13<00:03, 17.45it/s]
Downloaded 0.54 GB:  90%|######### | 550/610 [01:13<00:03, 17.53it/s]
Downloaded 0.54 GB:  90%|######### | 550/610 [01:13<00:03, 17.53it/s]
Downloaded 0.54 GB:  90%|######### | 550/610 [01:13<00:03, 17.53it/s]
Downloaded 0.54 GB:  90%|######### | 552/610 [01:13<00:03, 17.68it/s]
Downloaded 0.54 GB:  90%|######### | 552/610 [01:13<00:03, 17.68it/s]
Downloaded 0.54 GB:  90%|######### | 552/610 [01:13<00:03, 17.68it/s]
Downloaded 0.54 GB:  91%|######### | 554/610 [01:13<00:03, 17.68it/s]
Downloaded 0.54 GB:  91%|######### | 554/610 [01:13<00:03, 17.68it/s]
Downloaded 0.54 GB:  91%|######### | 554/610 [01:13<00:03, 17.68it/s]
Downloaded 0.54 GB:  91%|#########1| 556/610 [01:13<00:03, 17.64it/s]
Downloaded 0.54 GB:  91%|#########1| 556/610 [01:13<00:03, 17.64it/s]
Downloaded 0.54 GB:  91%|#########1| 556/610 [01:13<00:03, 17.64it/s]
Downloaded 0.54 GB:  91%|#########1| 558/610 [01:13<00:02, 17.68it/s]
Downloaded 0.55 GB:  91%|#########1| 558/610 [01:13<00:02, 17.68it/s]
Downloaded 0.55 GB:  91%|#########1| 558/610 [01:13<00:02, 17.68it/s]
Downloaded 0.55 GB:  92%|#########1| 560/610 [01:13<00:02, 17.70it/s]
Downloaded 0.55 GB:  92%|#########1| 560/610 [01:13<00:02, 17.70it/s]
Downloaded 0.55 GB:  92%|#########1| 560/610 [01:13<00:02, 17.70it/s]
Downloaded 0.55 GB:  92%|#########2| 562/610 [01:13<00:02, 17.70it/s]
Downloaded 0.55 GB:  92%|#########2| 562/610 [01:13<00:02, 17.70it/s]
Downloaded 0.55 GB:  92%|#########2| 562/610 [01:13<00:02, 17.70it/s]
Downloaded 0.55 GB:  92%|#########2| 564/610 [01:13<00:02, 17.71it/s]
Downloaded 0.55 GB:  92%|#########2| 564/610 [01:13<00:02, 17.71it/s]
Downloaded 0.55 GB:  92%|#########2| 564/610 [01:13<00:02, 17.71it/s]
Downloaded 0.55 GB:  93%|#########2| 566/610 [01:13<00:02, 17.78it/s]
Downloaded 0.55 GB:  93%|#########2| 566/610 [01:13<00:02, 17.78it/s]
Downloaded 0.55 GB:  93%|#########2| 566/610 [01:14<00:02, 17.78it/s]
Downloaded 0.55 GB:  93%|#########3| 568/610 [01:14<00:02, 17.76it/s]
Downloaded 0.56 GB:  93%|#########3| 568/610 [01:14<00:02, 17.76it/s]
Downloaded 0.56 GB:  93%|#########3| 568/610 [01:14<00:02, 17.76it/s]
Downloaded 0.56 GB:  93%|#########3| 570/610 [01:14<00:02, 17.75it/s]
Downloaded 0.56 GB:  93%|#########3| 570/610 [01:14<00:02, 17.75it/s]
Downloaded 0.56 GB:  93%|#########3| 570/610 [01:14<00:02, 17.75it/s]
Downloaded 0.56 GB:  94%|#########3| 572/610 [01:14<00:02, 17.80it/s]
Downloaded 0.56 GB:  94%|#########3| 572/610 [01:14<00:02, 17.80it/s]
Downloaded 0.56 GB:  94%|#########3| 572/610 [01:14<00:02, 17.80it/s]
Downloaded 0.56 GB:  94%|#########4| 574/610 [01:14<00:02, 17.84it/s]
Downloaded 0.56 GB:  94%|#########4| 574/610 [01:14<00:02, 17.84it/s]
Downloaded 0.56 GB:  94%|#########4| 574/610 [01:14<00:02, 17.84it/s]
Downloaded 0.56 GB:  94%|#########4| 576/610 [01:14<00:01, 17.87it/s]
Downloaded 0.56 GB:  94%|#########4| 576/610 [01:14<00:01, 17.87it/s]
Downloaded 0.56 GB:  94%|#########4| 576/610 [01:14<00:01, 17.87it/s]
Downloaded 0.56 GB:  95%|#########4| 578/610 [01:14<00:01, 17.88it/s]
Downloaded 0.57 GB:  95%|#########4| 578/610 [01:14<00:01, 17.88it/s]
Downloaded 0.57 GB:  95%|#########4| 578/610 [01:14<00:01, 17.88it/s]
Downloaded 0.57 GB:  95%|#########5| 580/610 [01:14<00:01, 17.92it/s]
Downloaded 0.57 GB:  95%|#########5| 580/610 [01:14<00:01, 17.92it/s]
Downloaded 0.57 GB:  95%|#########5| 580/610 [01:14<00:01, 17.92it/s]
Downloaded 0.57 GB:  95%|#########5| 582/610 [01:14<00:01, 17.90it/s]
Downloaded 0.57 GB:  95%|#########5| 582/610 [01:14<00:01, 17.90it/s]
Downloaded 0.57 GB:  95%|#########5| 582/610 [01:14<00:01, 17.90it/s]
Downloaded 0.57 GB:  96%|#########5| 584/610 [01:14<00:01, 17.99it/s]
Downloaded 0.57 GB:  96%|#########5| 584/610 [01:14<00:01, 17.99it/s]
Downloaded 0.57 GB:  96%|#########5| 584/610 [01:15<00:01, 17.99it/s]
Downloaded 0.57 GB:  96%|#########6| 586/610 [01:15<00:01, 18.05it/s]
Downloaded 0.57 GB:  96%|#########6| 586/610 [01:15<00:01, 18.05it/s]
Downloaded 0.57 GB:  96%|#########6| 586/610 [01:15<00:01, 18.05it/s]
Downloaded 0.57 GB:  96%|#########6| 588/610 [01:15<00:01, 18.07it/s]
Downloaded 0.58 GB:  96%|#########6| 588/610 [01:15<00:01, 18.07it/s]
Downloaded 0.58 GB:  96%|#########6| 588/610 [01:15<00:01, 18.07it/s]
Downloaded 0.58 GB:  97%|#########6| 590/610 [01:15<00:01, 18.10it/s]
Downloaded 0.58 GB:  97%|#########6| 590/610 [01:15<00:01, 18.10it/s]
Downloaded 0.58 GB:  97%|#########6| 590/610 [01:15<00:01, 18.10it/s]
Downloaded 0.58 GB:  97%|#########7| 592/610 [01:15<00:00, 18.17it/s]
Downloaded 0.58 GB:  97%|#########7| 592/610 [01:15<00:00, 18.17it/s]
Downloaded 0.58 GB:  97%|#########7| 592/610 [01:15<00:00, 18.17it/s]
Downloaded 0.58 GB:  97%|#########7| 594/610 [01:15<00:00, 18.19it/s]
Downloaded 0.58 GB:  97%|#########7| 594/610 [01:15<00:00, 18.19it/s]
Downloaded 0.58 GB:  97%|#########7| 594/610 [01:15<00:00, 18.19it/s]
Downloaded 0.58 GB:  98%|#########7| 596/610 [01:15<00:00, 18.37it/s]
Downloaded 0.58 GB:  98%|#########7| 596/610 [01:15<00:00, 18.37it/s]
Downloaded 0.58 GB:  98%|#########7| 596/610 [01:15<00:00, 18.37it/s]
Downloaded 0.58 GB:  98%|#########8| 598/610 [01:15<00:00, 18.41it/s]
Downloaded 0.58 GB:  98%|#########8| 598/610 [01:15<00:00, 18.41it/s]
Downloaded 0.59 GB:  98%|#########8| 598/610 [01:15<00:00, 18.41it/s]
Downloaded 0.59 GB:  98%|#########8| 600/610 [01:15<00:00, 18.53it/s]
Downloaded 0.59 GB:  98%|#########8| 600/610 [01:15<00:00, 18.53it/s]
Downloaded 0.59 GB:  98%|#########8| 600/610 [01:15<00:00, 18.53it/s]
Downloaded 0.59 GB:  99%|#########8| 602/610 [01:15<00:00, 18.62it/s]
Downloaded 0.59 GB:  99%|#########8| 602/610 [01:15<00:00, 18.62it/s]
Downloaded 0.59 GB:  99%|#########8| 602/610 [01:16<00:00, 18.62it/s]
Downloaded 0.59 GB:  99%|#########9| 604/610 [01:16<00:00, 18.74it/s]
Downloaded 0.59 GB:  99%|#########9| 604/610 [01:16<00:00, 18.74it/s]
Downloaded 0.59 GB:  99%|#########9| 604/610 [01:16<00:00, 18.74it/s]
Downloaded 0.59 GB:  99%|#########9| 606/610 [01:16<00:00, 18.88it/s]
Downloaded 0.59 GB:  99%|#########9| 606/610 [01:16<00:00, 18.88it/s]
Downloaded 0.59 GB:  99%|#########9| 606/610 [01:16<00:00, 18.88it/s]
Downloaded 0.59 GB: 100%|#########9| 608/610 [01:16<00:00, 18.94it/s]
Downloaded 0.59 GB: 100%|#########9| 608/610 [01:16<00:00, 18.94it/s]
Downloaded 0.59 GB: 100%|#########9| 608/610 [01:16<00:00, 18.94it/s]
Downloaded 0.59 GB: 100%|##########| 610/610 [01:16<00:00,  8.00it/s]
Processing...
Extracting C:\Users\UNITY\Desktop\ANH\Image-Processing-2026\source\baseline_models\link_prediction/dataset\C57BL_6_no1_spatial_edge_attr.zip
Loading necessary files...
This might take a while.
Processing graphs...

  0%|          | 0/1 [00:00<?, ?it/s]
100%|##########| 1/1 [00:00<00:00, 31300.78it/s]
Converting graphs into PyG objects...

  0%|          | 0/1 [00:00<?, ?it/s]
100%|##########| 1/1 [00:00<00:00, 154.04it/s]
Done!
Saving...
Results will be saved in results/ogbl-C57BL_6_no1_spatial_edge_attr_mlp_20260509230348
Command line input: python C:\Users\UNITY\Desktop\ANH\Image-Processing-2026\source\baseline_models\link_prediction\OGB_MLP\mlp.py --dataset ogbl-C57BL_6_no1_spatial_edge_attr --splitting_strategy spatial --eval_metric auc --epochs 20 --runs 1 --batch_size 262144 --eval_steps 5 --hidden_channels 128 --lr 0.0002
 is saved.
Loading edge split (may take a moment for large split files)...
  Edge split loaded: train=4,491,743  val=561,467  test=561,467
  Nodes: 3,820,133  Node-feat dim: 5
  [MLP][WARN] Node2Vec embedding not found: C:\Users\UNITY\Desktop\ANH\Image-Processing-2026\source\baseline_models\link_prediction/OGB_Node2Vec/node2vec_ogbl-C57BL_6_no1_spatial_edge_attr.pt
  [MLP][WARN] Running MLP with raw node features only (5 features).
  [MLP] torch.compile: skipped (fast MLP does not benefit enough).
  [MLP] AMP fp16 Training: OFF (CPU mode)

[MLP Epoch 1/20] Run 1/1 - training...
C:\Users\UNITY\Desktop\ANH\Image-Processing-2026\source\baseline_models\link_prediction\OGB_MLP\mlp.py:97: FutureWarning: `torch.cuda.amp.autocast(args...)` is deprecated. Please use `torch.amp.autocast('cuda', args...)` instead.
  with torch.cuda.amp.autocast(enabled=scaler is not None):
  [MLP] Batch 3/18  loss=1.3882
  [MLP] Batch 6/18  loss=1.3876
  [MLP] Batch 9/18  loss=1.3864
  [MLP] Batch 12/18  loss=1.3849
  [MLP] Batch 15/18  loss=1.3839
  [MLP] Batch 18/18  loss=1.3831
[MLP Epoch 1/20] loss=1.3865  (30.9s)

[MLP Epoch 2/20] Run 1/1 - training...
  [MLP] Batch 3/18  loss=1.3815
  [MLP] Batch 6/18  loss=1.3807
  [MLP] Batch 9/18  loss=1.3792
  [MLP] Batch 12/18  loss=1.3781
  [MLP] Batch 15/18  loss=1.3770
  [MLP] Batch 18/18  loss=1.3766
[MLP Epoch 2/20] loss=1.3793  (30.2s)

[MLP Epoch 3/20] Run 1/1 - training...
  [MLP] Batch 3/18  loss=1.3743
  [MLP] Batch 6/18  loss=1.3735
  [MLP] Batch 9/18  loss=1.3717
  [MLP] Batch 12/18  loss=1.3707
  [MLP] Batch 15/18  loss=1.3695
  [MLP] Batch 18/18  loss=1.3667
[MLP Epoch 3/20] loss=1.3719  (30.3s)

[MLP Epoch 4/20] Run 1/1 - training...
  [MLP] Batch 3/18  loss=1.3675
  [MLP] Batch 6/18  loss=1.3655
  [MLP] Batch 9/18  loss=1.3638
  [MLP] Batch 12/18  loss=1.3628
  [MLP] Batch 15/18  loss=1.3614
  [MLP] Batch 18/18  loss=1.3587
[MLP Epoch 4/20] loss=1.3642  (30.3s)

[MLP Epoch 5/20] Run 1/1 - training...
  [MLP] Batch 3/18  loss=1.3584
  [MLP] Batch 6/18  loss=1.3577
  [MLP] Batch 9/18  loss=1.3570
  [MLP] Batch 12/18  loss=1.3552
  [MLP] Batch 15/18  loss=1.3547
  [MLP] Batch 18/18  loss=1.3535
[MLP Epoch 5/20] loss=1.3565  (30.3s)
  [MLP] Evaluating... (train sample: 25000+25000 | val: 561467+561467 | test: 561467+561467)
AUC
Run: 01, Epoch: 05, Loss: 1.3565, Train: 61.26%, Valid: 60.97%, Test: 60.89%

[MLP Epoch 6/20] Run 1/1 - training...
C:\Users\UNITY\Desktop\ANH\Image-Processing-2026\source\baseline_models\link_prediction\OGB_MLP\mlp.py:97: FutureWarning: `torch.cuda.amp.autocast(args...)` is deprecated. Please use `torch.amp.autocast('cuda', args...)` instead.
  with torch.cuda.amp.autocast(enabled=scaler is not None):
  [MLP] Batch 3/18  loss=1.3517
  [MLP] Batch 6/18  loss=1.3504
  [MLP] Batch 9/18  loss=1.3492
  [MLP] Batch 12/18  loss=1.3474
  [MLP] Batch 15/18  loss=1.3466
  [MLP] Batch 18/18  loss=1.3480
[MLP Epoch 6/20] loss=1.3491  (30.3s)

[MLP Epoch 7/20] Run 1/1 - training...
  [MLP] Batch 3/18  loss=1.3457
  [MLP] Batch 6/18  loss=1.3456
  [MLP] Batch 9/18  loss=1.3439
  [MLP] Batch 12/18  loss=1.3424
  [MLP] Batch 15/18  loss=1.3425
  [MLP] Batch 18/18  loss=1.3416
[MLP Epoch 7/20] loss=1.3440  (30.3s)

[MLP Epoch 8/20] Run 1/1 - training...
  [MLP] Batch 3/18  loss=1.3431
  [MLP] Batch 6/18  loss=1.3415
  [MLP] Batch 9/18  loss=1.3418
  [MLP] Batch 12/18  loss=1.3401
  [MLP] Batch 15/18  loss=1.3413
  [MLP] Batch 18/18  loss=1.3407
[MLP Epoch 8/20] loss=1.3416  (30.2s)

[MLP Epoch 9/20] Run 1/1 - training...
  [MLP] Batch 3/18  loss=1.3406
  [MLP] Batch 6/18  loss=1.3408
  [MLP] Batch 9/18  loss=1.3403
  [MLP] Batch 12/18  loss=1.3399
  [MLP] Batch 15/18  loss=1.3401
  [MLP] Batch 18/18  loss=1.3405
[MLP Epoch 9/20] loss=1.3400  (30.2s)

[MLP Epoch 10/20] Run 1/1 - training...
  [MLP] Batch 3/18  loss=1.3389
  [MLP] Batch 6/18  loss=1.3392
  [MLP] Batch 9/18  loss=1.3380
  [MLP] Batch 12/18  loss=1.3394
  [MLP] Batch 15/18  loss=1.3390
  [MLP] Batch 18/18  loss=1.3383
[MLP Epoch 10/20] loss=1.3388  (30.3s)
  [MLP] Evaluating... (train sample: 25000+25000 | val: 561467+561467 | test: 561467+561467)
AUC
Run: 01, Epoch: 10, Loss: 1.3388, Train: 61.32%, Valid: 60.95%, Test: 60.88%

[MLP Epoch 11/20] Run 1/1 - training...
C:\Users\UNITY\Desktop\ANH\Image-Processing-2026\source\baseline_models\link_prediction\OGB_MLP\mlp.py:97: FutureWarning: `torch.cuda.amp.autocast(args...)` is deprecated. Please use `torch.amp.autocast('cuda', args...)` instead.
  with torch.cuda.amp.autocast(enabled=scaler is not None):
  [MLP] Batch 3/18  loss=1.3384
  [MLP] Batch 6/18  loss=1.3375
  [MLP] Batch 9/18  loss=1.3372
  [MLP] Batch 12/18  loss=1.3372
  [MLP] Batch 15/18  loss=1.3373
  [MLP] Batch 18/18  loss=1.3355
[MLP Epoch 11/20] loss=1.3377  (30.2s)

[MLP Epoch 12/20] Run 1/1 - training...
  [MLP] Batch 3/18  loss=1.3360
  [MLP] Batch 6/18  loss=1.3368
  [MLP] Batch 9/18  loss=1.3371
  [MLP] Batch 12/18  loss=1.3365
  [MLP] Batch 15/18  loss=1.3366
  [MLP] Batch 18/18  loss=1.3366
[MLP Epoch 12/20] loss=1.3367  (30.3s)

[MLP Epoch 13/20] Run 1/1 - training...
  [MLP] Batch 3/18  loss=1.3363
  [MLP] Batch 6/18  loss=1.3359
  [MLP] Batch 9/18  loss=1.3361
  [MLP] Batch 12/18  loss=1.3360
  [MLP] Batch 15/18  loss=1.3356
  [MLP] Batch 18/18  loss=1.3364
[MLP Epoch 13/20] loss=1.3360  (30.3s)

[MLP Epoch 14/20] Run 1/1 - training...
  [MLP] Batch 3/18  loss=1.3346
  [MLP] Batch 6/18  loss=1.3345
  [MLP] Batch 9/18  loss=1.3350
  [MLP] Batch 12/18  loss=1.3344
  [MLP] Batch 15/18  loss=1.3350
  [MLP] Batch 18/18  loss=1.3368
[MLP Epoch 14/20] loss=1.3352  (30.2s)

[MLP Epoch 15/20] Run 1/1 - training...
  [MLP] Batch 3/18  loss=1.3350
  [MLP] Batch 6/18  loss=1.3349
  [MLP] Batch 9/18  loss=1.3348
  [MLP] Batch 12/18  loss=1.3349
  [MLP] Batch 15/18  loss=1.3342
  [MLP] Batch 18/18  loss=1.3337
[MLP Epoch 15/20] loss=1.3347  (30.2s)
  [MLP] Evaluating... (train sample: 25000+25000 | val: 561467+561467 | test: 561467+561467)
AUC
Run: 01, Epoch: 15, Loss: 1.3347, Train: 60.90%, Valid: 60.97%, Test: 60.89%

[MLP Epoch 16/20] Run 1/1 - training...
C:\Users\UNITY\Desktop\ANH\Image-Processing-2026\source\baseline_models\link_prediction\OGB_MLP\mlp.py:97: FutureWarning: `torch.cuda.amp.autocast(args...)` is deprecated. Please use `torch.amp.autocast('cuda', args...)` instead.
  with torch.cuda.amp.autocast(enabled=scaler is not None):
  [MLP] Batch 3/18  loss=1.3347
  [MLP] Batch 6/18  loss=1.3338
  [MLP] Batch 9/18  loss=1.3343
  [MLP] Batch 12/18  loss=1.3349
  [MLP] Batch 15/18  loss=1.3354
  [MLP] Batch 18/18  loss=1.3346
[MLP Epoch 16/20] loss=1.3343  (30.3s)

[MLP Epoch 17/20] Run 1/1 - training...
  [MLP] Batch 3/18  loss=1.3345
  [MLP] Batch 6/18  loss=1.3338
  [MLP] Batch 9/18  loss=1.3333
  [MLP] Batch 12/18  loss=1.3345
  [MLP] Batch 15/18  loss=1.3342
  [MLP] Batch 18/18  loss=1.3324
[MLP Epoch 17/20] loss=1.3339  (30.3s)

[MLP Epoch 18/20] Run 1/1 - training...
  [MLP] Batch 3/18  loss=1.3334
  [MLP] Batch 6/18  loss=1.3336
  [MLP] Batch 9/18  loss=1.3335
  [MLP] Batch 12/18  loss=1.3343
  [MLP] Batch 15/18  loss=1.3344
  [MLP] Batch 18/18  loss=1.3348
[MLP Epoch 18/20] loss=1.3335  (30.3s)

[MLP Epoch 19/20] Run 1/1 - training...
  [MLP] Batch 3/18  loss=1.3323
  [MLP] Batch 6/18  loss=1.3337
  [MLP] Batch 9/18  loss=1.3340
  [MLP] Batch 12/18  loss=1.3324
  [MLP] Batch 15/18  loss=1.3328
  [MLP] Batch 18/18  loss=1.3317
[MLP Epoch 19/20] loss=1.3331  (30.2s)

[MLP Epoch 20/20] Run 1/1 - training...
  [MLP] Batch 3/18  loss=1.3330
  [MLP] Batch 6/18  loss=1.3322
  [MLP] Batch 9/18  loss=1.3322
  [MLP] Batch 12/18  loss=1.3332
  [MLP] Batch 15/18  loss=1.3341
  [MLP] Batch 18/18  loss=1.3326
[MLP Epoch 20/20] loss=1.3329  (30.3s)
  [MLP] Evaluating... (train sample: 25000+25000 | val: 561467+561467 | test: 561467+561467)
AUC
Run: 01, Epoch: 20, Loss: 1.3329, Train: 60.69%, Valid: 60.87%, Test: 60.83%
C:\Users\UNITY\Desktop\ANH\Image-Processing-2026\source\baseline_models\link_prediction\OGB_MLP\logger.py:45: UserWarning: std(): degrees of freedom is <= 0. Correction should be strictly less than the reduction factor (input numel divided by output numel). (Triggered internally at C:\actions-runner\_work\pytorch\pytorch\pytorch\aten\src\ATen\native\ReduceOps.cpp:1858.)
  print(f'Highest Train: {r.mean():.2f} � {r.std():.2f}', file=f)
C:\Users\UNITY\Desktop\ANH\Image-Processing-2026\source\baseline_models\link_prediction\OGB_MLP\logger.py:47: UserWarning: std(): degrees of freedom is <= 0. Correction should be strictly less than the reduction factor (input numel divided by output numel). (Triggered internally at C:\actions-runner\_work\pytorch\pytorch\pytorch\aten\src\ATen\native\ReduceOps.cpp:1858.)
  print(f'Highest Valid: {r.mean():.2f} � {r.std():.2f}', file=f)
C:\Users\UNITY\Desktop\ANH\Image-Processing-2026\source\baseline_models\link_prediction\OGB_MLP\logger.py:49: UserWarning: std(): degrees of freedom is <= 0. Correction should be strictly less than the reduction factor (input numel divided by output numel). (Triggered internally at C:\actions-runner\_work\pytorch\pytorch\pytorch\aten\src\ATen\native\ReduceOps.cpp:1858.)
  print(f'  Final Train: {r.mean():.2f} � {r.std():.2f}', file=f)
C:\Users\UNITY\Desktop\ANH\Image-Processing-2026\source\baseline_models\link_prediction\OGB_MLP\logger.py:51: UserWarning: std(): degrees of freedom is <= 0. Correction should be strictly less than the reduction factor (input numel divided by output numel). (Triggered internally at C:\actions-runner\_work\pytorch\pytorch\pytorch\aten\src\ATen\native\ReduceOps.cpp:1858.)
  print(f'   Final Test: {r.mean():.2f} � {r.std():.2f}', file=f)
Highest Train: 61.32
Highest Valid: 60.97
  Final Train: 61.32
   Final Test: 60.88
All runs:
Highest Train: 61.32 � nan
Highest Valid: 60.97 � nan
  Final Train: 60.90 � nan
   Final Test: 60.89 � nan

========================================================================
Finished   : 2026-05-09T23:14:01.203568
Elapsed (s): 701.3
Return code: 0
Best loss  : 1.331700
Test AUC   : 60.890000
