Run: 01, Epoch: 01, Loss: 1.4203
Run: 01, Epoch: 02, Loss: 4.0637
Run: 01, Epoch: 03, Loss: 1.5345
Run: 01, Epoch: 04, Loss: 1.1251
Run: 01, Epoch: 05, Loss: 1.1033
Run: 01, Epoch: 06, Loss: 1.1004
Run: 01, Epoch: 07, Loss: 1.0969
Run: 01, Epoch: 08, Loss: 1.0937
Run: 01, Epoch: 09, Loss: 1.0954
Run: 01, Epoch: 10, Loss: 1.0938
Run: 01, Epoch: 10, Loss: 1.0938, Train: 33.33%, Valid: 33.33%, Test: 33.33%
Run: 01, Epoch: 11, Loss: 1.0920
Run: 01, Epoch: 12, Loss: 1.0919
Run: 01, Epoch: 13, Loss: 1.0926
Run: 01, Epoch: 14, Loss: 1.0903
Run: 01, Epoch: 15, Loss: 1.0885
Run: 01, Epoch: 16, Loss: 1.0869
Run: 01, Epoch: 17, Loss: 1.0853
Run: 01, Epoch: 18, Loss: 1.0839
Run: 01, Epoch: 19, Loss: 1.0832
Run: 01, Epoch: 20, Loss: 1.0807
Run: 01, Epoch: 20, Loss: 1.0807, Train: 38.36%, Valid: 38.25%, Test: 37.92%
Run: 01, Epoch: 21, Loss: 1.0798
Run: 01, Epoch: 22, Loss: 1.0783
Run: 01, Epoch: 23, Loss: 1.0769
Run: 01, Epoch: 24, Loss: 1.0742
Run: 01, Epoch: 25, Loss: 1.0722
Run: 01, Epoch: 26, Loss: 1.0721
Run: 01, Epoch: 27, Loss: 1.0686
Run: 01, Epoch: 28, Loss: 1.0693
Run: 01, Epoch: 29, Loss: 1.0656
Run: 01, Epoch: 30, Loss: 1.0640
Run: 01, Epoch: 30, Loss: 1.0640, Train: 45.86%, Valid: 44.69%, Test: 45.15%
Run: 01, Epoch: 31, Loss: 1.0604
Run: 01, Epoch: 32, Loss: 1.0597
Run: 01, Epoch: 33, Loss: 1.0559
Run: 01, Epoch: 34, Loss: 1.0549
Run: 01, Epoch: 35, Loss: 1.0507
Run: 01, Epoch: 36, Loss: 1.0500
Run: 01, Epoch: 37, Loss: 1.0476
Run: 01, Epoch: 38, Loss: 1.0476
Run: 01, Epoch: 39, Loss: 1.0456
Run: 01, Epoch: 40, Loss: 1.0445
Run: 01, Epoch: 40, Loss: 1.0445, Train: 45.69%, Valid: 44.84%, Test: 45.27%
Run: 01, Epoch: 41, Loss: 1.0419
Run: 01, Epoch: 42, Loss: 1.0414
Run: 01, Epoch: 43, Loss: 1.0400
Run: 01, Epoch: 44, Loss: 1.0382
Run: 01, Epoch: 45, Loss: 1.0366
Run: 01, Epoch: 46, Loss: 1.0353
Run: 01, Epoch: 47, Loss: 1.0341
Run: 01, Epoch: 48, Loss: 1.0329
Run: 01, Epoch: 49, Loss: 1.0314
Run: 01, Epoch: 50, Loss: 1.0301
Run: 01, Epoch: 50, Loss: 1.0301, Train: 46.75%, Valid: 46.18%, Test: 46.28%
Run: 01, Epoch: 51, Loss: 1.0289
Run: 01, Epoch: 52, Loss: 1.0289
Run: 01, Epoch: 53, Loss: 1.0315
Run: 01, Epoch: 54, Loss: 1.0271
Run: 01, Epoch: 55, Loss: 1.0251
Run: 01, Epoch: 56, Loss: 1.0265
Run: 01, Epoch: 57, Loss: 1.0251
Run: 01, Epoch: 58, Loss: 1.0239
Run: 01, Epoch: 59, Loss: 1.0234
Run: 01, Epoch: 60, Loss: 1.0241
Run: 01, Epoch: 60, Loss: 1.0241, Train: 47.61%, Valid: 46.62%, Test: 47.93%
Run: 01, Epoch: 61, Loss: 1.0232
Run: 01, Epoch: 62, Loss: 1.0217
Run: 01, Epoch: 63, Loss: 1.0225
Run: 01, Epoch: 64, Loss: 1.0232
Run: 01, Epoch: 65, Loss: 1.0207
Run: 01, Epoch: 66, Loss: 1.0229
Run: 01, Epoch: 67, Loss: 1.0236
Run: 01, Epoch: 68, Loss: 1.0204
Run: 01, Epoch: 69, Loss: 1.0244
Run: 01, Epoch: 70, Loss: 1.0277
Run: 01, Epoch: 70, Loss: 1.0277, Train: 46.65%, Valid: 46.65%, Test: 46.60%
Run: 01, Epoch: 71, Loss: 1.0235
Run: 01, Epoch: 72, Loss: 1.0248
Run: 01, Epoch: 73, Loss: 1.0200
Run: 01, Epoch: 74, Loss: 1.0246
Run: 01, Epoch: 75, Loss: 1.0191
Run: 01, Epoch: 76, Loss: 1.0226
Run: 01, Epoch: 77, Loss: 1.0208
Run: 01, Epoch: 78, Loss: 1.0200
Run: 01, Epoch: 79, Loss: 1.0215
Run: 01, Epoch: 80, Loss: 1.0189
Run: 01, Epoch: 80, Loss: 1.0189, Train: 47.24%, Valid: 47.21%, Test: 47.31%
Run: 01, Epoch: 81, Loss: 1.0205
Run: 01, Epoch: 82, Loss: 1.0194
Run: 01, Epoch: 83, Loss: 1.0192
Run: 01, Epoch: 84, Loss: 1.0197
Run: 01, Epoch: 85, Loss: 1.0185
Run: 01, Epoch: 86, Loss: 1.0187
Run: 01, Epoch: 87, Loss: 1.0180
Run: 01, Epoch: 88, Loss: 1.0179
Run: 01, Epoch: 89, Loss: 1.0179
Run: 01, Epoch: 90, Loss: 1.0175
Run: 01, Epoch: 90, Loss: 1.0175, Train: 47.35%, Valid: 47.31%, Test: 47.03%
Run: 01, Epoch: 91, Loss: 1.0175
Run: 01, Epoch: 92, Loss: 1.0169
Run: 01, Epoch: 93, Loss: 1.0191
Run: 01, Epoch: 94, Loss: 1.0184
Run: 01, Epoch: 95, Loss: 1.0181
Run: 01, Epoch: 96, Loss: 1.0174
Run: 01, Epoch: 97, Loss: 1.0186
Run: 01, Epoch: 98, Loss: 1.0166
Run: 01, Epoch: 99, Loss: 1.0176
Run: 01, Epoch: 100, Loss: 1.0165
Run: 01, Epoch: 100, Loss: 1.0165, Train: 47.57%, Valid: 46.09%, Test: 46.54%
Run: 01, Epoch: 101, Loss: 1.0175
Run: 01, Epoch: 102, Loss: 1.0164
Run: 01, Epoch: 103, Loss: 1.0165
Run: 01, Epoch: 104, Loss: 1.0161
Run: 01, Epoch: 105, Loss: 1.0165
Run: 01, Epoch: 106, Loss: 1.0157
Run: 01, Epoch: 107, Loss: 1.0161
Run: 01, Epoch: 108, Loss: 1.0157
Run: 01, Epoch: 109, Loss: 1.0161
Run: 01, Epoch: 110, Loss: 1.0157
Run: 01, Epoch: 110, Loss: 1.0157, Train: 47.65%, Valid: 46.75%, Test: 46.99%
Run: 01, Epoch: 111, Loss: 1.0156
Run: 01, Epoch: 112, Loss: 1.0156
Run: 01, Epoch: 113, Loss: 1.0156
Run: 01, Epoch: 114, Loss: 1.0153
Run: 01, Epoch: 115, Loss: 1.0154
Run: 01, Epoch: 116, Loss: 1.0152
Run: 01, Epoch: 117, Loss: 1.0153
Run: 01, Epoch: 118, Loss: 1.0151
Run: 01, Epoch: 119, Loss: 1.0150
Run: 01, Epoch: 120, Loss: 1.0152
Run: 01, Epoch: 120, Loss: 1.0152, Train: 47.93%, Valid: 45.94%, Test: 47.25%
Run: 01, Epoch: 121, Loss: 1.0150
Run: 01, Epoch: 122, Loss: 1.0149
Run: 01, Epoch: 123, Loss: 1.0149
Run: 01, Epoch: 124, Loss: 1.0149
Run: 01, Epoch: 125, Loss: 1.0148
Run: 01, Epoch: 126, Loss: 1.0148
Run: 01, Epoch: 127, Loss: 1.0148
Run: 01, Epoch: 128, Loss: 1.0146
Run: 01, Epoch: 129, Loss: 1.0144
Run: 01, Epoch: 130, Loss: 1.0145
Run: 01, Epoch: 130, Loss: 1.0145, Train: 47.73%, Valid: 46.34%, Test: 47.24%
Run: 01, Epoch: 131, Loss: 1.0145
Run: 01, Epoch: 132, Loss: 1.0143
Run: 01, Epoch: 133, Loss: 1.0143
Run: 01, Epoch: 134, Loss: 1.0143
Run: 01, Epoch: 135, Loss: 1.0143
Run: 01, Epoch: 136, Loss: 1.0142
Run: 01, Epoch: 137, Loss: 1.0141
Run: 01, Epoch: 138, Loss: 1.0141
Run: 01, Epoch: 139, Loss: 1.0142
Run: 01, Epoch: 140, Loss: 1.0142
Run: 01, Epoch: 140, Loss: 1.0142, Train: 47.92%, Valid: 46.32%, Test: 47.71%
Run: 01, Epoch: 141, Loss: 1.0140
Run: 01, Epoch: 142, Loss: 1.0140
Run: 01, Epoch: 143, Loss: 1.0140
Run: 01, Epoch: 144, Loss: 1.0139
Run: 01, Epoch: 145, Loss: 1.0140
Run: 01, Epoch: 146, Loss: 1.0138
Run: 01, Epoch: 147, Loss: 1.0139
Run: 01, Epoch: 148, Loss: 1.0139
Run: 01, Epoch: 149, Loss: 1.0140
Run: 01, Epoch: 150, Loss: 1.0139
Run: 01, Epoch: 150, Loss: 1.0139, Train: 47.87%, Valid: 46.33%, Test: 47.54%
Run 01:
Highest Train: 47.93
Highest Valid: 47.31
  Final Train: 47.35
   Final Test: 47.03
All runs:
Highest Train: 47.93 ± nan
Highest Valid: 47.31 ± nan
  Final Train: 47.35 ± nan
   Final Test: 47.03 ± nan
