Run: 01, Epoch: 01, Loss: 1.2130
Run: 01, Epoch: 02, Loss: 5.0431
Run: 01, Epoch: 03, Loss: 3.6003
Run: 01, Epoch: 04, Loss: 2.1197
Run: 01, Epoch: 05, Loss: 1.1914
Run: 01, Epoch: 06, Loss: 1.1018
Run: 01, Epoch: 07, Loss: 1.1004
Run: 01, Epoch: 08, Loss: 1.1012
Run: 01, Epoch: 09, Loss: 1.0991
Run: 01, Epoch: 10, Loss: 1.0996
Run: 01, Epoch: 10, Loss: 1.0996, Train: 33.33%, Valid: 33.33%, Test: 33.33%
Run: 01, Epoch: 11, Loss: 1.1006
Run: 01, Epoch: 12, Loss: 1.1017
Run: 01, Epoch: 13, Loss: 1.1021
Run: 01, Epoch: 14, Loss: 1.1017
Run: 01, Epoch: 15, Loss: 1.1002
Run: 01, Epoch: 16, Loss: 1.0998
Run: 01, Epoch: 17, Loss: 1.0990
Run: 01, Epoch: 18, Loss: 1.0986
Run: 01, Epoch: 19, Loss: 1.0967
Run: 01, Epoch: 20, Loss: 1.0982
Run: 01, Epoch: 20, Loss: 1.0982, Train: 32.82%, Valid: 34.79%, Test: 34.63%
Run: 01, Epoch: 21, Loss: 1.0960
Run: 01, Epoch: 22, Loss: 1.0948
Run: 01, Epoch: 23, Loss: 1.0933
Run: 01, Epoch: 24, Loss: 1.0927
Run: 01, Epoch: 25, Loss: 1.0915
Run: 01, Epoch: 26, Loss: 1.0908
Run: 01, Epoch: 27, Loss: 1.0901
Run: 01, Epoch: 28, Loss: 1.0893
Run: 01, Epoch: 29, Loss: 1.0891
Run: 01, Epoch: 30, Loss: 1.0882
Run: 01, Epoch: 30, Loss: 1.0882, Train: 37.51%, Valid: 37.30%, Test: 38.55%
Run: 01, Epoch: 31, Loss: 1.0877
Run: 01, Epoch: 32, Loss: 1.0871
Run: 01, Epoch: 33, Loss: 1.0865
Run: 01, Epoch: 34, Loss: 1.0860
Run: 01, Epoch: 35, Loss: 1.0855
Run: 01, Epoch: 36, Loss: 1.0849
Run: 01, Epoch: 37, Loss: 1.0846
Run: 01, Epoch: 38, Loss: 1.0843
Run: 01, Epoch: 39, Loss: 1.0839
Run: 01, Epoch: 40, Loss: 1.0835
Run: 01, Epoch: 40, Loss: 1.0835, Train: 39.01%, Valid: 38.93%, Test: 39.76%
Run: 01, Epoch: 41, Loss: 1.0832
Run: 01, Epoch: 42, Loss: 1.0829
Run: 01, Epoch: 43, Loss: 1.0826
Run: 01, Epoch: 44, Loss: 1.0824
Run: 01, Epoch: 45, Loss: 1.0821
Run: 01, Epoch: 46, Loss: 1.0816
Run: 01, Epoch: 47, Loss: 1.0814
Run: 01, Epoch: 48, Loss: 1.0811
Run: 01, Epoch: 49, Loss: 1.0799
Run: 01, Epoch: 50, Loss: 1.0795
Run: 01, Epoch: 50, Loss: 1.0795, Train: 39.47%, Valid: 39.41%, Test: 40.15%
Run: 01, Epoch: 51, Loss: 1.0796
Run: 01, Epoch: 52, Loss: 1.0795
Run: 01, Epoch: 53, Loss: 1.0767
Run: 01, Epoch: 54, Loss: 1.0768
Run: 01, Epoch: 55, Loss: 1.0764
Run: 01, Epoch: 56, Loss: 1.0764
Run: 01, Epoch: 57, Loss: 1.0753
Run: 01, Epoch: 58, Loss: 1.0754
Run: 01, Epoch: 59, Loss: 1.0750
Run: 01, Epoch: 60, Loss: 1.0750
Run: 01, Epoch: 60, Loss: 1.0750, Train: 39.88%, Valid: 39.43%, Test: 40.77%
Run: 01, Epoch: 61, Loss: 1.0748
Run: 01, Epoch: 62, Loss: 1.0749
Run: 01, Epoch: 63, Loss: 1.0748
Run: 01, Epoch: 64, Loss: 1.0749
Run: 01, Epoch: 65, Loss: 1.0740
Run: 01, Epoch: 66, Loss: 1.0739
Run: 01, Epoch: 67, Loss: 1.0739
Run: 01, Epoch: 68, Loss: 1.0743
Run: 01, Epoch: 69, Loss: 1.0743
Run: 01, Epoch: 70, Loss: 1.0723
Run: 01, Epoch: 70, Loss: 1.0723, Train: 40.16%, Valid: 39.37%, Test: 41.22%
Run: 01, Epoch: 71, Loss: 1.0719
Run: 01, Epoch: 72, Loss: 1.0722
Run: 01, Epoch: 73, Loss: 1.0729
Run: 01, Epoch: 74, Loss: 1.0720
Run: 01, Epoch: 75, Loss: 1.0724
Run: 01, Epoch: 76, Loss: 1.0737
Run: 01, Epoch: 77, Loss: 1.0730
Run: 01, Epoch: 78, Loss: 1.0744
Run: 01, Epoch: 79, Loss: 1.0721
Run: 01, Epoch: 80, Loss: 1.0730
Run: 01, Epoch: 80, Loss: 1.0730, Train: 40.00%, Valid: 39.95%, Test: 41.30%
Run: 01, Epoch: 81, Loss: 1.0716
Run: 01, Epoch: 82, Loss: 1.0731
Run: 01, Epoch: 83, Loss: 1.0718
Run: 01, Epoch: 84, Loss: 1.0721
Run: 01, Epoch: 85, Loss: 1.0705
Run: 01, Epoch: 86, Loss: 1.0728
Run: 01, Epoch: 87, Loss: 1.0742
Run: 01, Epoch: 88, Loss: 1.0751
Run: 01, Epoch: 89, Loss: 1.0709
Run: 01, Epoch: 90, Loss: 1.0788
Run: 01, Epoch: 90, Loss: 1.0788, Train: 39.49%, Valid: 39.08%, Test: 40.54%
Run: 01, Epoch: 91, Loss: 1.0731
Run: 01, Epoch: 92, Loss: 1.0781
Run: 01, Epoch: 93, Loss: 1.0770
Run: 01, Epoch: 94, Loss: 1.0726
Run: 01, Epoch: 95, Loss: 1.0742
Run: 01, Epoch: 96, Loss: 1.0719
Run: 01, Epoch: 97, Loss: 1.0705
Run: 01, Epoch: 98, Loss: 1.0721
Run: 01, Epoch: 99, Loss: 1.0729
Run: 01, Epoch: 100, Loss: 1.0755
Run: 01, Epoch: 100, Loss: 1.0755, Train: 40.13%, Valid: 39.82%, Test: 41.23%
Run: 01, Epoch: 101, Loss: 1.0717
Run: 01, Epoch: 102, Loss: 1.0724
Run: 01, Epoch: 103, Loss: 1.0717
Run: 01, Epoch: 104, Loss: 1.0726
Run: 01, Epoch: 105, Loss: 1.0713
Run: 01, Epoch: 106, Loss: 1.0714
Run: 01, Epoch: 107, Loss: 1.0727
Run: 01, Epoch: 108, Loss: 1.0719
Run: 01, Epoch: 109, Loss: 1.0722
Run: 01, Epoch: 110, Loss: 1.0715
Run: 01, Epoch: 110, Loss: 1.0715, Train: 40.09%, Valid: 39.77%, Test: 41.34%
Run: 01, Epoch: 111, Loss: 1.0714
Run: 01, Epoch: 112, Loss: 1.0713
Run: 01, Epoch: 113, Loss: 1.0707
Run: 01, Epoch: 114, Loss: 1.0710
Run: 01, Epoch: 115, Loss: 1.0709
Run: 01, Epoch: 116, Loss: 1.0711
Run: 01, Epoch: 117, Loss: 1.0704
Run: 01, Epoch: 118, Loss: 1.0707
Run: 01, Epoch: 119, Loss: 1.0701
Run: 01, Epoch: 120, Loss: 1.0705
Run: 01, Epoch: 120, Loss: 1.0705, Train: 40.29%, Valid: 40.11%, Test: 41.46%
Run: 01, Epoch: 121, Loss: 1.0690
Run: 01, Epoch: 122, Loss: 1.0695
Run: 01, Epoch: 123, Loss: 1.0693
Run: 01, Epoch: 124, Loss: 1.0697
Run: 01, Epoch: 125, Loss: 1.0693
Run: 01, Epoch: 126, Loss: 1.0694
Run: 01, Epoch: 127, Loss: 1.0691
Run: 01, Epoch: 128, Loss: 1.0694
Run: 01, Epoch: 129, Loss: 1.0694
Run: 01, Epoch: 130, Loss: 1.0693
Run: 01, Epoch: 130, Loss: 1.0693, Train: 40.45%, Valid: 40.12%, Test: 41.52%
Run: 01, Epoch: 131, Loss: 1.0696
Run: 01, Epoch: 132, Loss: 1.0671
Run: 01, Epoch: 133, Loss: 1.0673
Run: 01, Epoch: 134, Loss: 1.0675
Run: 01, Epoch: 135, Loss: 1.0674
Run: 01, Epoch: 136, Loss: 1.0675
Run: 01, Epoch: 137, Loss: 1.0674
Run: 01, Epoch: 138, Loss: 1.0675
Run: 01, Epoch: 139, Loss: 1.0673
Run: 01, Epoch: 140, Loss: 1.0672
Run: 01, Epoch: 140, Loss: 1.0672, Train: 40.46%, Valid: 40.01%, Test: 41.39%
Run: 01, Epoch: 141, Loss: 1.0673
Run: 01, Epoch: 142, Loss: 1.0672
Run: 01, Epoch: 143, Loss: 1.0673
Run: 01, Epoch: 144, Loss: 1.0673
Run: 01, Epoch: 145, Loss: 1.0673
Run: 01, Epoch: 146, Loss: 1.0673
Run: 01, Epoch: 147, Loss: 1.0672
Run: 01, Epoch: 148, Loss: 1.0673
Run: 01, Epoch: 149, Loss: 1.0679
Run: 01, Epoch: 150, Loss: 1.0676
Run: 01, Epoch: 150, Loss: 1.0676, Train: 40.07%, Valid: 38.73%, Test: 40.73%
Run 01:
Highest Train: 40.46
Highest Valid: 40.12
  Final Train: 40.45
   Final Test: 41.52
All runs:
Highest Train: 40.46 ± nan
Highest Valid: 40.12 ± nan
  Final Train: 40.45 ± nan
   Final Test: 41.52 ± nan
