Run: 01, Epoch: 01, Loss: 1.5388
Run: 01, Epoch: 02, Loss: 2.7184
Run: 01, Epoch: 03, Loss: 2.9267
Run: 01, Epoch: 04, Loss: 1.5600
Run: 01, Epoch: 05, Loss: 1.1004
Run: 01, Epoch: 06, Loss: 1.3147
Run: 01, Epoch: 07, Loss: 1.3463
Run: 01, Epoch: 08, Loss: 1.2776
Run: 01, Epoch: 09, Loss: 1.1966
Run: 01, Epoch: 10, Loss: 1.1377
Run: 01, Epoch: 10, Loss: 1.1377, Train: 35.19%, Valid: 35.01%, Test: 34.89%
Run: 01, Epoch: 11, Loss: 1.1024
Run: 01, Epoch: 12, Loss: 1.0868
Run: 01, Epoch: 13, Loss: 1.0794
Run: 01, Epoch: 14, Loss: 1.0739
Run: 01, Epoch: 15, Loss: 1.0727
Run: 01, Epoch: 16, Loss: 1.0725
Run: 01, Epoch: 17, Loss: 1.0717
Run: 01, Epoch: 18, Loss: 1.0695
Run: 01, Epoch: 19, Loss: 1.0662
Run: 01, Epoch: 20, Loss: 1.0641
Run: 01, Epoch: 20, Loss: 1.0641, Train: 41.49%, Valid: 40.60%, Test: 42.17%
Run: 01, Epoch: 21, Loss: 1.0621
Run: 01, Epoch: 22, Loss: 1.0586
Run: 01, Epoch: 23, Loss: 1.0547
Run: 01, Epoch: 24, Loss: 1.0510
Run: 01, Epoch: 25, Loss: 1.0461
Run: 01, Epoch: 26, Loss: 1.0402
Run: 01, Epoch: 27, Loss: 1.0382
Run: 01, Epoch: 28, Loss: 1.0352
Run: 01, Epoch: 29, Loss: 1.0329
Run: 01, Epoch: 30, Loss: 1.0298
Run: 01, Epoch: 30, Loss: 1.0298, Train: 45.52%, Valid: 44.77%, Test: 46.04%
Run: 01, Epoch: 31, Loss: 1.0378
Run: 01, Epoch: 32, Loss: 1.0430
Run: 01, Epoch: 33, Loss: 1.0283
Run: 01, Epoch: 34, Loss: 1.0374
Run: 01, Epoch: 35, Loss: 1.0277
Run: 01, Epoch: 36, Loss: 1.0297
Run: 01, Epoch: 37, Loss: 1.0274
Run: 01, Epoch: 38, Loss: 1.0245
Run: 01, Epoch: 39, Loss: 1.0254
Run: 01, Epoch: 40, Loss: 1.0216
Run: 01, Epoch: 40, Loss: 1.0216, Train: 47.11%, Valid: 46.06%, Test: 47.97%
Run: 01, Epoch: 41, Loss: 1.0215
Run: 01, Epoch: 42, Loss: 1.0211
Run: 01, Epoch: 43, Loss: 1.0186
Run: 01, Epoch: 44, Loss: 1.0192
Run: 01, Epoch: 45, Loss: 1.0169
Run: 01, Epoch: 46, Loss: 1.0164
Run: 01, Epoch: 47, Loss: 1.0153
Run: 01, Epoch: 48, Loss: 1.0148
Run: 01, Epoch: 49, Loss: 1.0133
Run: 01, Epoch: 50, Loss: 1.0120
Run: 01, Epoch: 50, Loss: 1.0120, Train: 47.69%, Valid: 46.38%, Test: 48.39%
Run: 01, Epoch: 51, Loss: 1.0127
Run: 01, Epoch: 52, Loss: 1.0111
Run: 01, Epoch: 53, Loss: 1.0113
Run: 01, Epoch: 54, Loss: 1.0104
Run: 01, Epoch: 55, Loss: 1.0100
Run: 01, Epoch: 56, Loss: 1.0093
Run: 01, Epoch: 57, Loss: 1.0095
Run: 01, Epoch: 58, Loss: 1.0086
Run: 01, Epoch: 59, Loss: 1.0083
Run: 01, Epoch: 60, Loss: 1.0076
Run: 01, Epoch: 60, Loss: 1.0076, Train: 47.86%, Valid: 46.81%, Test: 49.14%
Run: 01, Epoch: 61, Loss: 1.0076
Run: 01, Epoch: 62, Loss: 1.0068
Run: 01, Epoch: 63, Loss: 1.0068
Run: 01, Epoch: 64, Loss: 1.0067
Run: 01, Epoch: 65, Loss: 1.0064
Run: 01, Epoch: 66, Loss: 1.0060
Run: 01, Epoch: 67, Loss: 1.0060
Run: 01, Epoch: 68, Loss: 1.0059
Run: 01, Epoch: 69, Loss: 1.0057
Run: 01, Epoch: 70, Loss: 1.0055
Run: 01, Epoch: 70, Loss: 1.0055, Train: 48.02%, Valid: 47.00%, Test: 48.87%
Run: 01, Epoch: 71, Loss: 1.0053
Run: 01, Epoch: 72, Loss: 1.0051
Run: 01, Epoch: 73, Loss: 1.0048
Run: 01, Epoch: 74, Loss: 1.0048
Run: 01, Epoch: 75, Loss: 1.0045
Run: 01, Epoch: 76, Loss: 1.0044
Run: 01, Epoch: 77, Loss: 1.0044
Run: 01, Epoch: 78, Loss: 1.0041
Run: 01, Epoch: 79, Loss: 1.0041
Run: 01, Epoch: 80, Loss: 1.0040
Run: 01, Epoch: 80, Loss: 1.0040, Train: 48.28%, Valid: 47.04%, Test: 49.58%
Run: 01, Epoch: 81, Loss: 1.0037
Run: 01, Epoch: 82, Loss: 1.0038
Run: 01, Epoch: 83, Loss: 1.0036
Run: 01, Epoch: 84, Loss: 1.0036
Run: 01, Epoch: 85, Loss: 1.0035
Run: 01, Epoch: 86, Loss: 1.0033
Run: 01, Epoch: 87, Loss: 1.0032
Run: 01, Epoch: 88, Loss: 1.0032
Run: 01, Epoch: 89, Loss: 1.0031
Run: 01, Epoch: 90, Loss: 1.0030
Run: 01, Epoch: 90, Loss: 1.0030, Train: 48.31%, Valid: 46.86%, Test: 49.34%
Run: 01, Epoch: 91, Loss: 1.0031
Run: 01, Epoch: 92, Loss: 1.0033
Run: 01, Epoch: 93, Loss: 1.0037
Run: 01, Epoch: 94, Loss: 1.0053
Run: 01, Epoch: 95, Loss: 1.0060
Run: 01, Epoch: 96, Loss: 1.0068
Run: 01, Epoch: 97, Loss: 1.0037
Run: 01, Epoch: 98, Loss: 1.0063
Run: 01, Epoch: 99, Loss: 1.0049
Run: 01, Epoch: 100, Loss: 1.0058
Run: 01, Epoch: 100, Loss: 1.0058, Train: 48.47%, Valid: 46.64%, Test: 49.37%
Run: 01, Epoch: 101, Loss: 1.0040
Run: 01, Epoch: 102, Loss: 1.0050
Run: 01, Epoch: 103, Loss: 1.0049
Run: 01, Epoch: 104, Loss: 1.0043
Run: 01, Epoch: 105, Loss: 1.0049
Run: 01, Epoch: 106, Loss: 1.0041
Run: 01, Epoch: 107, Loss: 1.0044
Run: 01, Epoch: 108, Loss: 1.0036
Run: 01, Epoch: 109, Loss: 1.0034
Run: 01, Epoch: 110, Loss: 1.0032
Run: 01, Epoch: 110, Loss: 1.0032, Train: 48.46%, Valid: 47.10%, Test: 49.25%
Run: 01, Epoch: 111, Loss: 1.0030
Run: 01, Epoch: 112, Loss: 1.0040
Run: 01, Epoch: 113, Loss: 1.0043
Run: 01, Epoch: 114, Loss: 1.0040
Run: 01, Epoch: 115, Loss: 1.0039
Run: 01, Epoch: 116, Loss: 1.0039
Run: 01, Epoch: 117, Loss: 1.0032
Run: 01, Epoch: 118, Loss: 1.0035
Run: 01, Epoch: 119, Loss: 1.0050
Run: 01, Epoch: 120, Loss: 1.0053
Run: 01, Epoch: 120, Loss: 1.0053, Train: 48.03%, Valid: 46.55%, Test: 49.26%
Run: 01, Epoch: 121, Loss: 1.0057
Run: 01, Epoch: 122, Loss: 1.0058
Run: 01, Epoch: 123, Loss: 1.0064
Run: 01, Epoch: 124, Loss: 1.0042
Run: 01, Epoch: 125, Loss: 1.0043
Run: 01, Epoch: 126, Loss: 1.0035
Run: 01, Epoch: 127, Loss: 1.0048
Run: 01, Epoch: 128, Loss: 1.0045
Run: 01, Epoch: 129, Loss: 1.0032
Run: 01, Epoch: 130, Loss: 1.0036
Run: 01, Epoch: 130, Loss: 1.0036, Train: 48.19%, Valid: 47.21%, Test: 49.22%
Run: 01, Epoch: 131, Loss: 1.0035
Run: 01, Epoch: 132, Loss: 1.0032
Run: 01, Epoch: 133, Loss: 1.0027
Run: 01, Epoch: 134, Loss: 1.0028
Run: 01, Epoch: 135, Loss: 1.0027
Run: 01, Epoch: 136, Loss: 1.0026
Run: 01, Epoch: 137, Loss: 1.0025
Run: 01, Epoch: 138, Loss: 1.0031
Run: 01, Epoch: 139, Loss: 1.0023
Run: 01, Epoch: 140, Loss: 1.0026
Run: 01, Epoch: 140, Loss: 1.0026, Train: 48.40%, Valid: 46.86%, Test: 49.29%
Run: 01, Epoch: 141, Loss: 1.0020
Run: 01, Epoch: 142, Loss: 1.0026
Run: 01, Epoch: 143, Loss: 1.0024
Run: 01, Epoch: 144, Loss: 1.0023
Run: 01, Epoch: 145, Loss: 1.0020
Run: 01, Epoch: 146, Loss: 1.0019
Run: 01, Epoch: 147, Loss: 1.0017
Run: 01, Epoch: 148, Loss: 1.0016
Run: 01, Epoch: 149, Loss: 1.0018
Run: 01, Epoch: 150, Loss: 1.0015
Run: 01, Epoch: 150, Loss: 1.0015, Train: 48.47%, Valid: 47.39%, Test: 49.28%
Run 01:
Highest Train: 48.47
Highest Valid: 47.39
  Final Train: 48.47
   Final Test: 49.28
All runs:
Highest Train: 48.47 ± nan
Highest Valid: 47.39 ± nan
  Final Train: 48.47 ± nan
   Final Test: 49.28 ± nan
