Run: 01, Approx Train Acc: 0.4036, Epoch: 01, Loss: 0.9200
Run: 01, Approx Train Acc: 0.1730, Epoch: 02, Loss: 0.5487
Run: 01, Approx Train Acc: 0.3828, Epoch: 03, Loss: 0.5487
Run: 01, Approx Train Acc: 0.4369, Epoch: 04, Loss: 0.5462
Run: 01, Approx Train Acc: 0.4144, Epoch: 05, Loss: 0.5422
Run: 01, Approx Train Acc: 0.3691, Epoch: 06, Loss: 0.5284
Run: 01, Approx Train Acc: 0.3946, Epoch: 07, Loss: 0.5263
Run: 01, Approx Train Acc: 0.4317, Epoch: 08, Loss: 0.5348
Run: 01, Approx Train Acc: 0.3826, Epoch: 09, Loss: 0.5065
Run: 01, Approx Train Acc: 0.3949, Epoch: 10, Loss: 0.5039
Run: 01, Epoch: 10, Train: 41.96%, Valid: 42.02% Test: 40.97%
Run: 01, Approx Train Acc: 0.3842, Epoch: 11, Loss: 0.5096
Run: 01, Approx Train Acc: 0.3949, Epoch: 12, Loss: 0.5086
Run: 01, Approx Train Acc: 0.4065, Epoch: 13, Loss: 0.5083
Run: 01, Approx Train Acc: 0.3877, Epoch: 14, Loss: 0.5023
Run: 01, Approx Train Acc: 0.3915, Epoch: 15, Loss: 0.5010
Run: 01, Epoch: 15, Train: 53.32%, Valid: 54.31% Test: 52.70%
Run: 01, Approx Train Acc: 0.3887, Epoch: 16, Loss: 0.5058
Run: 01, Approx Train Acc: 0.3994, Epoch: 17, Loss: 0.5123
Run: 01, Approx Train Acc: 0.3912, Epoch: 18, Loss: 0.4972
Run: 01, Approx Train Acc: 0.4035, Epoch: 19, Loss: 0.4903
Run: 01, Approx Train Acc: 0.3953, Epoch: 20, Loss: 0.4876
Run: 01, Epoch: 20, Train: 53.93%, Valid: 54.55% Test: 52.92%
Run: 01, Approx Train Acc: 0.3918, Epoch: 21, Loss: 0.4836
Run: 01, Approx Train Acc: 0.3754, Epoch: 22, Loss: 0.4865
Run: 01, Approx Train Acc: 0.3804, Epoch: 23, Loss: 0.4760
Run: 01, Approx Train Acc: 0.3849, Epoch: 24, Loss: 0.4768
Run: 01, Approx Train Acc: 0.3674, Epoch: 25, Loss: 0.4736
Run: 01, Epoch: 25, Train: 55.73%, Valid: 55.04% Test: 54.73%
Run: 01, Approx Train Acc: 0.3743, Epoch: 26, Loss: 0.4708
Run: 01, Approx Train Acc: 0.3679, Epoch: 27, Loss: 0.4749
Run: 01, Approx Train Acc: 0.3652, Epoch: 28, Loss: 0.4742
Run: 01, Approx Train Acc: 0.3603, Epoch: 29, Loss: 0.4622
Run: 01, Approx Train Acc: 0.3579, Epoch: 30, Loss: 0.4694
Run: 01, Epoch: 30, Train: 57.79%, Valid: 57.05% Test: 57.11%
Run: 01, Approx Train Acc: 0.3666, Epoch: 31, Loss: 0.4713
Run: 01, Approx Train Acc: 0.3561, Epoch: 32, Loss: 0.4729
Run: 01, Approx Train Acc: 0.3737, Epoch: 33, Loss: 0.4663
Run: 01, Approx Train Acc: 0.3643, Epoch: 34, Loss: 0.4643
Run: 01, Approx Train Acc: 0.3570, Epoch: 35, Loss: 0.4693
Run: 01, Epoch: 35, Train: 57.57%, Valid: 57.06% Test: 56.72%
Run: 01, Approx Train Acc: 0.3705, Epoch: 36, Loss: 0.4639
Run: 01, Approx Train Acc: 0.3641, Epoch: 37, Loss: 0.4584
Run: 01, Approx Train Acc: 0.3593, Epoch: 38, Loss: 0.4635
Run: 01, Approx Train Acc: 0.3637, Epoch: 39, Loss: 0.4628
Run: 01, Approx Train Acc: 0.3556, Epoch: 40, Loss: 0.4680
Run: 01, Epoch: 40, Train: 58.57%, Valid: 57.56% Test: 57.77%
Run: 01, Approx Train Acc: 0.3733, Epoch: 41, Loss: 0.4721
Run: 01, Approx Train Acc: 0.3789, Epoch: 42, Loss: 0.4625
Run: 01, Approx Train Acc: 0.3405, Epoch: 43, Loss: 0.4697
Run: 01, Approx Train Acc: 0.3637, Epoch: 44, Loss: 0.4682
Run: 01, Approx Train Acc: 0.3590, Epoch: 45, Loss: 0.4622
Run: 01, Epoch: 45, Train: 57.94%, Valid: 57.19% Test: 57.62%
Run: 01, Approx Train Acc: 0.3636, Epoch: 46, Loss: 0.4592
Run: 01, Approx Train Acc: 0.3507, Epoch: 47, Loss: 0.4610
Run: 01, Approx Train Acc: 0.3635, Epoch: 48, Loss: 0.4667
Run: 01, Approx Train Acc: 0.3553, Epoch: 49, Loss: 0.4612
Run: 01, Approx Train Acc: 0.3554, Epoch: 50, Loss: 0.4613
Run: 01, Epoch: 50, Train: 59.89%, Valid: 59.14% Test: 59.19%
Run: 01, Approx Train Acc: 0.3506, Epoch: 51, Loss: 0.4672
Run: 01, Approx Train Acc: 0.3505, Epoch: 52, Loss: 0.4578
Run: 01, Approx Train Acc: 0.3516, Epoch: 53, Loss: 0.4599
Run: 01, Approx Train Acc: 0.3555, Epoch: 54, Loss: 0.4525
Run: 01, Approx Train Acc: 0.3557, Epoch: 55, Loss: 0.4552
Run: 01, Epoch: 55, Train: 58.96%, Valid: 58.09% Test: 58.28%
Run: 01, Approx Train Acc: 0.3597, Epoch: 56, Loss: 0.4572
Run: 01, Approx Train Acc: 0.3486, Epoch: 57, Loss: 0.4588
Run: 01, Approx Train Acc: 0.3552, Epoch: 58, Loss: 0.4597
Run: 01, Approx Train Acc: 0.3450, Epoch: 59, Loss: 0.4736
Run: 01, Approx Train Acc: 0.3624, Epoch: 60, Loss: 0.4595
Run: 01, Epoch: 60, Train: 57.56%, Valid: 56.71% Test: 57.20%
Run: 01, Approx Train Acc: 0.3444, Epoch: 61, Loss: 0.4582
Run: 01, Approx Train Acc: 0.3466, Epoch: 62, Loss: 0.4551
Run: 01, Approx Train Acc: 0.3485, Epoch: 63, Loss: 0.4593
Run: 01, Approx Train Acc: 0.3566, Epoch: 64, Loss: 0.4532
Run: 01, Approx Train Acc: 0.3555, Epoch: 65, Loss: 0.4574
Run: 01, Epoch: 65, Train: 58.73%, Valid: 58.01% Test: 58.30%
Run: 01, Approx Train Acc: 0.3505, Epoch: 66, Loss: 0.4506
Run: 01, Approx Train Acc: 0.3375, Epoch: 67, Loss: 0.4543
Run: 01, Approx Train Acc: 0.3553, Epoch: 68, Loss: 0.4469
Run: 01, Approx Train Acc: 0.3440, Epoch: 69, Loss: 0.4495
Run: 01, Approx Train Acc: 0.3460, Epoch: 70, Loss: 0.4514
Run: 01, Epoch: 70, Train: 57.73%, Valid: 56.69% Test: 57.00%
Run: 01, Approx Train Acc: 0.3483, Epoch: 71, Loss: 0.4486
Run: 01, Approx Train Acc: 0.3472, Epoch: 72, Loss: 0.4518
Run: 01, Approx Train Acc: 0.3528, Epoch: 73, Loss: 0.4491
Run: 01, Approx Train Acc: 0.3469, Epoch: 74, Loss: 0.4522
Run: 01, Approx Train Acc: 0.3479, Epoch: 75, Loss: 0.4541
Run: 01, Epoch: 75, Train: 58.36%, Valid: 57.52% Test: 57.86%
Run: 01, Approx Train Acc: 0.3592, Epoch: 76, Loss: 0.4555
Run: 01, Approx Train Acc: 0.3458, Epoch: 77, Loss: 0.4570
Run: 01, Approx Train Acc: 0.3500, Epoch: 78, Loss: 0.4510
Run: 01, Approx Train Acc: 0.3321, Epoch: 79, Loss: 0.4597
Run: 01, Approx Train Acc: 0.3490, Epoch: 80, Loss: 0.4522
Run: 01, Epoch: 80, Train: 59.97%, Valid: 59.09% Test: 58.89%
Run: 01, Approx Train Acc: 0.3487, Epoch: 81, Loss: 0.4487
Run: 01, Approx Train Acc: 0.3282, Epoch: 82, Loss: 0.4527
Run: 01, Approx Train Acc: 0.3514, Epoch: 83, Loss: 0.4562
Run: 01, Approx Train Acc: 0.3592, Epoch: 84, Loss: 0.4477
Run: 01, Approx Train Acc: 0.3411, Epoch: 85, Loss: 0.4512
Run: 01, Epoch: 85, Train: 58.46%, Valid: 57.49% Test: 57.99%
Run: 01, Approx Train Acc: 0.3484, Epoch: 86, Loss: 0.4595
Run: 01, Approx Train Acc: 0.3481, Epoch: 87, Loss: 0.4624
Run: 01, Approx Train Acc: 0.3513, Epoch: 88, Loss: 0.4547
Run: 01, Approx Train Acc: 0.3308, Epoch: 89, Loss: 0.4652
Run: 01, Approx Train Acc: 0.3347, Epoch: 90, Loss: 0.4584
Run: 01, Epoch: 90, Train: 60.04%, Valid: 58.89% Test: 58.90%
Run: 01, Approx Train Acc: 0.3538, Epoch: 91, Loss: 0.4536
Run: 01, Approx Train Acc: 0.3440, Epoch: 92, Loss: 0.4599
Run: 01, Approx Train Acc: 0.3524, Epoch: 93, Loss: 0.4618
Run: 01, Approx Train Acc: 0.3610, Epoch: 94, Loss: 0.4550
Run: 01, Approx Train Acc: 0.3555, Epoch: 95, Loss: 0.4545
Run: 01, Epoch: 95, Train: 59.31%, Valid: 58.25% Test: 59.00%
Run: 01, Approx Train Acc: 0.3459, Epoch: 96, Loss: 0.4479
Run: 01, Approx Train Acc: 0.3511, Epoch: 97, Loss: 0.4526
Run: 01, Approx Train Acc: 0.3475, Epoch: 98, Loss: 0.4543
Run: 01, Approx Train Acc: 0.3442, Epoch: 99, Loss: 0.4598
Run: 01, Approx Train Acc: 0.3502, Epoch: 100, Loss: 0.4534
Run: 01, Epoch: 100, Train: 57.78%, Valid: 57.03% Test: 57.51%
Run: 01, Approx Train Acc: 0.3500, Epoch: 101, Loss: 0.4527
Run: 01, Approx Train Acc: 0.3386, Epoch: 102, Loss: 0.4530
Run: 01, Approx Train Acc: 0.3453, Epoch: 103, Loss: 0.4474
Run: 01, Approx Train Acc: 0.3397, Epoch: 104, Loss: 0.4623
Run: 01, Approx Train Acc: 0.3406, Epoch: 105, Loss: 0.4511
Run: 01, Epoch: 105, Train: 58.50%, Valid: 57.65% Test: 57.89%
Run: 01, Approx Train Acc: 0.3450, Epoch: 106, Loss: 0.4561
Run: 01, Approx Train Acc: 0.3504, Epoch: 107, Loss: 0.4565
Run: 01, Approx Train Acc: 0.3491, Epoch: 108, Loss: 0.4566
Run: 01, Approx Train Acc: 0.3461, Epoch: 109, Loss: 0.4513
Run: 01, Approx Train Acc: 0.3502, Epoch: 110, Loss: 0.4500
Run: 01, Epoch: 110, Train: 59.62%, Valid: 58.92% Test: 58.55%
Run: 01, Approx Train Acc: 0.3454, Epoch: 111, Loss: 0.4474
Run: 01, Approx Train Acc: 0.3354, Epoch: 112, Loss: 0.4521
Run: 01, Approx Train Acc: 0.3395, Epoch: 113, Loss: 0.4507
Run: 01, Approx Train Acc: 0.3374, Epoch: 114, Loss: 0.4502
Run: 01, Approx Train Acc: 0.3314, Epoch: 115, Loss: 0.4505
Run: 01, Epoch: 115, Train: 58.25%, Valid: 57.18% Test: 57.74%
Run: 01, Approx Train Acc: 0.3468, Epoch: 116, Loss: 0.4603
Run: 01, Approx Train Acc: 0.3560, Epoch: 117, Loss: 0.4521
Run: 01, Approx Train Acc: 0.3407, Epoch: 118, Loss: 0.4539
Run: 01, Approx Train Acc: 0.3410, Epoch: 119, Loss: 0.4483
Run: 01, Approx Train Acc: 0.3474, Epoch: 120, Loss: 0.4474
Run: 01, Epoch: 120, Train: 60.32%, Valid: 59.11% Test: 59.63%
Run: 01, Approx Train Acc: 0.3486, Epoch: 121, Loss: 0.4463
Run: 01, Approx Train Acc: 0.3350, Epoch: 122, Loss: 0.4486
Run: 01, Approx Train Acc: 0.3415, Epoch: 123, Loss: 0.4499
Run: 01, Approx Train Acc: 0.3503, Epoch: 124, Loss: 0.4473
Run: 01, Approx Train Acc: 0.3390, Epoch: 125, Loss: 0.4496
Run: 01, Epoch: 125, Train: 58.77%, Valid: 58.47% Test: 58.18%
Run: 01, Approx Train Acc: 0.3360, Epoch: 126, Loss: 0.4603
Run: 01, Approx Train Acc: 0.3456, Epoch: 127, Loss: 0.4557
Run: 01, Approx Train Acc: 0.3397, Epoch: 128, Loss: 0.4509
Run: 01, Approx Train Acc: 0.3465, Epoch: 129, Loss: 0.4473
Run: 01, Approx Train Acc: 0.3412, Epoch: 130, Loss: 0.4473
Run: 01, Epoch: 130, Train: 58.51%, Valid: 57.20% Test: 58.20%
Run: 01, Approx Train Acc: 0.3319, Epoch: 131, Loss: 0.4544
Run: 01, Approx Train Acc: 0.3492, Epoch: 132, Loss: 0.4484
Run: 01, Approx Train Acc: 0.3434, Epoch: 133, Loss: 0.4488
Run: 01, Approx Train Acc: 0.3399, Epoch: 134, Loss: 0.4468
Run: 01, Approx Train Acc: 0.3462, Epoch: 135, Loss: 0.4479
Run: 01, Epoch: 135, Train: 59.08%, Valid: 58.10% Test: 58.35%
Run: 01, Approx Train Acc: 0.3461, Epoch: 136, Loss: 0.4520
Run: 01, Approx Train Acc: 0.3477, Epoch: 137, Loss: 0.4477
Run: 01, Approx Train Acc: 0.3542, Epoch: 138, Loss: 0.4527
Run: 01, Approx Train Acc: 0.3432, Epoch: 139, Loss: 0.4497
Run: 01, Approx Train Acc: 0.3422, Epoch: 140, Loss: 0.4524
Run: 01, Epoch: 140, Train: 60.12%, Valid: 59.37% Test: 59.09%
Run: 01, Approx Train Acc: 0.3409, Epoch: 141, Loss: 0.4511
Run: 01, Approx Train Acc: 0.3493, Epoch: 142, Loss: 0.4496
Run: 01, Approx Train Acc: 0.3339, Epoch: 143, Loss: 0.4566
Run: 01, Approx Train Acc: 0.3458, Epoch: 144, Loss: 0.4535
Run: 01, Approx Train Acc: 0.3365, Epoch: 145, Loss: 0.4571
Run: 01, Epoch: 145, Train: 57.29%, Valid: 56.34% Test: 56.92%
Run: 01, Approx Train Acc: 0.3596, Epoch: 146, Loss: 0.4524
Run: 01, Approx Train Acc: 0.3463, Epoch: 147, Loss: 0.4547
Run: 01, Approx Train Acc: 0.3475, Epoch: 148, Loss: 0.4551
Run: 01, Approx Train Acc: 0.3362, Epoch: 149, Loss: 0.4553
Run: 01, Approx Train Acc: 0.3286, Epoch: 150, Loss: 0.4536
Run: 01, Epoch: 150, Train: 59.79%, Valid: 59.02% Test: 59.17%
Run 01:
Highest Train: 60.32
Highest Valid: 59.37
  Final Train: 60.12
   Final Test: 59.09
All runs:
Highest Train: 60.32 ± nan
Highest Valid: 59.37 ± nan
  Final Train: 60.12 ± nan
   Final Test: 59.09 ± nan
