Run: 01, Epoch: 01, Loss: 1.3974
Run: 01, Epoch: 02, Loss: 1.3947
Run: 01, Epoch: 03, Loss: 1.1902
Run: 01, Epoch: 04, Loss: 1.1857
Run: 01, Epoch: 05, Loss: 1.1188
Run: 01, Epoch: 06, Loss: 1.0992
Run: 01, Epoch: 07, Loss: 1.0983
Run: 01, Epoch: 08, Loss: 1.0949
Run: 01, Epoch: 09, Loss: 1.0909
Run: 01, Epoch: 10, Loss: 1.0886
Run: 01, Epoch: 010, Loss: 1.0886, Train: 0.3765, Val: 0.3694, Test: 0.3659
Run: 01, Epoch: 11, Loss: 1.0836
Run: 01, Epoch: 12, Loss: 1.0781
Run: 01, Epoch: 13, Loss: 1.0723
Run: 01, Epoch: 14, Loss: 1.0686
Run: 01, Epoch: 15, Loss: 1.0674
Run: 01, Epoch: 16, Loss: 1.0621
Run: 01, Epoch: 17, Loss: 1.0588
Run: 01, Epoch: 18, Loss: 1.0581
Run: 01, Epoch: 19, Loss: 1.0540
Run: 01, Epoch: 20, Loss: 1.0504
Run: 01, Epoch: 020, Loss: 1.0504, Train: 0.4543, Val: 0.4464, Test: 0.4575
Run: 01, Epoch: 21, Loss: 1.0492
Run: 01, Epoch: 22, Loss: 1.0465
Run: 01, Epoch: 23, Loss: 1.0450
Run: 01, Epoch: 24, Loss: 1.0435
Run: 01, Epoch: 25, Loss: 1.0422
Run: 01, Epoch: 26, Loss: 1.0414
Run: 01, Epoch: 27, Loss: 1.0396
Run: 01, Epoch: 28, Loss: 1.0397
Run: 01, Epoch: 29, Loss: 1.0384
Run: 01, Epoch: 30, Loss: 1.0393
Run: 01, Epoch: 030, Loss: 1.0393, Train: 0.4487, Val: 0.4384, Test: 0.4505
Run: 01, Epoch: 31, Loss: 1.0375
Run: 01, Epoch: 32, Loss: 1.0356
Run: 01, Epoch: 33, Loss: 1.0331
Run: 01, Epoch: 34, Loss: 1.0356
Run: 01, Epoch: 35, Loss: 1.0350
Run: 01, Epoch: 36, Loss: 1.0335
Run: 01, Epoch: 37, Loss: 1.0319
Run: 01, Epoch: 38, Loss: 1.0311
Run: 01, Epoch: 39, Loss: 1.0302
Run: 01, Epoch: 40, Loss: 1.0305
Run: 01, Epoch: 040, Loss: 1.0305, Train: 0.4450, Val: 0.4379, Test: 0.4563
Run: 01, Epoch: 41, Loss: 1.0300
Run: 01, Epoch: 42, Loss: 1.0307
Run: 01, Epoch: 43, Loss: 1.0306
Run: 01, Epoch: 44, Loss: 1.0297
Run: 01, Epoch: 45, Loss: 1.0296
Run: 01, Epoch: 46, Loss: 1.0291
Run: 01, Epoch: 47, Loss: 1.0273
Run: 01, Epoch: 48, Loss: 1.0285
Run: 01, Epoch: 49, Loss: 1.0284
Run: 01, Epoch: 50, Loss: 1.0284
Run: 01, Epoch: 050, Loss: 1.0284, Train: 0.4604, Val: 0.4516, Test: 0.4723
Run: 01, Epoch: 51, Loss: 1.0264
Run: 01, Epoch: 52, Loss: 1.0264
Run: 01, Epoch: 53, Loss: 1.0285
Run: 01, Epoch: 54, Loss: 1.0280
Run: 01, Epoch: 55, Loss: 1.0268
Run: 01, Epoch: 56, Loss: 1.0281
Run: 01, Epoch: 57, Loss: 1.0279
Run: 01, Epoch: 58, Loss: 1.0259
Run: 01, Epoch: 59, Loss: 1.0250
Run: 01, Epoch: 60, Loss: 1.0268
Run: 01, Epoch: 060, Loss: 1.0268, Train: 0.4685, Val: 0.4602, Test: 0.4818
Run: 01, Epoch: 61, Loss: 1.0260
Run: 01, Epoch: 62, Loss: 1.0244
Run: 01, Epoch: 63, Loss: 1.0229
Run: 01, Epoch: 64, Loss: 1.0244
Run: 01, Epoch: 65, Loss: 1.0252
Run: 01, Epoch: 66, Loss: 1.0245
Run: 01, Epoch: 67, Loss: 1.0239
Run: 01, Epoch: 68, Loss: 1.0227
Run: 01, Epoch: 69, Loss: 1.0229
Run: 01, Epoch: 70, Loss: 1.0233
Run: 01, Epoch: 070, Loss: 1.0233, Train: 0.4690, Val: 0.4612, Test: 0.4820
Run: 01, Epoch: 71, Loss: 1.0234
Run: 01, Epoch: 72, Loss: 1.0238
Run: 01, Epoch: 73, Loss: 1.0228
Run: 01, Epoch: 74, Loss: 1.0239
Run: 01, Epoch: 75, Loss: 1.0260
Run: 01, Epoch: 76, Loss: 1.0225
Run: 01, Epoch: 77, Loss: 1.0238
Run: 01, Epoch: 78, Loss: 1.0223
Run: 01, Epoch: 79, Loss: 1.0229
Run: 01, Epoch: 80, Loss: 1.0230
Run: 01, Epoch: 080, Loss: 1.0230, Train: 0.4796, Val: 0.4680, Test: 0.4869
Run: 01, Epoch: 81, Loss: 1.0235
Run: 01, Epoch: 82, Loss: 1.0244
Run: 01, Epoch: 83, Loss: 1.0216
Run: 01, Epoch: 84, Loss: 1.0231
Run: 01, Epoch: 85, Loss: 1.0224
Run: 01, Epoch: 86, Loss: 1.0213
Run: 01, Epoch: 87, Loss: 1.0226
Run: 01, Epoch: 88, Loss: 1.0224
Run: 01, Epoch: 89, Loss: 1.0227
Run: 01, Epoch: 90, Loss: 1.0223
Run: 01, Epoch: 090, Loss: 1.0223, Train: 0.4790, Val: 0.4719, Test: 0.4870
Run: 01, Epoch: 91, Loss: 1.0219
Run: 01, Epoch: 92, Loss: 1.0231
Run: 01, Epoch: 93, Loss: 1.0220
Run: 01, Epoch: 94, Loss: 1.0228
Run: 01, Epoch: 95, Loss: 1.0217
Run: 01, Epoch: 96, Loss: 1.0217
Run: 01, Epoch: 97, Loss: 1.0201
Run: 01, Epoch: 98, Loss: 1.0192
Run: 01, Epoch: 99, Loss: 1.0210
Run: 01, Epoch: 100, Loss: 1.0198
Run: 01, Epoch: 100, Loss: 1.0198, Train: 0.4747, Val: 0.4623, Test: 0.4868
Run: 01, Epoch: 101, Loss: 1.0203
Run: 01, Epoch: 102, Loss: 1.0204
Run: 01, Epoch: 103, Loss: 1.0210
Run: 01, Epoch: 104, Loss: 1.0213
Run: 01, Epoch: 105, Loss: 1.0228
Run: 01, Epoch: 106, Loss: 1.0207
Run: 01, Epoch: 107, Loss: 1.0205
Run: 01, Epoch: 108, Loss: 1.0218
Run: 01, Epoch: 109, Loss: 1.0216
Run: 01, Epoch: 110, Loss: 1.0204
Run: 01, Epoch: 110, Loss: 1.0204, Train: 0.4757, Val: 0.4591, Test: 0.4805
Run: 01, Epoch: 111, Loss: 1.0207
Run: 01, Epoch: 112, Loss: 1.0199
Run: 01, Epoch: 113, Loss: 1.0211
Run: 01, Epoch: 114, Loss: 1.0206
Run: 01, Epoch: 115, Loss: 1.0212
Run: 01, Epoch: 116, Loss: 1.0215
Run: 01, Epoch: 117, Loss: 1.0204
Run: 01, Epoch: 118, Loss: 1.0205
Run: 01, Epoch: 119, Loss: 1.0205
Run: 01, Epoch: 120, Loss: 1.0189
Run: 01, Epoch: 120, Loss: 1.0189, Train: 0.4812, Val: 0.4677, Test: 0.4936
Run: 01, Epoch: 121, Loss: 1.0197
Run: 01, Epoch: 122, Loss: 1.0204
Run: 01, Epoch: 123, Loss: 1.0194
Run: 01, Epoch: 124, Loss: 1.0198
Run: 01, Epoch: 125, Loss: 1.0188
Run: 01, Epoch: 126, Loss: 1.0203
Run: 01, Epoch: 127, Loss: 1.0187
Run: 01, Epoch: 128, Loss: 1.0198
Run: 01, Epoch: 129, Loss: 1.0207
Run: 01, Epoch: 130, Loss: 1.0195
Run: 01, Epoch: 130, Loss: 1.0195, Train: 0.4838, Val: 0.4689, Test: 0.4948
Run: 01, Epoch: 131, Loss: 1.0183
Run: 01, Epoch: 132, Loss: 1.0205
Run: 01, Epoch: 133, Loss: 1.0195
Run: 01, Epoch: 134, Loss: 1.0194
Run: 01, Epoch: 135, Loss: 1.0191
Run: 01, Epoch: 136, Loss: 1.0190
Run: 01, Epoch: 137, Loss: 1.0200
Run: 01, Epoch: 138, Loss: 1.0205
Run: 01, Epoch: 139, Loss: 1.0194
Run: 01, Epoch: 140, Loss: 1.0202
Run: 01, Epoch: 140, Loss: 1.0202, Train: 0.4829, Val: 0.4737, Test: 0.4908
Run: 01, Epoch: 141, Loss: 1.0205
Run: 01, Epoch: 142, Loss: 1.0180
Run: 01, Epoch: 143, Loss: 1.0205
Run: 01, Epoch: 144, Loss: 1.0206
Run: 01, Epoch: 145, Loss: 1.0199
Run: 01, Epoch: 146, Loss: 1.0201
Run: 01, Epoch: 147, Loss: 1.0194
Run: 01, Epoch: 148, Loss: 1.0193
Run: 01, Epoch: 149, Loss: 1.0188
Run: 01, Epoch: 150, Loss: 1.0188
Run: 01, Epoch: 150, Loss: 1.0188, Train: 0.4796, Val: 0.4711, Test: 0.4948
All runs:
Highest Train: 53.81 ± nan
Highest Valid: 45.35 ± nan
  Final Train: 53.81 ± nan
   Final Test: 45.72 ± nan
