Run: 01, Epoch: 01, Loss: 1.5785
Run: 01, Epoch: 02, Loss: 1.3228
Run: 01, Epoch: 03, Loss: 1.2610
Run: 01, Epoch: 04, Loss: 1.2173
Run: 01, Epoch: 05, Loss: 1.1598
Run: 01, Epoch: 06, Loss: 1.1436
Run: 01, Epoch: 07, Loss: 1.1416
Run: 01, Epoch: 08, Loss: 1.1101
Run: 01, Epoch: 09, Loss: 1.1144
Run: 01, Epoch: 10, Loss: 1.1032
Run: 01, Epoch: 10, Loss: 1.1032, Train: 0.3932, Val: 0.3916, Test: 0.3791
Run: 01, Epoch: 11, Loss: 1.1118
Run: 01, Epoch: 12, Loss: 1.0970
Run: 01, Epoch: 13, Loss: 1.0890
Run: 01, Epoch: 14, Loss: 1.0838
Run: 01, Epoch: 15, Loss: 1.0764
Run: 01, Epoch: 16, Loss: 1.0720
Run: 01, Epoch: 17, Loss: 1.0710
Run: 01, Epoch: 18, Loss: 1.0748
Run: 01, Epoch: 19, Loss: 1.0692
Run: 01, Epoch: 20, Loss: 1.0692
Run: 01, Epoch: 20, Loss: 1.0692, Train: 0.4579, Val: 0.4471, Test: 0.4593
Run: 01, Epoch: 21, Loss: 1.0690
Run: 01, Epoch: 22, Loss: 1.0611
Run: 01, Epoch: 23, Loss: 1.0597
Run: 01, Epoch: 24, Loss: 1.0605
Run: 01, Epoch: 25, Loss: 1.0596
Run: 01, Epoch: 26, Loss: 1.0554
Run: 01, Epoch: 27, Loss: 1.0558
Run: 01, Epoch: 28, Loss: 1.0508
Run: 01, Epoch: 29, Loss: 1.0474
Run: 01, Epoch: 30, Loss: 1.0497
Run: 01, Epoch: 30, Loss: 1.0497, Train: 0.4121, Val: 0.4103, Test: 0.4175
Run: 01, Epoch: 31, Loss: 1.0441
Run: 01, Epoch: 32, Loss: 1.0439
Run: 01, Epoch: 33, Loss: 1.0437
Run: 01, Epoch: 34, Loss: 1.0435
Run: 01, Epoch: 35, Loss: 1.0438
Run: 01, Epoch: 36, Loss: 1.0440
Run: 01, Epoch: 37, Loss: 1.0401
Run: 01, Epoch: 38, Loss: 1.0403
Run: 01, Epoch: 39, Loss: 1.0387
Run: 01, Epoch: 40, Loss: 1.0344
Run: 01, Epoch: 40, Loss: 1.0344, Train: 0.4456, Val: 0.4397, Test: 0.4472
Run: 01, Epoch: 41, Loss: 1.0396
Run: 01, Epoch: 42, Loss: 1.0376
Run: 01, Epoch: 43, Loss: 1.0356
Run: 01, Epoch: 44, Loss: 1.0343
Run: 01, Epoch: 45, Loss: 1.0378
Run: 01, Epoch: 46, Loss: 1.0356
Run: 01, Epoch: 47, Loss: 1.0326
Run: 01, Epoch: 48, Loss: 1.0352
Run: 01, Epoch: 49, Loss: 1.0366
Run: 01, Epoch: 50, Loss: 1.0343
Run: 01, Epoch: 50, Loss: 1.0343, Train: 0.4615, Val: 0.4580, Test: 0.4687
Run: 01, Epoch: 51, Loss: 1.0353
Run: 01, Epoch: 52, Loss: 1.0344
Run: 01, Epoch: 53, Loss: 1.0335
Run: 01, Epoch: 54, Loss: 1.0318
Run: 01, Epoch: 55, Loss: 1.0353
Run: 01, Epoch: 56, Loss: 1.0323
Run: 01, Epoch: 57, Loss: 1.0321
Run: 01, Epoch: 58, Loss: 1.0332
Run: 01, Epoch: 59, Loss: 1.0301
Run: 01, Epoch: 60, Loss: 1.0348
Run: 01, Epoch: 60, Loss: 1.0348, Train: 0.4633, Val: 0.4643, Test: 0.4684
Run: 01, Epoch: 61, Loss: 1.0305
Run: 01, Epoch: 62, Loss: 1.0348
Run: 01, Epoch: 63, Loss: 1.0312
Run: 01, Epoch: 64, Loss: 1.0332
Run: 01, Epoch: 65, Loss: 1.0348
Run: 01, Epoch: 66, Loss: 1.0294
Run: 01, Epoch: 67, Loss: 1.0322
Run: 01, Epoch: 68, Loss: 1.0310
Run: 01, Epoch: 69, Loss: 1.0288
Run: 01, Epoch: 70, Loss: 1.0302
Run: 01, Epoch: 70, Loss: 1.0302, Train: 0.4765, Val: 0.4702, Test: 0.4720
Run: 01, Epoch: 71, Loss: 1.0302
Run: 01, Epoch: 72, Loss: 1.0290
Run: 01, Epoch: 73, Loss: 1.0295
Run: 01, Epoch: 74, Loss: 1.0304
Run: 01, Epoch: 75, Loss: 1.0280
Run: 01, Epoch: 76, Loss: 1.0291
Run: 01, Epoch: 77, Loss: 1.0298
Run: 01, Epoch: 78, Loss: 1.0282
Run: 01, Epoch: 79, Loss: 1.0283
Run: 01, Epoch: 80, Loss: 1.0264
Run: 01, Epoch: 80, Loss: 1.0264, Train: 0.4656, Val: 0.4582, Test: 0.4695
Run: 01, Epoch: 81, Loss: 1.0282
Run: 01, Epoch: 82, Loss: 1.0294
Run: 01, Epoch: 83, Loss: 1.0294
Run: 01, Epoch: 84, Loss: 1.0270
Run: 01, Epoch: 85, Loss: 1.0278
Run: 01, Epoch: 86, Loss: 1.0282
Run: 01, Epoch: 87, Loss: 1.0272
Run: 01, Epoch: 88, Loss: 1.0307
Run: 01, Epoch: 89, Loss: 1.0285
Run: 01, Epoch: 90, Loss: 1.0278
Run: 01, Epoch: 90, Loss: 1.0278, Train: 0.4757, Val: 0.4673, Test: 0.4761
Run: 01, Epoch: 91, Loss: 1.0278
Run: 01, Epoch: 92, Loss: 1.0271
Run: 01, Epoch: 93, Loss: 1.0296
Run: 01, Epoch: 94, Loss: 1.0265
Run: 01, Epoch: 95, Loss: 1.0280
Run: 01, Epoch: 96, Loss: 1.0278
Run: 01, Epoch: 97, Loss: 1.0256
Run: 01, Epoch: 98, Loss: 1.0291
Run: 01, Epoch: 99, Loss: 1.0282
Run: 01, Epoch: 100, Loss: 1.0250
Run: 01, Epoch: 100, Loss: 1.0250, Train: 0.4769, Val: 0.4697, Test: 0.4718
Run: 01, Epoch: 101, Loss: 1.0285
Run: 01, Epoch: 102, Loss: 1.0291
Run: 01, Epoch: 103, Loss: 1.0253
Run: 01, Epoch: 104, Loss: 1.0295
Run: 01, Epoch: 105, Loss: 1.0277
Run: 01, Epoch: 106, Loss: 1.0255
Run: 01, Epoch: 107, Loss: 1.0287
Run: 01, Epoch: 108, Loss: 1.0280
Run: 01, Epoch: 109, Loss: 1.0273
Run: 01, Epoch: 110, Loss: 1.0255
Run: 01, Epoch: 110, Loss: 1.0255, Train: 0.4727, Val: 0.4644, Test: 0.4740
Run: 01, Epoch: 111, Loss: 1.0275
Run: 01, Epoch: 112, Loss: 1.0274
Run: 01, Epoch: 113, Loss: 1.0253
Run: 01, Epoch: 114, Loss: 1.0257
Run: 01, Epoch: 115, Loss: 1.0250
Run: 01, Epoch: 116, Loss: 1.0273
Run: 01, Epoch: 117, Loss: 1.0268
Run: 01, Epoch: 118, Loss: 1.0265
Run: 01, Epoch: 119, Loss: 1.0259
Run: 01, Epoch: 120, Loss: 1.0255
Run: 01, Epoch: 120, Loss: 1.0255, Train: 0.4750, Val: 0.4664, Test: 0.4771
Run: 01, Epoch: 121, Loss: 1.0265
Run: 01, Epoch: 122, Loss: 1.0282
Run: 01, Epoch: 123, Loss: 1.0255
Run: 01, Epoch: 124, Loss: 1.0245
Run: 01, Epoch: 125, Loss: 1.0265
Run: 01, Epoch: 126, Loss: 1.0277
Run: 01, Epoch: 127, Loss: 1.0253
Run: 01, Epoch: 128, Loss: 1.0266
Run: 01, Epoch: 129, Loss: 1.0257
Run: 01, Epoch: 130, Loss: 1.0268
Run: 01, Epoch: 130, Loss: 1.0268, Train: 0.4757, Val: 0.4669, Test: 0.4763
Run: 01, Epoch: 131, Loss: 1.0234
Run: 01, Epoch: 132, Loss: 1.0277
Run: 01, Epoch: 133, Loss: 1.0266
Run: 01, Epoch: 134, Loss: 1.0260
Run: 01, Epoch: 135, Loss: 1.0275
Run: 01, Epoch: 136, Loss: 1.0259
Run: 01, Epoch: 137, Loss: 1.0251
Run: 01, Epoch: 138, Loss: 1.0248
Run: 01, Epoch: 139, Loss: 1.0289
Run: 01, Epoch: 140, Loss: 1.0283
Run: 01, Epoch: 140, Loss: 1.0283, Train: 0.4711, Val: 0.4531, Test: 0.4604
Run: 01, Epoch: 141, Loss: 1.0268
Run: 01, Epoch: 142, Loss: 1.0275
Run: 01, Epoch: 143, Loss: 1.0256
Run: 01, Epoch: 144, Loss: 1.0268
Run: 01, Epoch: 145, Loss: 1.0264
Run: 01, Epoch: 146, Loss: 1.0251
Run: 01, Epoch: 147, Loss: 1.0263
Run: 01, Epoch: 148, Loss: 1.0268
Run: 01, Epoch: 149, Loss: 1.0267
Run: 01, Epoch: 150, Loss: 1.0261
Run: 01, Epoch: 150, Loss: 1.0261, Train: 0.4741, Val: 0.4633, Test: 0.4817
All runs:
Highest Train: 54.99 ± nan
Highest Valid: 44.27 ± nan
  Final Train: 54.99 ± nan
   Final Test: 46.57 ± nan
