Run: 01, Epoch: 01, Loss: 1.3388
Run: 01, Epoch: 02, Loss: 1.4870
Run: 01, Epoch: 03, Loss: 1.2103
Run: 01, Epoch: 04, Loss: 1.1920
Run: 01, Epoch: 05, Loss: 1.1571
Run: 01, Epoch: 06, Loss: 1.1487
Run: 01, Epoch: 07, Loss: 1.1340
Run: 01, Epoch: 08, Loss: 1.1365
Run: 01, Epoch: 09, Loss: 1.1259
Run: 01, Epoch: 10, Loss: 1.1165
Run: 01, Epoch: 10, Loss: 1.1165, Train: 0.3480, Val: 0.3736, Test: 0.3644
Run: 01, Epoch: 11, Loss: 1.1179
Run: 01, Epoch: 12, Loss: 1.1140
Run: 01, Epoch: 13, Loss: 1.1044
Run: 01, Epoch: 14, Loss: 1.0997
Run: 01, Epoch: 15, Loss: 1.1047
Run: 01, Epoch: 16, Loss: 1.1058
Run: 01, Epoch: 17, Loss: 1.0995
Run: 01, Epoch: 18, Loss: 1.0986
Run: 01, Epoch: 19, Loss: 1.0964
Run: 01, Epoch: 20, Loss: 1.0961
Run: 01, Epoch: 20, Loss: 1.0961, Train: 0.3979, Val: 0.4129, Test: 0.4069
Run: 01, Epoch: 21, Loss: 1.0948
Run: 01, Epoch: 22, Loss: 1.0894
Run: 01, Epoch: 23, Loss: 1.0907
Run: 01, Epoch: 24, Loss: 1.0910
Run: 01, Epoch: 25, Loss: 1.0905
Run: 01, Epoch: 26, Loss: 1.0879
Run: 01, Epoch: 27, Loss: 1.0860
Run: 01, Epoch: 28, Loss: 1.0859
Run: 01, Epoch: 29, Loss: 1.0881
Run: 01, Epoch: 30, Loss: 1.0843
Run: 01, Epoch: 30, Loss: 1.0843, Train: 0.3995, Val: 0.4034, Test: 0.4071
Run: 01, Epoch: 31, Loss: 1.0845
Run: 01, Epoch: 32, Loss: 1.0829
Run: 01, Epoch: 33, Loss: 1.0837
Run: 01, Epoch: 34, Loss: 1.0836
Run: 01, Epoch: 35, Loss: 1.0824
Run: 01, Epoch: 36, Loss: 1.0811
Run: 01, Epoch: 37, Loss: 1.0806
Run: 01, Epoch: 38, Loss: 1.0808
Run: 01, Epoch: 39, Loss: 1.0804
Run: 01, Epoch: 40, Loss: 1.0799
Run: 01, Epoch: 40, Loss: 1.0799, Train: 0.3867, Val: 0.3714, Test: 0.3970
Run: 01, Epoch: 41, Loss: 1.0777
Run: 01, Epoch: 42, Loss: 1.0782
Run: 01, Epoch: 43, Loss: 1.0761
Run: 01, Epoch: 44, Loss: 1.0769
Run: 01, Epoch: 45, Loss: 1.0761
Run: 01, Epoch: 46, Loss: 1.0759
Run: 01, Epoch: 47, Loss: 1.0756
Run: 01, Epoch: 48, Loss: 1.0752
Run: 01, Epoch: 49, Loss: 1.0749
Run: 01, Epoch: 50, Loss: 1.0750
Run: 01, Epoch: 50, Loss: 1.0750, Train: 0.3918, Val: 0.3725, Test: 0.4008
Run: 01, Epoch: 51, Loss: 1.0747
Run: 01, Epoch: 52, Loss: 1.0744
Run: 01, Epoch: 53, Loss: 1.0756
Run: 01, Epoch: 54, Loss: 1.0749
Run: 01, Epoch: 55, Loss: 1.0739
Run: 01, Epoch: 56, Loss: 1.0739
Run: 01, Epoch: 57, Loss: 1.0746
Run: 01, Epoch: 58, Loss: 1.0717
Run: 01, Epoch: 59, Loss: 1.0735
Run: 01, Epoch: 60, Loss: 1.0719
Run: 01, Epoch: 60, Loss: 1.0719, Train: 0.3810, Val: 0.3672, Test: 0.3973
Run: 01, Epoch: 61, Loss: 1.0724
Run: 01, Epoch: 62, Loss: 1.0715
Run: 01, Epoch: 63, Loss: 1.0714
Run: 01, Epoch: 64, Loss: 1.0715
Run: 01, Epoch: 65, Loss: 1.0711
Run: 01, Epoch: 66, Loss: 1.0701
Run: 01, Epoch: 67, Loss: 1.0701
Run: 01, Epoch: 68, Loss: 1.0705
Run: 01, Epoch: 69, Loss: 1.0723
Run: 01, Epoch: 70, Loss: 1.0698
Run: 01, Epoch: 70, Loss: 1.0698, Train: 0.4041, Val: 0.4104, Test: 0.4116
Run: 01, Epoch: 71, Loss: 1.0705
Run: 01, Epoch: 72, Loss: 1.0693
Run: 01, Epoch: 73, Loss: 1.0694
Run: 01, Epoch: 74, Loss: 1.0696
Run: 01, Epoch: 75, Loss: 1.0718
Run: 01, Epoch: 76, Loss: 1.0696
Run: 01, Epoch: 77, Loss: 1.0693
Run: 01, Epoch: 78, Loss: 1.0689
Run: 01, Epoch: 79, Loss: 1.0703
Run: 01, Epoch: 80, Loss: 1.0693
Run: 01, Epoch: 80, Loss: 1.0693, Train: 0.4071, Val: 0.4174, Test: 0.4174
Run: 01, Epoch: 81, Loss: 1.0689
Run: 01, Epoch: 82, Loss: 1.0685
Run: 01, Epoch: 83, Loss: 1.0704
Run: 01, Epoch: 84, Loss: 1.0683
Run: 01, Epoch: 85, Loss: 1.0695
Run: 01, Epoch: 86, Loss: 1.0695
Run: 01, Epoch: 87, Loss: 1.0699
Run: 01, Epoch: 88, Loss: 1.0694
Run: 01, Epoch: 89, Loss: 1.0693
Run: 01, Epoch: 90, Loss: 1.0684
Run: 01, Epoch: 90, Loss: 1.0684, Train: 0.4081, Val: 0.4090, Test: 0.4171
Run: 01, Epoch: 91, Loss: 1.0670
Run: 01, Epoch: 92, Loss: 1.0677
Run: 01, Epoch: 93, Loss: 1.0679
Run: 01, Epoch: 94, Loss: 1.0678
Run: 01, Epoch: 95, Loss: 1.0694
Run: 01, Epoch: 96, Loss: 1.0666
Run: 01, Epoch: 97, Loss: 1.0694
Run: 01, Epoch: 98, Loss: 1.0679
Run: 01, Epoch: 99, Loss: 1.0677
Run: 01, Epoch: 100, Loss: 1.0679
Run: 01, Epoch: 100, Loss: 1.0679, Train: 0.4095, Val: 0.4129, Test: 0.4188
Run: 01, Epoch: 101, Loss: 1.0675
Run: 01, Epoch: 102, Loss: 1.0663
Run: 01, Epoch: 103, Loss: 1.0689
Run: 01, Epoch: 104, Loss: 1.0676
Run: 01, Epoch: 105, Loss: 1.0675
Run: 01, Epoch: 106, Loss: 1.0685
Run: 01, Epoch: 107, Loss: 1.0687
Run: 01, Epoch: 108, Loss: 1.0671
Run: 01, Epoch: 109, Loss: 1.0678
Run: 01, Epoch: 110, Loss: 1.0676
Run: 01, Epoch: 110, Loss: 1.0676, Train: 0.4087, Val: 0.4139, Test: 0.4173
Run: 01, Epoch: 111, Loss: 1.0660
Run: 01, Epoch: 112, Loss: 1.0691
Run: 01, Epoch: 113, Loss: 1.0688
Run: 01, Epoch: 114, Loss: 1.0674
Run: 01, Epoch: 115, Loss: 1.0662
Run: 01, Epoch: 116, Loss: 1.0671
Run: 01, Epoch: 117, Loss: 1.0672
Run: 01, Epoch: 118, Loss: 1.0704
Run: 01, Epoch: 119, Loss: 1.0656
Run: 01, Epoch: 120, Loss: 1.0669
Run: 01, Epoch: 120, Loss: 1.0669, Train: 0.4115, Val: 0.4276, Test: 0.4214
Run: 01, Epoch: 121, Loss: 1.0671
Run: 01, Epoch: 122, Loss: 1.0667
Run: 01, Epoch: 123, Loss: 1.0670
Run: 01, Epoch: 124, Loss: 1.0665
Run: 01, Epoch: 125, Loss: 1.0653
Run: 01, Epoch: 126, Loss: 1.0664
Run: 01, Epoch: 127, Loss: 1.0662
Run: 01, Epoch: 128, Loss: 1.0669
Run: 01, Epoch: 129, Loss: 1.0665
Run: 01, Epoch: 130, Loss: 1.0662
Run: 01, Epoch: 130, Loss: 1.0662, Train: 0.4103, Val: 0.4176, Test: 0.4255
Run: 01, Epoch: 131, Loss: 1.0660
Run: 01, Epoch: 132, Loss: 1.0658
Run: 01, Epoch: 133, Loss: 1.0658
Run: 01, Epoch: 134, Loss: 1.0671
Run: 01, Epoch: 135, Loss: 1.0670
Run: 01, Epoch: 136, Loss: 1.0666
Run: 01, Epoch: 137, Loss: 1.0655
Run: 01, Epoch: 138, Loss: 1.0659
Run: 01, Epoch: 139, Loss: 1.0665
Run: 01, Epoch: 140, Loss: 1.0667
Run: 01, Epoch: 140, Loss: 1.0667, Train: 0.4127, Val: 0.4243, Test: 0.4200
Run: 01, Epoch: 141, Loss: 1.0663
Run: 01, Epoch: 142, Loss: 1.0670
Run: 01, Epoch: 143, Loss: 1.0660
Run: 01, Epoch: 144, Loss: 1.0670
Run: 01, Epoch: 145, Loss: 1.0652
Run: 01, Epoch: 146, Loss: 1.0656
Run: 01, Epoch: 147, Loss: 1.0653
Run: 01, Epoch: 148, Loss: 1.0665
Run: 01, Epoch: 149, Loss: 1.0665
Run: 01, Epoch: 150, Loss: 1.0654
Run: 01, Epoch: 150, Loss: 1.0654, Train: 0.4117, Val: 0.4152, Test: 0.4187
All runs:
Highest Train: 56.43 ± nan
Highest Valid: 47.54 ± nan
  Final Train: 56.43 ± nan
   Final Test: 48.00 ± nan
